<testsuites id="" name="" tests="201" failures="192" skipped="0" errors="0" time="90.23216699999999">
<testsuite name="auth-security.spec.ts" timestamp="2025-07-30T06:44:37.434Z" hostname="chromium" tests="9" failures="6" skipped="0" time="61.301" errors="0">
<testcase name="Authentication Security Tests › Happy Path - Valid Authentication › should successfully register and login with valid credentials" classname="auth-security.spec.ts" time="6.094">
<failure message="auth-security.spec.ts:10:9 should successfully register and login with valid credentials" type="FAILURE">
<![CDATA[  [chromium] › auth-security.spec.ts:10:9 › Authentication Security Tests › Happy Path - Valid Authentication › should successfully register and login with valid credentials 

    Error: Timed out 5000ms waiting for expect(locator).toBeVisible()

    Locator: getByText('Welcome back, testuser1753857878445')
    Expected: visible
    Received: <element(s) not found>
    Call log:
      - Expect "toBeVisible" with timeout 5000ms
      - waiting for getByText('Welcome back, testuser1753857878445')


      21 |
      22 |       // Should be logged in automatically after registration
    > 23 |       await expect(page.getByText(`Welcome back, ${username}`)).toBeVisible();
         |                                                                 ^
      24 |       await expect(page.getByRole('button', { name: 'Logout' })).toBeVisible();
      25 |
      26 |       // Logout
        at /Users/rshirts/repos/robpass/tests/auth-security.spec.ts:23:65

    attachment #1: screenshot (image/png) ──────────────────────────────────────────────────────────
    ../test-results/auth-security-Authenticati-8cfd9-ogin-with-valid-credentials-chromium/test-failed-1.png
    ────────────────────────────────────────────────────────────────────────────────────────────────

    attachment #2: video (video/webm) ──────────────────────────────────────────────────────────────
    ../test-results/auth-security-Authenticati-8cfd9-ogin-with-valid-credentials-chromium/video.webm
    ────────────────────────────────────────────────────────────────────────────────────────────────

    Error Context: ../test-results/auth-security-Authenticati-8cfd9-ogin-with-valid-credentials-chromium/error-context.md
]]>
</failure>
<system-err>
<![CDATA[
Warning: attachment auth-security-Authenticati-8cfd9-ogin-with-valid-credentials-chromium/test-failed-1.png is missing
Warning: attachment auth-security-Authenticati-8cfd9-ogin-with-valid-credentials-chromium/video.webm is missing
Warning: attachment auth-security-Authenticati-8cfd9-ogin-with-valid-credentials-chromium/error-context.md is missing]]>
</system-err>
</testcase>
<testcase name="Authentication Security Tests › Happy Path - Valid Authentication › should successfully create and decrypt vault items" classname="auth-security.spec.ts" time="6.11">
<failure message="auth-security.spec.ts:39:9 should successfully create and decrypt vault items" type="FAILURE">
<![CDATA[  [chromium] › auth-security.spec.ts:39:9 › Authentication Security Tests › Happy Path - Valid Authentication › should successfully create and decrypt vault items 

    Error: Timed out 5000ms waiting for expect(locator).toBeVisible()

    Locator: getByText('Password Vault')
    Expected: visible
    Received: <element(s) not found>
    Call log:
      - Expect "toBeVisible" with timeout 5000ms
      - waiting for getByText('Password Vault')


      50 |
      51 |       // Wait for vault to load
    > 52 |       await expect(page.getByText('Password Vault')).toBeVisible();
         |                                                      ^
      53 |
      54 |       // Add a password
      55 |       await page.getByRole('button', { name: 'Add Your First Password' }).click();
        at /Users/rshirts/repos/robpass/tests/auth-security.spec.ts:52:54

    attachment #1: screenshot (image/png) ──────────────────────────────────────────────────────────
    ../test-results/auth-security-Authenticati-3b45b-ate-and-decrypt-vault-items-chromium/test-failed-1.png
    ────────────────────────────────────────────────────────────────────────────────────────────────

    attachment #2: video (video/webm) ──────────────────────────────────────────────────────────────
    ../test-results/auth-security-Authenticati-3b45b-ate-and-decrypt-vault-items-chromium/video.webm
    ────────────────────────────────────────────────────────────────────────────────────────────────

    Error Context: ../test-results/auth-security-Authenticati-3b45b-ate-and-decrypt-vault-items-chromium/error-context.md
]]>
</failure>
<system-err>
<![CDATA[
Warning: attachment auth-security-Authenticati-3b45b-ate-and-decrypt-vault-items-chromium/test-failed-1.png is missing
Warning: attachment auth-security-Authenticati-3b45b-ate-and-decrypt-vault-items-chromium/video.webm is missing
Warning: attachment auth-security-Authenticati-3b45b-ate-and-decrypt-vault-items-chromium/error-context.md is missing]]>
</system-err>
</testcase>
<testcase name="Authentication Security Tests › Unhappy Path - Invalid Authentication › should reject registration with weak password" classname="auth-security.spec.ts" time="0.873">
</testcase>
<testcase name="Authentication Security Tests › Unhappy Path - Invalid Authentication › should reject registration with mismatched passwords" classname="auth-security.spec.ts" time="0.92">
</testcase>
<testcase name="Authentication Security Tests › Unhappy Path - Invalid Authentication › should reject login with wrong password" classname="auth-security.spec.ts" time="30.214">
<failure message="auth-security.spec.ts:98:9 should reject login with wrong password" type="FAILURE">
<![CDATA[  [chromium] › auth-security.spec.ts:98:9 › Authentication Security Tests › Unhappy Path - Invalid Authentication › should reject login with wrong password 

    Test timeout of 30000ms exceeded.

    Error: locator.click: Test timeout of 30000ms exceeded.
    Call log:
      - waiting for getByRole('button', { name: 'Logout' })


      110 |
      111 |       // Logout
    > 112 |       await page.getByRole('button', { name: 'Logout' }).click();
          |                                                          ^
      113 |
      114 |       // Try to login with wrong password
      115 |       await page.getByRole('textbox', { name: 'Username' }).fill(username);
        at /Users/rshirts/repos/robpass/tests/auth-security.spec.ts:112:58

    attachment #1: screenshot (image/png) ──────────────────────────────────────────────────────────
    ../test-results/auth-security-Authenticati-0e9e4-t-login-with-wrong-password-chromium/test-failed-1.png
    ────────────────────────────────────────────────────────────────────────────────────────────────

    attachment #2: video (video/webm) ──────────────────────────────────────────────────────────────
    ../test-results/auth-security-Authenticati-0e9e4-t-login-with-wrong-password-chromium/video.webm
    ────────────────────────────────────────────────────────────────────────────────────────────────

    Error Context: ../test-results/auth-security-Authenticati-0e9e4-t-login-with-wrong-password-chromium/error-context.md
]]>
</failure>
<system-err>
<![CDATA[
Warning: attachment auth-security-Authenticati-0e9e4-t-login-with-wrong-password-chromium/test-failed-1.png is missing
Warning: attachment auth-security-Authenticati-0e9e4-t-login-with-wrong-password-chromium/video.webm is missing
Warning: attachment auth-security-Authenticati-0e9e4-t-login-with-wrong-password-chromium/error-context.md is missing]]>
</system-err>
</testcase>
<testcase name="Authentication Security Tests › Unhappy Path - Invalid Authentication › should reject login with non-existent user" classname="auth-security.spec.ts" time="0.538">
</testcase>
<testcase name="Authentication Security Tests › Unhappy Path - Invalid Authentication › should reject duplicate username registration" classname="auth-security.spec.ts" time="5.515">
<failure message="auth-security.spec.ts:135:9 should reject duplicate username registration" type="FAILURE">
<![CDATA[  [chromium] › auth-security.spec.ts:135:9 › Authentication Security Tests › Unhappy Path - Invalid Authentication › should reject duplicate username registration 

    Error: Timed out 5000ms waiting for expect(locator).toBeVisible()

    Locator: getByText('Welcome back, duplicateuser1753857879093')
    Expected: visible
    Received: <element(s) not found>
    Call log:
      - Expect "toBeVisible" with timeout 5000ms
      - waiting for getByText('Welcome back, duplicateuser1753857879093')


      146 |
      147 |       // Should be logged in
    > 148 |       await expect(page.getByText(`Welcome back, ${username}`)).toBeVisible();
          |                                                                 ^
      149 |
      150 |       // Logout
      151 |       await page.getByRole('button', { name: 'Logout' }).click();
        at /Users/rshirts/repos/robpass/tests/auth-security.spec.ts:148:65

    attachment #1: screenshot (image/png) ──────────────────────────────────────────────────────────
    ../test-results/auth-security-Authenticati-8ea92-icate-username-registration-chromium/test-failed-1.png
    ────────────────────────────────────────────────────────────────────────────────────────────────

    attachment #2: video (video/webm) ──────────────────────────────────────────────────────────────
    ../test-results/auth-security-Authenticati-8ea92-icate-username-registration-chromium/video.webm
    ────────────────────────────────────────────────────────────────────────────────────────────────

    Error Context: ../test-results/auth-security-Authenticati-8ea92-icate-username-registration-chromium/error-context.md
]]>
</failure>
<system-err>
<![CDATA[
Warning: attachment auth-security-Authenticati-8ea92-icate-username-registration-chromium/test-failed-1.png is missing
Warning: attachment auth-security-Authenticati-8ea92-icate-username-registration-chromium/video.webm is missing
Warning: attachment auth-security-Authenticati-8ea92-icate-username-registration-chromium/error-context.md is missing]]>
</system-err>
</testcase>
<testcase name="Authentication Security Tests › Session Security › should maintain session after page refresh" classname="auth-security.spec.ts" time="5.399">
<failure message="auth-security.spec.ts:165:9 should maintain session after page refresh" type="FAILURE">
<![CDATA[  [chromium] › auth-security.spec.ts:165:9 › Authentication Security Tests › Session Security › should maintain session after page refresh 

    Error: Timed out 5000ms waiting for expect(locator).toBeVisible()

    Locator: getByText('Welcome back, sessionuser1753857879471')
    Expected: visible
    Received: <element(s) not found>
    Call log:
      - Expect "toBeVisible" with timeout 5000ms
      - waiting for getByText('Welcome back, sessionuser1753857879471')


      176 |
      177 |       // Should be logged in
    > 178 |       await expect(page.getByText(`Welcome back, ${username}`)).toBeVisible();
          |                                                                 ^
      179 |
      180 |       // Refresh page
      181 |       await page.reload();
        at /Users/rshirts/repos/robpass/tests/auth-security.spec.ts:178:65

    attachment #1: screenshot (image/png) ──────────────────────────────────────────────────────────
    ../test-results/auth-security-Authenticati-61eb0--session-after-page-refresh-chromium/test-failed-1.png
    ────────────────────────────────────────────────────────────────────────────────────────────────

    attachment #2: video (video/webm) ──────────────────────────────────────────────────────────────
    ../test-results/auth-security-Authenticati-61eb0--session-after-page-refresh-chromium/video.webm
    ────────────────────────────────────────────────────────────────────────────────────────────────

    Error Context: ../test-results/auth-security-Authenticati-61eb0--session-after-page-refresh-chromium/error-context.md
]]>
</failure>
<system-err>
<![CDATA[
Warning: attachment auth-security-Authenticati-61eb0--session-after-page-refresh-chromium/test-failed-1.png is missing
Warning: attachment auth-security-Authenticati-61eb0--session-after-page-refresh-chromium/video.webm is missing
Warning: attachment auth-security-Authenticati-61eb0--session-after-page-refresh-chromium/error-context.md is missing]]>
</system-err>
</testcase>
<testcase name="Authentication Security Tests › Session Security › should clear session on logout" classname="auth-security.spec.ts" time="5.638">
<failure message="auth-security.spec.ts:187:9 should clear session on logout" type="FAILURE">
<![CDATA[  [chromium] › auth-security.spec.ts:187:9 › Authentication Security Tests › Session Security › should clear session on logout 

    Error: Timed out 5000ms waiting for expect(locator).toBeVisible()

    Locator: getByText('Welcome back, logoutuser1753857884698')
    Expected: visible
    Received: <element(s) not found>
    Call log:
      - Expect "toBeVisible" with timeout 5000ms
      - waiting for getByText('Welcome back, logoutuser1753857884698')


      198 |
      199 |       // Should be logged in
    > 200 |       await expect(page.getByText(`Welcome back, ${username}`)).toBeVisible();
          |                                                                 ^
      201 |
      202 |       // Logout
      203 |       await page.getByRole('button', { name: 'Logout' }).click();
        at /Users/rshirts/repos/robpass/tests/auth-security.spec.ts:200:65

    attachment #1: screenshot (image/png) ──────────────────────────────────────────────────────────
    ../test-results/auth-security-Authenticati-22cfe-uld-clear-session-on-logout-chromium/test-failed-1.png
    ────────────────────────────────────────────────────────────────────────────────────────────────

    attachment #2: video (video/webm) ──────────────────────────────────────────────────────────────
    ../test-results/auth-security-Authenticati-22cfe-uld-clear-session-on-logout-chromium/video.webm
    ────────────────────────────────────────────────────────────────────────────────────────────────

    Error Context: ../test-results/auth-security-Authenticati-22cfe-uld-clear-session-on-logout-chromium/error-context.md
]]>
</failure>
<system-err>
<![CDATA[
Warning: attachment auth-security-Authenticati-22cfe-uld-clear-session-on-logout-chromium/test-failed-1.png is missing
Warning: attachment auth-security-Authenticati-22cfe-uld-clear-session-on-logout-chromium/video.webm is missing
Warning: attachment auth-security-Authenticati-22cfe-uld-clear-session-on-logout-chromium/error-context.md is missing]]>
</system-err>
</testcase>
</testsuite>
<testsuite name="auth.spec.ts" timestamp="2025-07-30T06:44:37.434Z" hostname="chromium" tests="9" failures="6" skipped="0" time="54.799" errors="0">
<testcase name="Authentication Flow › should display the main page with authentication forms" classname="auth.spec.ts" time="0.385">
<failure message="auth.spec.ts:8:7 should display the main page with authentication forms" type="FAILURE">
<![CDATA[  [chromium] › auth.spec.ts:8:7 › Authentication Flow › should display the main page with authentication forms 

    Error: expect.toBeVisible: Error: strict mode violation: getByRole('button', { name: 'Sign In' }) resolved to 2 elements:
        1) <button class="flex-1 py-2 px-4 rounded-md font-medium transition-colors bg-white dark:bg-gray-800 text-gray-900 dark:text-white shadow-sm">Sign In</button> aka getByRole('button', { name: 'Sign In' }).first()
        2) <button type="submit" class="w-full py-2 px-4 rounded-md font-medium focus:outline-none focus:ring-2 focus:ring-blue-500 focus:ring-offset-2 bg-blue-600 hover:bg-blue-700 text-white">Sign In</button> aka locator('form').getByRole('button', { name: 'Sign In' })

    Call log:
      - Expect "toBeVisible" with timeout 5000ms
      - waiting for getByRole('button', { name: 'Sign In' })


      14 |     
      15 |     // Check that auth mode toggle buttons are visible
    > 16 |     await expect(page.getByRole('button', { name: 'Sign In' })).toBeVisible();
         |                                                                 ^
      17 |     await expect(page.getByRole('button', { name: 'Create Account' })).toBeVisible();
      18 |     
      19 |     // Check that login form is displayed by default
        at /Users/rshirts/repos/robpass/tests/auth.spec.ts:16:65

    attachment #1: screenshot (image/png) ──────────────────────────────────────────────────────────
    ../test-results/auth-Authentication-Flow-s-e0a9d-e-with-authentication-forms-chromium/test-failed-1.png
    ────────────────────────────────────────────────────────────────────────────────────────────────

    attachment #2: video (video/webm) ──────────────────────────────────────────────────────────────
    ../test-results/auth-Authentication-Flow-s-e0a9d-e-with-authentication-forms-chromium/video.webm
    ────────────────────────────────────────────────────────────────────────────────────────────────

    Error Context: ../test-results/auth-Authentication-Flow-s-e0a9d-e-with-authentication-forms-chromium/error-context.md
]]>
</failure>
<system-err>
<![CDATA[
Warning: attachment auth-Authentication-Flow-s-e0a9d-e-with-authentication-forms-chromium/test-failed-1.png is missing
Warning: attachment auth-Authentication-Flow-s-e0a9d-e-with-authentication-forms-chromium/video.webm is missing
Warning: attachment auth-Authentication-Flow-s-e0a9d-e-with-authentication-forms-chromium/error-context.md is missing]]>
</system-err>
</testcase>
<testcase name="Authentication Flow › should switch between login and registration forms" classname="auth.spec.ts" time="0.457">
</testcase>
<testcase name="Authentication Flow › should successfully register a new user" classname="auth.spec.ts" time="5.497">
<failure message="auth.spec.ts:42:7 should successfully register a new user" type="FAILURE">
<![CDATA[  [chromium] › auth.spec.ts:42:7 › Authentication Flow › should successfully register a new user ───

    Error: Timed out 5000ms waiting for expect(locator).toBeVisible()

    Locator: getByText('Welcome back, testuser1753857885586!')
    Expected: visible
    Received: <element(s) not found>
    Call log:
      - Expect "toBeVisible" with timeout 5000ms
      - waiting for getByText('Welcome back, testuser1753857885586!')


      61 |     // Should redirect to authenticated state
      62 |     await expect(page.getByRole('heading', { name: '🔐 RobPass' })).toBeVisible();
    > 63 |     await expect(page.getByText(`Welcome back, ${username}!`)).toBeVisible();
         |                                                                ^
      64 |     await expect(page.getByRole('button', { name: 'Logout' })).toBeVisible();
      65 |     
      66 |     // Should show secure session status
        at /Users/rshirts/repos/robpass/tests/auth.spec.ts:63:64

    attachment #1: screenshot (image/png) ──────────────────────────────────────────────────────────
    ../test-results/auth-Authentication-Flow-s-5cca8-ssfully-register-a-new-user-chromium/test-failed-1.png
    ────────────────────────────────────────────────────────────────────────────────────────────────

    attachment #2: video (video/webm) ──────────────────────────────────────────────────────────────
    ../test-results/auth-Authentication-Flow-s-5cca8-ssfully-register-a-new-user-chromium/video.webm
    ────────────────────────────────────────────────────────────────────────────────────────────────

    Error Context: ../test-results/auth-Authentication-Flow-s-5cca8-ssfully-register-a-new-user-chromium/error-context.md
]]>
</failure>
<system-err>
<![CDATA[
Warning: attachment auth-Authentication-Flow-s-5cca8-ssfully-register-a-new-user-chromium/test-failed-1.png is missing
Warning: attachment auth-Authentication-Flow-s-5cca8-ssfully-register-a-new-user-chromium/video.webm is missing
Warning: attachment auth-Authentication-Flow-s-5cca8-ssfully-register-a-new-user-chromium/error-context.md is missing]]>
</system-err>
</testcase>
<testcase name="Authentication Flow › should validate registration form inputs" classname="auth.spec.ts" time="0.683">
</testcase>
<testcase name="Authentication Flow › should successfully login with existing user" classname="auth.spec.ts" time="5.475">
<failure message="auth.spec.ts:103:7 should successfully login with existing user" type="FAILURE">
<![CDATA[  [chromium] › auth.spec.ts:103:7 › Authentication Flow › should successfully login with existing user 

    Error: Timed out 5000ms waiting for expect(locator).toBeVisible()

    Locator: getByText('Welcome back, logintest1753857885700!')
    Expected: visible
    Received: <element(s) not found>
    Call log:
      - Expect "toBeVisible" with timeout 5000ms
      - waiting for getByText('Welcome back, logintest1753857885700!')


      115 |     
      116 |     // Wait for registration to complete
    > 117 |     await expect(page.getByText(`Welcome back, ${username}!`)).toBeVisible();
          |                                                                ^
      118 |     
      119 |     // Logout
      120 |     await page.getByRole('button', { name: 'Logout' }).click();
        at /Users/rshirts/repos/robpass/tests/auth.spec.ts:117:64

    attachment #1: screenshot (image/png) ──────────────────────────────────────────────────────────
    ../test-results/auth-Authentication-Flow-s-4280b-ly-login-with-existing-user-chromium/test-failed-1.png
    ────────────────────────────────────────────────────────────────────────────────────────────────

    attachment #2: video (video/webm) ──────────────────────────────────────────────────────────────
    ../test-results/auth-Authentication-Flow-s-4280b-ly-login-with-existing-user-chromium/video.webm
    ────────────────────────────────────────────────────────────────────────────────────────────────

    Error Context: ../test-results/auth-Authentication-Flow-s-4280b-ly-login-with-existing-user-chromium/error-context.md
]]>
</failure>
<system-err>
<![CDATA[
Warning: attachment auth-Authentication-Flow-s-4280b-ly-login-with-existing-user-chromium/test-failed-1.png is missing
Warning: attachment auth-Authentication-Flow-s-4280b-ly-login-with-existing-user-chromium/video.webm is missing
Warning: attachment auth-Authentication-Flow-s-4280b-ly-login-with-existing-user-chromium/error-context.md is missing]]>
</system-err>
</testcase>
<testcase name="Authentication Flow › should handle login with invalid credentials" classname="auth.spec.ts" time="5.366">
<failure message="auth.spec.ts:138:7 should handle login with invalid credentials" type="FAILURE">
<![CDATA[  [chromium] › auth.spec.ts:138:7 › Authentication Flow › should handle login with invalid credentials 

    Error: Timed out 5000ms waiting for expect(locator).toBeVisible()

    Locator: getByText('Failed to get user information')
    Expected: visible
    Received: <element(s) not found>
    Call log:
      - Expect "toBeVisible" with timeout 5000ms
      - waiting for getByText('Failed to get user information')


      143 |     
      144 |     // Should show error message
    > 145 |     await expect(page.getByText('Failed to get user information')).toBeVisible();
          |                                                                    ^
      146 |   });
      147 |
      148 |   test('should successfully logout and clear session', async ({ page }) => {
        at /Users/rshirts/repos/robpass/tests/auth.spec.ts:145:68

    attachment #1: screenshot (image/png) ──────────────────────────────────────────────────────────
    ../test-results/auth-Authentication-Flow-s-ab232-in-with-invalid-credentials-chromium/test-failed-1.png
    ────────────────────────────────────────────────────────────────────────────────────────────────

    attachment #2: video (video/webm) ──────────────────────────────────────────────────────────────
    ../test-results/auth-Authentication-Flow-s-ab232-in-with-invalid-credentials-chromium/video.webm
    ────────────────────────────────────────────────────────────────────────────────────────────────

    Error Context: ../test-results/auth-Authentication-Flow-s-ab232-in-with-invalid-credentials-chromium/error-context.md
]]>
</failure>
<system-err>
<![CDATA[
Warning: attachment auth-Authentication-Flow-s-ab232-in-with-invalid-credentials-chromium/test-failed-1.png is missing
Warning: attachment auth-Authentication-Flow-s-ab232-in-with-invalid-credentials-chromium/video.webm is missing
Warning: attachment auth-Authentication-Flow-s-ab232-in-with-invalid-credentials-chromium/error-context.md is missing]]>
</system-err>
</testcase>
<testcase name="Authentication Flow › should successfully logout and clear session" classname="auth.spec.ts" time="5.598">
<failure message="auth.spec.ts:148:7 should successfully logout and clear session" type="FAILURE">
<![CDATA[  [chromium] › auth.spec.ts:148:7 › Authentication Flow › should successfully logout and clear session 

    Error: Timed out 5000ms waiting for expect(locator).toBeVisible()

    Locator: getByText('Welcome back, logouttest1753857890802!')
    Expected: visible
    Received: <element(s) not found>
    Call log:
      - Expect "toBeVisible" with timeout 5000ms
      - waiting for getByText('Welcome back, logouttest1753857890802!')


      160 |     
      161 |     // Wait for login to complete
    > 162 |     await expect(page.getByText(`Welcome back, ${username}!`)).toBeVisible();
          |                                                                ^
      163 |     
      164 |     // Logout
      165 |     await page.getByRole('button', { name: 'Logout' }).click();
        at /Users/rshirts/repos/robpass/tests/auth.spec.ts:162:64

    attachment #1: screenshot (image/png) ──────────────────────────────────────────────────────────
    ../test-results/auth-Authentication-Flow-s-68fae-ly-logout-and-clear-session-chromium/test-failed-1.png
    ────────────────────────────────────────────────────────────────────────────────────────────────

    attachment #2: video (video/webm) ──────────────────────────────────────────────────────────────
    ../test-results/auth-Authentication-Flow-s-68fae-ly-logout-and-clear-session-chromium/video.webm
    ────────────────────────────────────────────────────────────────────────────────────────────────

    Error Context: ../test-results/auth-Authentication-Flow-s-68fae-ly-logout-and-clear-session-chromium/error-context.md
]]>
</failure>
<system-err>
<![CDATA[
Warning: attachment auth-Authentication-Flow-s-68fae-ly-logout-and-clear-session-chromium/test-failed-1.png is missing
Warning: attachment auth-Authentication-Flow-s-68fae-ly-logout-and-clear-session-chromium/video.webm is missing
Warning: attachment auth-Authentication-Flow-s-68fae-ly-logout-and-clear-session-chromium/error-context.md is missing]]>
</system-err>
</testcase>
<testcase name="Authentication Flow › should show password visibility toggle" classname="auth.spec.ts" time="30.833">
<failure message="auth.spec.ts:177:7 should show password visibility toggle" type="FAILURE">
<![CDATA[  [chromium] › auth.spec.ts:177:7 › Authentication Flow › should show password visibility toggle ───

    Test timeout of 30000ms exceeded.

    Error: locator.click: Test timeout of 30000ms exceeded.
    Call log:
      - waiting for getByRole('button', { name: '👁️' })


      188 |     
      189 |     // Click toggle to hide password again
    > 190 |     await toggleButton.click();
          |                        ^
      191 |     await expect(passwordInput).toHaveAttribute('type', 'password');
      192 |   });
      193 |
        at /Users/rshirts/repos/robpass/tests/auth.spec.ts:190:24

    attachment #1: screenshot (image/png) ──────────────────────────────────────────────────────────
    ../test-results/auth-Authentication-Flow-s-b7df5--password-visibility-toggle-chromium/test-failed-1.png
    ────────────────────────────────────────────────────────────────────────────────────────────────

    attachment #2: video (video/webm) ──────────────────────────────────────────────────────────────
    ../test-results/auth-Authentication-Flow-s-b7df5--password-visibility-toggle-chromium/video.webm
    ────────────────────────────────────────────────────────────────────────────────────────────────

    Error Context: ../test-results/auth-Authentication-Flow-s-b7df5--password-visibility-toggle-chromium/error-context.md
]]>
</failure>
<system-err>
<![CDATA[
Warning: attachment auth-Authentication-Flow-s-b7df5--password-visibility-toggle-chromium/test-failed-1.png is missing
Warning: attachment auth-Authentication-Flow-s-b7df5--password-visibility-toggle-chromium/video.webm is missing
Warning: attachment auth-Authentication-Flow-s-b7df5--password-visibility-toggle-chromium/error-context.md is missing]]>
</system-err>
</testcase>
<testcase name="Authentication Flow › should display security notices" classname="auth.spec.ts" time="0.505">
</testcase>
</testsuite>
<testsuite name="crypto/crypto-operations.spec.ts" timestamp="2025-07-30T06:44:37.434Z" hostname="chromium" tests="16" failures="13" skipped="0" time="33.927" errors="0">
<testcase name="Cryptographic Operations › Web Crypto API Availability › should have Web Crypto API available" classname="crypto/crypto-operations.spec.ts" time="0.334">
</testcase>
<testcase name="Cryptographic Operations › Web Crypto API Availability › should generate secure random values" classname="crypto/crypto-operations.spec.ts" time="0.301">
</testcase>
<testcase name="Cryptographic Operations › Web Crypto API Availability › should operate in secure context" classname="crypto/crypto-operations.spec.ts" time="0.292">
</testcase>
<testcase name="Cryptographic Operations › Password Generation › should generate secure passwords" classname="crypto/crypto-operations.spec.ts" time="10.521">
<failure message="crypto-operations.spec.ts:51:9 should generate secure passwords" type="FAILURE">
<![CDATA[  [chromium] › crypto/crypto-operations.spec.ts:51:9 › Cryptographic Operations › Password Generation › should generate secure passwords 

    Error: Timed out 10000ms waiting for expect(locator).toBeVisible()

    Locator: locator('text=Welcome back, testuser_1753857892552')
    Expected: visible
    Received: <element(s) not found>
    Call log:
      - Expect "toBeVisible" with timeout 10000ms
      - waiting for locator('text=Welcome back, testuser_1753857892552')


       at utils/playwright-helpers.ts:88

      86 |
      87 |     // Wait for successful registration and automatic login
    > 88 |     await expect(this.page.locator(`text=Welcome back, ${user.username}`)).toBeVisible({ timeout: 10000 })
         |                                                                            ^
      89 |   }
      90 |
      91 |   async login(user: TestUser): Promise<void> {
        at AuthHelpers.register (/Users/rshirts/repos/robpass/tests/utils/playwright-helpers.ts:88:76)
        at /Users/rshirts/repos/robpass/tests/crypto/crypto-operations.spec.ts:56:7

    attachment #1: screenshot (image/png) ──────────────────────────────────────────────────────────
    ../test-results/crypto-crypto-operations-C-8017b-d-generate-secure-passwords-chromium/test-failed-1.png
    ────────────────────────────────────────────────────────────────────────────────────────────────

    attachment #2: video (video/webm) ──────────────────────────────────────────────────────────────
    ../test-results/crypto-crypto-operations-C-8017b-d-generate-secure-passwords-chromium/video.webm
    ────────────────────────────────────────────────────────────────────────────────────────────────

    Error Context: ../test-results/crypto-crypto-operations-C-8017b-d-generate-secure-passwords-chromium/error-context.md
]]>
</failure>
<system-err>
<![CDATA[
Warning: attachment crypto-crypto-operations-C-8017b-d-generate-secure-passwords-chromium/test-failed-1.png is missing
Warning: attachment crypto-crypto-operations-C-8017b-d-generate-secure-passwords-chromium/video.webm is missing
Warning: attachment crypto-crypto-operations-C-8017b-d-generate-secure-passwords-chromium/error-context.md is missing]]>
</system-err>
</testcase>
<testcase name="Cryptographic Operations › Password Generation › should generate unique passwords each time" classname="crypto/crypto-operations.spec.ts" time="10.495">
<failure message="crypto-operations.spec.ts:70:9 should generate unique passwords each time" type="FAILURE">
<![CDATA[  [chromium] › crypto/crypto-operations.spec.ts:70:9 › Cryptographic Operations › Password Generation › should generate unique passwords each time 

    Error: Timed out 10000ms waiting for expect(locator).toBeVisible()

    Locator: locator('text=Welcome back, testuser_1753857892685')
    Expected: visible
    Received: <element(s) not found>
    Call log:
      - Expect "toBeVisible" with timeout 10000ms
      - waiting for locator('text=Welcome back, testuser_1753857892685')


       at utils/playwright-helpers.ts:88

      86 |
      87 |     // Wait for successful registration and automatic login
    > 88 |     await expect(this.page.locator(`text=Welcome back, ${user.username}`)).toBeVisible({ timeout: 10000 })
         |                                                                            ^
      89 |   }
      90 |
      91 |   async login(user: TestUser): Promise<void> {
        at AuthHelpers.register (/Users/rshirts/repos/robpass/tests/utils/playwright-helpers.ts:88:76)
        at /Users/rshirts/repos/robpass/tests/crypto/crypto-operations.spec.ts:74:7

    attachment #1: screenshot (image/png) ──────────────────────────────────────────────────────────
    ../test-results/crypto-crypto-operations-C-4ab66--unique-passwords-each-time-chromium/test-failed-1.png
    ────────────────────────────────────────────────────────────────────────────────────────────────

    attachment #2: video (video/webm) ──────────────────────────────────────────────────────────────
    ../test-results/crypto-crypto-operations-C-4ab66--unique-passwords-each-time-chromium/video.webm
    ────────────────────────────────────────────────────────────────────────────────────────────────

    Error Context: ../test-results/crypto-crypto-operations-C-4ab66--unique-passwords-each-time-chromium/error-context.md
]]>
</failure>
<system-err>
<![CDATA[
Warning: attachment crypto-crypto-operations-C-4ab66--unique-passwords-each-time-chromium/test-failed-1.png is missing
Warning: attachment crypto-crypto-operations-C-4ab66--unique-passwords-each-time-chromium/video.webm is missing
Warning: attachment crypto-crypto-operations-C-4ab66--unique-passwords-each-time-chromium/error-context.md is missing]]>
</system-err>
</testcase>
<testcase name="Cryptographic Operations › Data Encryption and Storage › should encrypt vault items before storage" classname="crypto/crypto-operations.spec.ts" time="10.668">
<failure message="crypto-operations.spec.ts:95:9 should encrypt vault items before storage" type="FAILURE">
<![CDATA[  [chromium] › crypto/crypto-operations.spec.ts:95:9 › Cryptographic Operations › Data Encryption and Storage › should encrypt vault items before storage 

    Error: Timed out 10000ms waiting for expect(locator).toBeVisible()

    Locator: locator('text=Welcome back, testuser_1753857896792')
    Expected: visible
    Received: <element(s) not found>
    Call log:
      - Expect "toBeVisible" with timeout 10000ms
      - waiting for locator('text=Welcome back, testuser_1753857896792')


       at utils/playwright-helpers.ts:88

      86 |
      87 |     // Wait for successful registration and automatic login
    > 88 |     await expect(this.page.locator(`text=Welcome back, ${user.username}`)).toBeVisible({ timeout: 10000 })
         |                                                                            ^
      89 |   }
      90 |
      91 |   async login(user: TestUser): Promise<void> {
        at AuthHelpers.register (/Users/rshirts/repos/robpass/tests/utils/playwright-helpers.ts:88:76)
        at /Users/rshirts/repos/robpass/tests/crypto/crypto-operations.spec.ts:101:7

    attachment #1: screenshot (image/png) ──────────────────────────────────────────────────────────
    ../test-results/crypto-crypto-operations-C-e0720--vault-items-before-storage-chromium/test-failed-1.png
    ────────────────────────────────────────────────────────────────────────────────────────────────

    attachment #2: video (video/webm) ──────────────────────────────────────────────────────────────
    ../test-results/crypto-crypto-operations-C-e0720--vault-items-before-storage-chromium/video.webm
    ────────────────────────────────────────────────────────────────────────────────────────────────

    Error Context: ../test-results/crypto-crypto-operations-C-e0720--vault-items-before-storage-chromium/error-context.md
]]>
</failure>
<system-err>
<![CDATA[
Warning: attachment crypto-crypto-operations-C-e0720--vault-items-before-storage-chromium/test-failed-1.png is missing
Warning: attachment crypto-crypto-operations-C-e0720--vault-items-before-storage-chromium/video.webm is missing
Warning: attachment crypto-crypto-operations-C-e0720--vault-items-before-storage-chromium/error-context.md is missing]]>
</system-err>
</testcase>
<testcase name="Cryptographic Operations › Data Encryption and Storage › should decrypt vault items for display" classname="crypto/crypto-operations.spec.ts" time="0.133">
<failure message="crypto-operations.spec.ts:139:9 should decrypt vault items for display" type="FAILURE">
<![CDATA[  [chromium] › crypto/crypto-operations.spec.ts:139:9 › Cryptographic Operations › Data Encryption and Storage › should decrypt vault items for display 

    Error: page.goto: net::ERR_CONNECTION_REFUSED at http://localhost:3000/
    Call log:
      - navigating to "http://localhost:3000/", waiting until "load"


       at utils/playwright-helpers.ts:66

      64 |
      65 |   async navigateToLogin(): Promise<void> {
    > 66 |     await this.page.goto('/')
         |                     ^
      67 |     await expect(this.page.locator('h1:has-text("🔐 RobPass")')).toBeVisible()
      68 |   }
      69 |
        at AuthHelpers.navigateToLogin (/Users/rshirts/repos/robpass/tests/utils/playwright-helpers.ts:66:21)
        at /Users/rshirts/repos/robpass/tests/crypto/crypto-operations.spec.ts:33:23

    attachment #1: screenshot (image/png) ──────────────────────────────────────────────────────────
    ../test-results/crypto-crypto-operations-C-95dbb-ypt-vault-items-for-display-chromium/test-failed-1.png
    ────────────────────────────────────────────────────────────────────────────────────────────────

    attachment #2: video (video/webm) ──────────────────────────────────────────────────────────────
    ../test-results/crypto-crypto-operations-C-95dbb-ypt-vault-items-for-display-chromium/video.webm
    ────────────────────────────────────────────────────────────────────────────────────────────────
]]>
</failure>
<system-err>
<![CDATA[
Warning: attachment crypto-crypto-operations-C-95dbb-ypt-vault-items-for-display-chromium/test-failed-1.png is missing
Warning: attachment crypto-crypto-operations-C-95dbb-ypt-vault-items-for-display-chromium/video.webm is missing]]>
</system-err>
</testcase>
<testcase name="Cryptographic Operations › Data Encryption and Storage › should handle encryption errors gracefully" classname="crypto/crypto-operations.spec.ts" time="0.126">
<failure message="crypto-operations.spec.ts:160:9 should handle encryption errors gracefully" type="FAILURE">
<![CDATA[  [chromium] › crypto/crypto-operations.spec.ts:160:9 › Cryptographic Operations › Data Encryption and Storage › should handle encryption errors gracefully 

    Error: page.goto: net::ERR_CONNECTION_REFUSED at http://localhost:3000/
    Call log:
      - navigating to "http://localhost:3000/", waiting until "load"


       at utils/playwright-helpers.ts:66

      64 |
      65 |   async navigateToLogin(): Promise<void> {
    > 66 |     await this.page.goto('/')
         |                     ^
      67 |     await expect(this.page.locator('h1:has-text("🔐 RobPass")')).toBeVisible()
      68 |   }
      69 |
        at AuthHelpers.navigateToLogin (/Users/rshirts/repos/robpass/tests/utils/playwright-helpers.ts:66:21)
        at /Users/rshirts/repos/robpass/tests/crypto/crypto-operations.spec.ts:33:23

    attachment #1: screenshot (image/png) ──────────────────────────────────────────────────────────
    ../test-results/crypto-crypto-operations-C-d352f-ncryption-errors-gracefully-chromium/test-failed-1.png
    ────────────────────────────────────────────────────────────────────────────────────────────────

    attachment #2: video (video/webm) ──────────────────────────────────────────────────────────────
    ../test-results/crypto-crypto-operations-C-d352f-ncryption-errors-gracefully-chromium/video.webm
    ────────────────────────────────────────────────────────────────────────────────────────────────
]]>
</failure>
<system-err>
<![CDATA[
Warning: attachment crypto-crypto-operations-C-d352f-ncryption-errors-gracefully-chromium/test-failed-1.png is missing
Warning: attachment crypto-crypto-operations-C-d352f-ncryption-errors-gracefully-chromium/video.webm is missing]]>
</system-err>
</testcase>
<testcase name="Cryptographic Operations › Key Derivation and Management › should derive master key from password during login" classname="crypto/crypto-operations.spec.ts" time="0.132">
<failure message="crypto-operations.spec.ts:188:9 should derive master key from password during login" type="FAILURE">
<![CDATA[  [chromium] › crypto/crypto-operations.spec.ts:188:9 › Cryptographic Operations › Key Derivation and Management › should derive master key from password during login 

    Error: page.goto: net::ERR_CONNECTION_REFUSED at http://localhost:3000/
    Call log:
      - navigating to "http://localhost:3000/", waiting until "load"


       at utils/playwright-helpers.ts:66

      64 |
      65 |   async navigateToLogin(): Promise<void> {
    > 66 |     await this.page.goto('/')
         |                     ^
      67 |     await expect(this.page.locator('h1:has-text("🔐 RobPass")')).toBeVisible()
      68 |   }
      69 |
        at AuthHelpers.navigateToLogin (/Users/rshirts/repos/robpass/tests/utils/playwright-helpers.ts:66:21)
        at /Users/rshirts/repos/robpass/tests/crypto/crypto-operations.spec.ts:33:23

    attachment #1: screenshot (image/png) ──────────────────────────────────────────────────────────
    ../test-results/crypto-crypto-operations-C-c58fc--from-password-during-login-chromium/test-failed-1.png
    ────────────────────────────────────────────────────────────────────────────────────────────────

    attachment #2: video (video/webm) ──────────────────────────────────────────────────────────────
    ../test-results/crypto-crypto-operations-C-c58fc--from-password-during-login-chromium/video.webm
    ────────────────────────────────────────────────────────────────────────────────────────────────
]]>
</failure>
<system-err>
<![CDATA[
Warning: attachment crypto-crypto-operations-C-c58fc--from-password-during-login-chromium/test-failed-1.png is missing
Warning: attachment crypto-crypto-operations-C-c58fc--from-password-during-login-chromium/video.webm is missing]]>
</system-err>
</testcase>
<testcase name="Cryptographic Operations › Key Derivation and Management › should maintain master key in memory only" classname="crypto/crypto-operations.spec.ts" time="0.131">
<failure message="crypto-operations.spec.ts:224:9 should maintain master key in memory only" type="FAILURE">
<![CDATA[  [chromium] › crypto/crypto-operations.spec.ts:224:9 › Cryptographic Operations › Key Derivation and Management › should maintain master key in memory only 

    Error: page.goto: net::ERR_CONNECTION_REFUSED at http://localhost:3000/
    Call log:
      - navigating to "http://localhost:3000/", waiting until "load"


       at utils/playwright-helpers.ts:66

      64 |
      65 |   async navigateToLogin(): Promise<void> {
    > 66 |     await this.page.goto('/')
         |                     ^
      67 |     await expect(this.page.locator('h1:has-text("🔐 RobPass")')).toBeVisible()
      68 |   }
      69 |
        at AuthHelpers.navigateToLogin (/Users/rshirts/repos/robpass/tests/utils/playwright-helpers.ts:66:21)
        at /Users/rshirts/repos/robpass/tests/crypto/crypto-operations.spec.ts:33:23

    attachment #1: screenshot (image/png) ──────────────────────────────────────────────────────────
    ../test-results/crypto-crypto-operations-C-d6f56-n-master-key-in-memory-only-chromium/test-failed-1.png
    ────────────────────────────────────────────────────────────────────────────────────────────────

    attachment #2: video (video/webm) ──────────────────────────────────────────────────────────────
    ../test-results/crypto-crypto-operations-C-d6f56-n-master-key-in-memory-only-chromium/video.webm
    ────────────────────────────────────────────────────────────────────────────────────────────────
]]>
</failure>
<system-err>
<![CDATA[
Warning: attachment crypto-crypto-operations-C-d6f56-n-master-key-in-memory-only-chromium/test-failed-1.png is missing
Warning: attachment crypto-crypto-operations-C-d6f56-n-master-key-in-memory-only-chromium/video.webm is missing]]>
</system-err>
</testcase>
<testcase name="Cryptographic Operations › Key Derivation and Management › should clear master key on logout" classname="crypto/crypto-operations.spec.ts" time="0.124">
<failure message="crypto-operations.spec.ts:246:9 should clear master key on logout" type="FAILURE">
<![CDATA[  [chromium] › crypto/crypto-operations.spec.ts:246:9 › Cryptographic Operations › Key Derivation and Management › should clear master key on logout 

    Error: page.goto: net::ERR_CONNECTION_REFUSED at http://localhost:3000/
    Call log:
      - navigating to "http://localhost:3000/", waiting until "load"


       at utils/playwright-helpers.ts:66

      64 |
      65 |   async navigateToLogin(): Promise<void> {
    > 66 |     await this.page.goto('/')
         |                     ^
      67 |     await expect(this.page.locator('h1:has-text("🔐 RobPass")')).toBeVisible()
      68 |   }
      69 |
        at AuthHelpers.navigateToLogin (/Users/rshirts/repos/robpass/tests/utils/playwright-helpers.ts:66:21)
        at /Users/rshirts/repos/robpass/tests/crypto/crypto-operations.spec.ts:33:23

    attachment #1: screenshot (image/png) ──────────────────────────────────────────────────────────
    ../test-results/crypto-crypto-operations-C-2b425--clear-master-key-on-logout-chromium/test-failed-1.png
    ────────────────────────────────────────────────────────────────────────────────────────────────

    attachment #2: video (video/webm) ──────────────────────────────────────────────────────────────
    ../test-results/crypto-crypto-operations-C-2b425--clear-master-key-on-logout-chromium/video.webm
    ────────────────────────────────────────────────────────────────────────────────────────────────
]]>
</failure>
<system-err>
<![CDATA[
Warning: attachment crypto-crypto-operations-C-2b425--clear-master-key-on-logout-chromium/test-failed-1.png is missing
Warning: attachment crypto-crypto-operations-C-2b425--clear-master-key-on-logout-chromium/video.webm is missing]]>
</system-err>
</testcase>
<testcase name="Cryptographic Operations › Encryption Performance › should encrypt data within reasonable time" classname="crypto/crypto-operations.spec.ts" time="0.136">
<failure message="crypto-operations.spec.ts:268:9 should encrypt data within reasonable time" type="FAILURE">
<![CDATA[  [chromium] › crypto/crypto-operations.spec.ts:268:9 › Cryptographic Operations › Encryption Performance › should encrypt data within reasonable time 

    Error: page.goto: net::ERR_CONNECTION_REFUSED at http://localhost:3000/
    Call log:
      - navigating to "http://localhost:3000/", waiting until "load"


       at utils/playwright-helpers.ts:66

      64 |
      65 |   async navigateToLogin(): Promise<void> {
    > 66 |     await this.page.goto('/')
         |                     ^
      67 |     await expect(this.page.locator('h1:has-text("🔐 RobPass")')).toBeVisible()
      68 |   }
      69 |
        at AuthHelpers.navigateToLogin (/Users/rshirts/repos/robpass/tests/utils/playwright-helpers.ts:66:21)
        at /Users/rshirts/repos/robpass/tests/crypto/crypto-operations.spec.ts:33:23

    attachment #1: screenshot (image/png) ──────────────────────────────────────────────────────────
    ../test-results/crypto-crypto-operations-C-7f47c-data-within-reasonable-time-chromium/test-failed-1.png
    ────────────────────────────────────────────────────────────────────────────────────────────────

    attachment #2: video (video/webm) ──────────────────────────────────────────────────────────────
    ../test-results/crypto-crypto-operations-C-7f47c-data-within-reasonable-time-chromium/video.webm
    ────────────────────────────────────────────────────────────────────────────────────────────────
]]>
</failure>
<system-err>
<![CDATA[
Warning: attachment crypto-crypto-operations-C-7f47c-data-within-reasonable-time-chromium/test-failed-1.png is missing
Warning: attachment crypto-crypto-operations-C-7f47c-data-within-reasonable-time-chromium/video.webm is missing]]>
</system-err>
</testcase>
<testcase name="Cryptographic Operations › Encryption Performance › should handle multiple concurrent encryptions" classname="crypto/crypto-operations.spec.ts" time="0.144">
<failure message="crypto-operations.spec.ts:278:9 should handle multiple concurrent encryptions" type="FAILURE">
<![CDATA[  [chromium] › crypto/crypto-operations.spec.ts:278:9 › Cryptographic Operations › Encryption Performance › should handle multiple concurrent encryptions 

    Error: page.goto: net::ERR_CONNECTION_REFUSED at http://localhost:3000/
    Call log:
      - navigating to "http://localhost:3000/", waiting until "load"


       at utils/playwright-helpers.ts:66

      64 |
      65 |   async navigateToLogin(): Promise<void> {
    > 66 |     await this.page.goto('/')
         |                     ^
      67 |     await expect(this.page.locator('h1:has-text("🔐 RobPass")')).toBeVisible()
      68 |   }
      69 |
        at AuthHelpers.navigateToLogin (/Users/rshirts/repos/robpass/tests/utils/playwright-helpers.ts:66:21)
        at /Users/rshirts/repos/robpass/tests/crypto/crypto-operations.spec.ts:33:23

    attachment #1: screenshot (image/png) ──────────────────────────────────────────────────────────
    ../test-results/crypto-crypto-operations-C-c82b6-iple-concurrent-encryptions-chromium/test-failed-1.png
    ────────────────────────────────────────────────────────────────────────────────────────────────

    attachment #2: video (video/webm) ──────────────────────────────────────────────────────────────
    ../test-results/crypto-crypto-operations-C-c82b6-iple-concurrent-encryptions-chromium/video.webm
    ────────────────────────────────────────────────────────────────────────────────────────────────
]]>
</failure>
<system-err>
<![CDATA[
Warning: attachment crypto-crypto-operations-C-c82b6-iple-concurrent-encryptions-chromium/test-failed-1.png is missing
Warning: attachment crypto-crypto-operations-C-c82b6-iple-concurrent-encryptions-chromium/video.webm is missing]]>
</system-err>
</testcase>
<testcase name="Cryptographic Operations › Security Validation › should not expose sensitive data in DOM" classname="crypto/crypto-operations.spec.ts" time="0.126">
<failure message="crypto-operations.spec.ts:304:9 should not expose sensitive data in DOM" type="FAILURE">
<![CDATA[  [chromium] › crypto/crypto-operations.spec.ts:304:9 › Cryptographic Operations › Security Validation › should not expose sensitive data in DOM 

    Error: page.goto: net::ERR_CONNECTION_REFUSED at http://localhost:3000/
    Call log:
      - navigating to "http://localhost:3000/", waiting until "load"


       at utils/playwright-helpers.ts:66

      64 |
      65 |   async navigateToLogin(): Promise<void> {
    > 66 |     await this.page.goto('/')
         |                     ^
      67 |     await expect(this.page.locator('h1:has-text("🔐 RobPass")')).toBeVisible()
      68 |   }
      69 |
        at AuthHelpers.navigateToLogin (/Users/rshirts/repos/robpass/tests/utils/playwright-helpers.ts:66:21)
        at /Users/rshirts/repos/robpass/tests/crypto/crypto-operations.spec.ts:33:23

    attachment #1: screenshot (image/png) ──────────────────────────────────────────────────────────
    ../test-results/crypto-crypto-operations-C-1370d-xpose-sensitive-data-in-DOM-chromium/test-failed-1.png
    ────────────────────────────────────────────────────────────────────────────────────────────────

    attachment #2: video (video/webm) ──────────────────────────────────────────────────────────────
    ../test-results/crypto-crypto-operations-C-1370d-xpose-sensitive-data-in-DOM-chromium/video.webm
    ────────────────────────────────────────────────────────────────────────────────────────────────
]]>
</failure>
<system-err>
<![CDATA[
Warning: attachment crypto-crypto-operations-C-1370d-xpose-sensitive-data-in-DOM-chromium/test-failed-1.png is missing
Warning: attachment crypto-crypto-operations-C-1370d-xpose-sensitive-data-in-DOM-chromium/video.webm is missing]]>
</system-err>
</testcase>
<testcase name="Cryptographic Operations › Security Validation › should handle browser refresh securely" classname="crypto/crypto-operations.spec.ts" time="0.134">
<failure message="crypto-operations.spec.ts:317:9 should handle browser refresh securely" type="FAILURE">
<![CDATA[  [chromium] › crypto/crypto-operations.spec.ts:317:9 › Cryptographic Operations › Security Validation › should handle browser refresh securely 

    Error: page.goto: net::ERR_CONNECTION_REFUSED at http://localhost:3000/
    Call log:
      - navigating to "http://localhost:3000/", waiting until "load"


       at utils/playwright-helpers.ts:66

      64 |
      65 |   async navigateToLogin(): Promise<void> {
    > 66 |     await this.page.goto('/')
         |                     ^
      67 |     await expect(this.page.locator('h1:has-text("🔐 RobPass")')).toBeVisible()
      68 |   }
      69 |
        at AuthHelpers.navigateToLogin (/Users/rshirts/repos/robpass/tests/utils/playwright-helpers.ts:66:21)
        at /Users/rshirts/repos/robpass/tests/crypto/crypto-operations.spec.ts:33:23

    attachment #1: screenshot (image/png) ──────────────────────────────────────────────────────────
    ../test-results/crypto-crypto-operations-C-1fd40-le-browser-refresh-securely-chromium/test-failed-1.png
    ────────────────────────────────────────────────────────────────────────────────────────────────

    attachment #2: video (video/webm) ──────────────────────────────────────────────────────────────
    ../test-results/crypto-crypto-operations-C-1fd40-le-browser-refresh-securely-chromium/video.webm
    ────────────────────────────────────────────────────────────────────────────────────────────────
]]>
</failure>
<system-err>
<![CDATA[
Warning: attachment crypto-crypto-operations-C-1fd40-le-browser-refresh-securely-chromium/test-failed-1.png is missing
Warning: attachment crypto-crypto-operations-C-1fd40-le-browser-refresh-securely-chromium/video.webm is missing]]>
</system-err>
</testcase>
<testcase name="Cryptographic Operations › Security Validation › should validate crypto parameters" classname="crypto/crypto-operations.spec.ts" time="0.13">
<failure message="crypto-operations.spec.ts:333:9 should validate crypto parameters" type="FAILURE">
<![CDATA[  [chromium] › crypto/crypto-operations.spec.ts:333:9 › Cryptographic Operations › Security Validation › should validate crypto parameters 

    Error: page.goto: net::ERR_CONNECTION_REFUSED at http://localhost:3000/
    Call log:
      - navigating to "http://localhost:3000/", waiting until "load"


       at utils/playwright-helpers.ts:66

      64 |
      65 |   async navigateToLogin(): Promise<void> {
    > 66 |     await this.page.goto('/')
         |                     ^
      67 |     await expect(this.page.locator('h1:has-text("🔐 RobPass")')).toBeVisible()
      68 |   }
      69 |
        at AuthHelpers.navigateToLogin (/Users/rshirts/repos/robpass/tests/utils/playwright-helpers.ts:66:21)
        at /Users/rshirts/repos/robpass/tests/crypto/crypto-operations.spec.ts:33:23

    attachment #1: screenshot (image/png) ──────────────────────────────────────────────────────────
    ../test-results/crypto-crypto-operations-C-c44d5--validate-crypto-parameters-chromium/test-failed-1.png
    ────────────────────────────────────────────────────────────────────────────────────────────────

    attachment #2: video (video/webm) ──────────────────────────────────────────────────────────────
    ../test-results/crypto-crypto-operations-C-c44d5--validate-crypto-parameters-chromium/video.webm
    ────────────────────────────────────────────────────────────────────────────────────────────────
]]>
</failure>
<system-err>
<![CDATA[
Warning: attachment crypto-crypto-operations-C-c44d5--validate-crypto-parameters-chromium/test-failed-1.png is missing
Warning: attachment crypto-crypto-operations-C-c44d5--validate-crypto-parameters-chromium/video.webm is missing]]>
</system-err>
</testcase>
</testsuite>
<testsuite name="security/security-comprehensive.spec.ts" timestamp="2025-07-30T06:44:37.434Z" hostname="chromium" tests="15" failures="15" skipped="0" time="2.219" errors="0">
<testcase name="Security Comprehensive Tests › Authentication Security › should enforce rate limiting on failed login attempts" classname="security/security-comprehensive.spec.ts" time="0.137">
<failure message="security-comprehensive.spec.ts:31:9 should enforce rate limiting on failed login attempts" type="FAILURE">
<![CDATA[  [chromium] › security/security-comprehensive.spec.ts:31:9 › Security Comprehensive Tests › Authentication Security › should enforce rate limiting on failed login attempts 

    Error: page.goto: net::ERR_CONNECTION_REFUSED at http://localhost:3000/
    Call log:
      - navigating to "http://localhost:3000/", waiting until "load"


       at utils/playwright-helpers.ts:66

      64 |
      65 |   async navigateToLogin(): Promise<void> {
    > 66 |     await this.page.goto('/')
         |                     ^
      67 |     await expect(this.page.locator('h1:has-text("🔐 RobPass")')).toBeVisible()
      68 |   }
      69 |
        at AuthHelpers.navigateToLogin (/Users/rshirts/repos/robpass/tests/utils/playwright-helpers.ts:66:21)
        at /Users/rshirts/repos/robpass/tests/security/security-comprehensive.spec.ts:27:23

    attachment #1: screenshot (image/png) ──────────────────────────────────────────────────────────
    ../test-results/security-security-comprehe-ee734-ng-on-failed-login-attempts-chromium/test-failed-1.png
    ────────────────────────────────────────────────────────────────────────────────────────────────

    attachment #2: video (video/webm) ──────────────────────────────────────────────────────────────
    ../test-results/security-security-comprehe-ee734-ng-on-failed-login-attempts-chromium/video.webm
    ────────────────────────────────────────────────────────────────────────────────────────────────
]]>
</failure>
<system-out>
<![CDATA[
[[ATTACHMENT|security-security-comprehe-ee734-ng-on-failed-login-attempts-chromium/test-failed-1.png]]

[[ATTACHMENT|security-security-comprehe-ee734-ng-on-failed-login-attempts-chromium/video.webm]]
]]>
</system-out>
</testcase>
<testcase name="Security Comprehensive Tests › Authentication Security › should prevent timing attacks on authentication" classname="security/security-comprehensive.spec.ts" time="0.13">
<failure message="security-comprehensive.spec.ts:56:9 should prevent timing attacks on authentication" type="FAILURE">
<![CDATA[  [chromium] › security/security-comprehensive.spec.ts:56:9 › Security Comprehensive Tests › Authentication Security › should prevent timing attacks on authentication 

    Error: page.goto: net::ERR_CONNECTION_REFUSED at http://localhost:3000/
    Call log:
      - navigating to "http://localhost:3000/", waiting until "load"


       at utils/playwright-helpers.ts:66

      64 |
      65 |   async navigateToLogin(): Promise<void> {
    > 66 |     await this.page.goto('/')
         |                     ^
      67 |     await expect(this.page.locator('h1:has-text("🔐 RobPass")')).toBeVisible()
      68 |   }
      69 |
        at AuthHelpers.navigateToLogin (/Users/rshirts/repos/robpass/tests/utils/playwright-helpers.ts:66:21)
        at /Users/rshirts/repos/robpass/tests/security/security-comprehensive.spec.ts:27:23

    attachment #1: screenshot (image/png) ──────────────────────────────────────────────────────────
    ../test-results/security-security-comprehe-6cf75-g-attacks-on-authentication-chromium/test-failed-1.png
    ────────────────────────────────────────────────────────────────────────────────────────────────

    attachment #2: video (video/webm) ──────────────────────────────────────────────────────────────
    ../test-results/security-security-comprehe-6cf75-g-attacks-on-authentication-chromium/video.webm
    ────────────────────────────────────────────────────────────────────────────────────────────────
]]>
</failure>
<system-err>
<![CDATA[
Warning: attachment security-security-comprehe-6cf75-g-attacks-on-authentication-chromium/test-failed-1.png is missing
Warning: attachment security-security-comprehe-6cf75-g-attacks-on-authentication-chromium/video.webm is missing]]>
</system-err>
</testcase>
<testcase name="Security Comprehensive Tests › Authentication Security › should enforce secure password requirements" classname="security/security-comprehensive.spec.ts" time="0.132">
<failure message="security-comprehensive.spec.ts:93:9 should enforce secure password requirements" type="FAILURE">
<![CDATA[  [chromium] › security/security-comprehensive.spec.ts:93:9 › Security Comprehensive Tests › Authentication Security › should enforce secure password requirements 

    Error: page.goto: net::ERR_CONNECTION_REFUSED at http://localhost:3000/
    Call log:
      - navigating to "http://localhost:3000/", waiting until "load"


       at utils/playwright-helpers.ts:66

      64 |
      65 |   async navigateToLogin(): Promise<void> {
    > 66 |     await this.page.goto('/')
         |                     ^
      67 |     await expect(this.page.locator('h1:has-text("🔐 RobPass")')).toBeVisible()
      68 |   }
      69 |
        at AuthHelpers.navigateToLogin (/Users/rshirts/repos/robpass/tests/utils/playwright-helpers.ts:66:21)
        at /Users/rshirts/repos/robpass/tests/security/security-comprehensive.spec.ts:27:23

    attachment #1: screenshot (image/png) ──────────────────────────────────────────────────────────
    ../test-results/security-security-comprehe-e9c1b-ecure-password-requirements-chromium/test-failed-1.png
    ────────────────────────────────────────────────────────────────────────────────────────────────

    attachment #2: video (video/webm) ──────────────────────────────────────────────────────────────
    ../test-results/security-security-comprehe-e9c1b-ecure-password-requirements-chromium/video.webm
    ────────────────────────────────────────────────────────────────────────────────────────────────
]]>
</failure>
<system-err>
<![CDATA[
Warning: attachment security-security-comprehe-e9c1b-ecure-password-requirements-chromium/test-failed-1.png is missing
Warning: attachment security-security-comprehe-e9c1b-ecure-password-requirements-chromium/video.webm is missing]]>
</system-err>
</testcase>
<testcase name="Security Comprehensive Tests › Authentication Security › should prevent session fixation attacks" classname="security/security-comprehensive.spec.ts" time="0.13">
<failure message="security-comprehensive.spec.ts:122:9 should prevent session fixation attacks" type="FAILURE">
<![CDATA[  [chromium] › security/security-comprehensive.spec.ts:122:9 › Security Comprehensive Tests › Authentication Security › should prevent session fixation attacks 

    Error: page.goto: net::ERR_CONNECTION_REFUSED at http://localhost:3000/
    Call log:
      - navigating to "http://localhost:3000/", waiting until "load"


       at utils/playwright-helpers.ts:66

      64 |
      65 |   async navigateToLogin(): Promise<void> {
    > 66 |     await this.page.goto('/')
         |                     ^
      67 |     await expect(this.page.locator('h1:has-text("🔐 RobPass")')).toBeVisible()
      68 |   }
      69 |
        at AuthHelpers.navigateToLogin (/Users/rshirts/repos/robpass/tests/utils/playwright-helpers.ts:66:21)
        at /Users/rshirts/repos/robpass/tests/security/security-comprehensive.spec.ts:27:23

    attachment #1: screenshot (image/png) ──────────────────────────────────────────────────────────
    ../test-results/security-security-comprehe-3876b-nt-session-fixation-attacks-chromium/test-failed-1.png
    ────────────────────────────────────────────────────────────────────────────────────────────────

    attachment #2: video (video/webm) ──────────────────────────────────────────────────────────────
    ../test-results/security-security-comprehe-3876b-nt-session-fixation-attacks-chromium/video.webm
    ────────────────────────────────────────────────────────────────────────────────────────────────
]]>
</failure>
<system-err>
<![CDATA[
Warning: attachment security-security-comprehe-3876b-nt-session-fixation-attacks-chromium/test-failed-1.png is missing
Warning: attachment security-security-comprehe-3876b-nt-session-fixation-attacks-chromium/video.webm is missing]]>
</system-err>
</testcase>
<testcase name="Security Comprehensive Tests › Data Isolation and Access Control › should isolate user data completely" classname="security/security-comprehensive.spec.ts" time="0.132">
<failure message="security-comprehensive.spec.ts:145:9 should isolate user data completely" type="FAILURE">
<![CDATA[  [chromium] › security/security-comprehensive.spec.ts:145:9 › Security Comprehensive Tests › Data Isolation and Access Control › should isolate user data completely 

    Error: page.goto: net::ERR_CONNECTION_REFUSED at http://localhost:3000/
    Call log:
      - navigating to "http://localhost:3000/", waiting until "load"


       at utils/playwright-helpers.ts:66

      64 |
      65 |   async navigateToLogin(): Promise<void> {
    > 66 |     await this.page.goto('/')
         |                     ^
      67 |     await expect(this.page.locator('h1:has-text("🔐 RobPass")')).toBeVisible()
      68 |   }
      69 |
        at AuthHelpers.navigateToLogin (/Users/rshirts/repos/robpass/tests/utils/playwright-helpers.ts:66:21)
        at /Users/rshirts/repos/robpass/tests/security/security-comprehensive.spec.ts:27:23

    attachment #1: screenshot (image/png) ──────────────────────────────────────────────────────────
    ../test-results/security-security-comprehe-4692b-solate-user-data-completely-chromium/test-failed-1.png
    ────────────────────────────────────────────────────────────────────────────────────────────────

    attachment #2: video (video/webm) ──────────────────────────────────────────────────────────────
    ../test-results/security-security-comprehe-4692b-solate-user-data-completely-chromium/video.webm
    ────────────────────────────────────────────────────────────────────────────────────────────────
]]>
</failure>
<system-err>
<![CDATA[
Warning: attachment security-security-comprehe-4692b-solate-user-data-completely-chromium/test-failed-1.png is missing
Warning: attachment security-security-comprehe-4692b-solate-user-data-completely-chromium/video.webm is missing]]>
</system-err>
</testcase>
<testcase name="Security Comprehensive Tests › Data Isolation and Access Control › should prevent unauthorized API access" classname="security/security-comprehensive.spec.ts" time="0.131">
<failure message="security-comprehensive.spec.ts:169:9 should prevent unauthorized API access" type="FAILURE">
<![CDATA[  [chromium] › security/security-comprehensive.spec.ts:169:9 › Security Comprehensive Tests › Data Isolation and Access Control › should prevent unauthorized API access 

    Error: page.goto: net::ERR_CONNECTION_REFUSED at http://localhost:3000/
    Call log:
      - navigating to "http://localhost:3000/", waiting until "load"


       at utils/playwright-helpers.ts:66

      64 |
      65 |   async navigateToLogin(): Promise<void> {
    > 66 |     await this.page.goto('/')
         |                     ^
      67 |     await expect(this.page.locator('h1:has-text("🔐 RobPass")')).toBeVisible()
      68 |   }
      69 |
        at AuthHelpers.navigateToLogin (/Users/rshirts/repos/robpass/tests/utils/playwright-helpers.ts:66:21)
        at /Users/rshirts/repos/robpass/tests/security/security-comprehensive.spec.ts:27:23

    attachment #1: screenshot (image/png) ──────────────────────────────────────────────────────────
    ../test-results/security-security-comprehe-114f6-ent-unauthorized-API-access-chromium/test-failed-1.png
    ────────────────────────────────────────────────────────────────────────────────────────────────

    attachment #2: video (video/webm) ──────────────────────────────────────────────────────────────
    ../test-results/security-security-comprehe-114f6-ent-unauthorized-API-access-chromium/video.webm
    ────────────────────────────────────────────────────────────────────────────────────────────────
]]>
</failure>
<system-err>
<![CDATA[
Warning: attachment security-security-comprehe-114f6-ent-unauthorized-API-access-chromium/test-failed-1.png is missing
Warning: attachment security-security-comprehe-114f6-ent-unauthorized-API-access-chromium/video.webm is missing]]>
</system-err>
</testcase>
<testcase name="Security Comprehensive Tests › Data Isolation and Access Control › should validate session tokens properly" classname="security/security-comprehensive.spec.ts" time="0.14">
<failure message="security-comprehensive.spec.ts:195:9 should validate session tokens properly" type="FAILURE">
<![CDATA[  [chromium] › security/security-comprehensive.spec.ts:195:9 › Security Comprehensive Tests › Data Isolation and Access Control › should validate session tokens properly 

    Error: page.goto: net::ERR_CONNECTION_REFUSED at http://localhost:3000/
    Call log:
      - navigating to "http://localhost:3000/", waiting until "load"


       at utils/playwright-helpers.ts:66

      64 |
      65 |   async navigateToLogin(): Promise<void> {
    > 66 |     await this.page.goto('/')
         |                     ^
      67 |     await expect(this.page.locator('h1:has-text("🔐 RobPass")')).toBeVisible()
      68 |   }
      69 |
        at AuthHelpers.navigateToLogin (/Users/rshirts/repos/robpass/tests/utils/playwright-helpers.ts:66:21)
        at /Users/rshirts/repos/robpass/tests/security/security-comprehensive.spec.ts:27:23

    attachment #1: screenshot (image/png) ──────────────────────────────────────────────────────────
    ../test-results/security-security-comprehe-9ba1c-ate-session-tokens-properly-chromium/test-failed-1.png
    ────────────────────────────────────────────────────────────────────────────────────────────────

    attachment #2: video (video/webm) ──────────────────────────────────────────────────────────────
    ../test-results/security-security-comprehe-9ba1c-ate-session-tokens-properly-chromium/video.webm
    ────────────────────────────────────────────────────────────────────────────────────────────────
]]>
</failure>
<system-err>
<![CDATA[
Warning: attachment security-security-comprehe-9ba1c-ate-session-tokens-properly-chromium/test-failed-1.png is missing
Warning: attachment security-security-comprehe-9ba1c-ate-session-tokens-properly-chromium/video.webm is missing]]>
</system-err>
</testcase>
<testcase name="Security Comprehensive Tests › Error Handling and Information Disclosure › should not expose sensitive information in errors" classname="security/security-comprehensive.spec.ts" time="0.142">
<failure message="security-comprehensive.spec.ts:213:9 should not expose sensitive information in errors" type="FAILURE">
<![CDATA[  [chromium] › security/security-comprehensive.spec.ts:213:9 › Security Comprehensive Tests › Error Handling and Information Disclosure › should not expose sensitive information in errors 

    Error: page.goto: net::ERR_CONNECTION_REFUSED at http://localhost:3000/
    Call log:
      - navigating to "http://localhost:3000/", waiting until "load"


       at utils/playwright-helpers.ts:66

      64 |
      65 |   async navigateToLogin(): Promise<void> {
    > 66 |     await this.page.goto('/')
         |                     ^
      67 |     await expect(this.page.locator('h1:has-text("🔐 RobPass")')).toBeVisible()
      68 |   }
      69 |
        at AuthHelpers.navigateToLogin (/Users/rshirts/repos/robpass/tests/utils/playwright-helpers.ts:66:21)
        at /Users/rshirts/repos/robpass/tests/security/security-comprehensive.spec.ts:27:23

    attachment #1: screenshot (image/png) ──────────────────────────────────────────────────────────
    ../test-results/security-security-comprehe-a936b-itive-information-in-errors-chromium/test-failed-1.png
    ────────────────────────────────────────────────────────────────────────────────────────────────

    attachment #2: video (video/webm) ──────────────────────────────────────────────────────────────
    ../test-results/security-security-comprehe-a936b-itive-information-in-errors-chromium/video.webm
    ────────────────────────────────────────────────────────────────────────────────────────────────
]]>
</failure>
<system-err>
<![CDATA[
Warning: attachment security-security-comprehe-a936b-itive-information-in-errors-chromium/test-failed-1.png is missing
Warning: attachment security-security-comprehe-a936b-itive-information-in-errors-chromium/video.webm is missing]]>
</system-err>
</testcase>
<testcase name="Security Comprehensive Tests › Error Handling and Information Disclosure › should handle network errors gracefully" classname="security/security-comprehensive.spec.ts" time="0.157">
<failure message="security-comprehensive.spec.ts:257:9 should handle network errors gracefully" type="FAILURE">
<![CDATA[  [chromium] › security/security-comprehensive.spec.ts:257:9 › Security Comprehensive Tests › Error Handling and Information Disclosure › should handle network errors gracefully 

    Error: page.goto: net::ERR_CONNECTION_REFUSED at http://localhost:3000/
    Call log:
      - navigating to "http://localhost:3000/", waiting until "load"


       at utils/playwright-helpers.ts:66

      64 |
      65 |   async navigateToLogin(): Promise<void> {
    > 66 |     await this.page.goto('/')
         |                     ^
      67 |     await expect(this.page.locator('h1:has-text("🔐 RobPass")')).toBeVisible()
      68 |   }
      69 |
        at AuthHelpers.navigateToLogin (/Users/rshirts/repos/robpass/tests/utils/playwright-helpers.ts:66:21)
        at /Users/rshirts/repos/robpass/tests/security/security-comprehensive.spec.ts:27:23

    attachment #1: screenshot (image/png) ──────────────────────────────────────────────────────────
    ../test-results/security-security-comprehe-81664-e-network-errors-gracefully-chromium/test-failed-1.png
    ────────────────────────────────────────────────────────────────────────────────────────────────

    attachment #2: video (video/webm) ──────────────────────────────────────────────────────────────
    ../test-results/security-security-comprehe-81664-e-network-errors-gracefully-chromium/video.webm
    ────────────────────────────────────────────────────────────────────────────────────────────────
]]>
</failure>
<system-err>
<![CDATA[
Warning: attachment security-security-comprehe-81664-e-network-errors-gracefully-chromium/test-failed-1.png is missing
Warning: attachment security-security-comprehe-81664-e-network-errors-gracefully-chromium/video.webm is missing]]>
</system-err>
</testcase>
<testcase name="Security Comprehensive Tests › Error Handling and Information Disclosure › should handle malformed responses securely" classname="security/security-comprehensive.spec.ts" time="0.161">
<failure message="security-comprehensive.spec.ts:278:9 should handle malformed responses securely" type="FAILURE">
<![CDATA[  [chromium] › security/security-comprehensive.spec.ts:278:9 › Security Comprehensive Tests › Error Handling and Information Disclosure › should handle malformed responses securely 

    Error: page.goto: net::ERR_CONNECTION_REFUSED at http://localhost:3000/
    Call log:
      - navigating to "http://localhost:3000/", waiting until "load"


       at utils/playwright-helpers.ts:66

      64 |
      65 |   async navigateToLogin(): Promise<void> {
    > 66 |     await this.page.goto('/')
         |                     ^
      67 |     await expect(this.page.locator('h1:has-text("🔐 RobPass")')).toBeVisible()
      68 |   }
      69 |
        at AuthHelpers.navigateToLogin (/Users/rshirts/repos/robpass/tests/utils/playwright-helpers.ts:66:21)
        at /Users/rshirts/repos/robpass/tests/security/security-comprehensive.spec.ts:27:23

    attachment #1: screenshot (image/png) ──────────────────────────────────────────────────────────
    ../test-results/security-security-comprehe-4c5cf-alformed-responses-securely-chromium/test-failed-1.png
    ────────────────────────────────────────────────────────────────────────────────────────────────

    attachment #2: video (video/webm) ──────────────────────────────────────────────────────────────
    ../test-results/security-security-comprehe-4c5cf-alformed-responses-securely-chromium/video.webm
    ────────────────────────────────────────────────────────────────────────────────────────────────
]]>
</failure>
<system-err>
<![CDATA[
Warning: attachment security-security-comprehe-4c5cf-alformed-responses-securely-chromium/test-failed-1.png is missing
Warning: attachment security-security-comprehe-4c5cf-alformed-responses-securely-chromium/video.webm is missing]]>
</system-err>
</testcase>
<testcase name="Security Comprehensive Tests › Session Security › should expire sessions after inactivity" classname="security/security-comprehensive.spec.ts" time="0.148">
<failure message="security-comprehensive.spec.ts:304:9 should expire sessions after inactivity" type="FAILURE">
<![CDATA[  [chromium] › security/security-comprehensive.spec.ts:304:9 › Security Comprehensive Tests › Session Security › should expire sessions after inactivity 

    Error: page.goto: net::ERR_CONNECTION_REFUSED at http://localhost:3000/
    Call log:
      - navigating to "http://localhost:3000/", waiting until "load"


       at utils/playwright-helpers.ts:66

      64 |
      65 |   async navigateToLogin(): Promise<void> {
    > 66 |     await this.page.goto('/')
         |                     ^
      67 |     await expect(this.page.locator('h1:has-text("🔐 RobPass")')).toBeVisible()
      68 |   }
      69 |
        at AuthHelpers.navigateToLogin (/Users/rshirts/repos/robpass/tests/utils/playwright-helpers.ts:66:21)
        at /Users/rshirts/repos/robpass/tests/security/security-comprehensive.spec.ts:27:23

    attachment #1: screenshot (image/png) ──────────────────────────────────────────────────────────
    ../test-results/security-security-comprehe-d2334-e-sessions-after-inactivity-chromium/test-failed-1.png
    ────────────────────────────────────────────────────────────────────────────────────────────────

    attachment #2: video (video/webm) ──────────────────────────────────────────────────────────────
    ../test-results/security-security-comprehe-d2334-e-sessions-after-inactivity-chromium/video.webm
    ────────────────────────────────────────────────────────────────────────────────────────────────
]]>
</failure>
<system-err>
<![CDATA[
Warning: attachment security-security-comprehe-d2334-e-sessions-after-inactivity-chromium/test-failed-1.png is missing
Warning: attachment security-security-comprehe-d2334-e-sessions-after-inactivity-chromium/video.webm is missing]]>
</system-err>
</testcase>
<testcase name="Security Comprehensive Tests › Session Security › should clear sensitive data on page unload" classname="security/security-comprehensive.spec.ts" time="0.172">
<failure message="security-comprehensive.spec.ts:325:9 should clear sensitive data on page unload" type="FAILURE">
<![CDATA[  [chromium] › security/security-comprehensive.spec.ts:325:9 › Security Comprehensive Tests › Session Security › should clear sensitive data on page unload 

    Error: page.goto: net::ERR_CONNECTION_REFUSED at http://localhost:3000/
    Call log:
      - navigating to "http://localhost:3000/", waiting until "load"


       at utils/playwright-helpers.ts:66

      64 |
      65 |   async navigateToLogin(): Promise<void> {
    > 66 |     await this.page.goto('/')
         |                     ^
      67 |     await expect(this.page.locator('h1:has-text("🔐 RobPass")')).toBeVisible()
      68 |   }
      69 |
        at AuthHelpers.navigateToLogin (/Users/rshirts/repos/robpass/tests/utils/playwright-helpers.ts:66:21)
        at /Users/rshirts/repos/robpass/tests/security/security-comprehensive.spec.ts:27:23

    attachment #1: screenshot (image/png) ──────────────────────────────────────────────────────────
    ../test-results/security-security-comprehe-ae70e-nsitive-data-on-page-unload-chromium/test-failed-1.png
    ────────────────────────────────────────────────────────────────────────────────────────────────

    attachment #2: video (video/webm) ──────────────────────────────────────────────────────────────
    ../test-results/security-security-comprehe-ae70e-nsitive-data-on-page-unload-chromium/video.webm
    ────────────────────────────────────────────────────────────────────────────────────────────────
]]>
</failure>
<system-err>
<![CDATA[
Warning: attachment security-security-comprehe-ae70e-nsitive-data-on-page-unload-chromium/test-failed-1.png is missing
Warning: attachment security-security-comprehe-ae70e-nsitive-data-on-page-unload-chromium/video.webm is missing]]>
</system-err>
</testcase>
<testcase name="Security Comprehensive Tests › Session Security › should prevent concurrent sessions" classname="security/security-comprehensive.spec.ts" time="0.185">
<failure message="security-comprehensive.spec.ts:343:9 should prevent concurrent sessions" type="FAILURE">
<![CDATA[  [chromium] › security/security-comprehensive.spec.ts:343:9 › Security Comprehensive Tests › Session Security › should prevent concurrent sessions 

    Error: page.goto: net::ERR_CONNECTION_REFUSED at http://localhost:3000/
    Call log:
      - navigating to "http://localhost:3000/", waiting until "load"


       at utils/playwright-helpers.ts:66

      64 |
      65 |   async navigateToLogin(): Promise<void> {
    > 66 |     await this.page.goto('/')
         |                     ^
      67 |     await expect(this.page.locator('h1:has-text("🔐 RobPass")')).toBeVisible()
      68 |   }
      69 |
        at AuthHelpers.navigateToLogin (/Users/rshirts/repos/robpass/tests/utils/playwright-helpers.ts:66:21)
        at /Users/rshirts/repos/robpass/tests/security/security-comprehensive.spec.ts:27:23

    attachment #1: screenshot (image/png) ──────────────────────────────────────────────────────────
    ../test-results/security-security-comprehe-7f37b-prevent-concurrent-sessions-chromium/test-failed-1.png
    ────────────────────────────────────────────────────────────────────────────────────────────────

    attachment #2: video (video/webm) ──────────────────────────────────────────────────────────────
    ../test-results/security-security-comprehe-7f37b-prevent-concurrent-sessions-chromium/video.webm
    ────────────────────────────────────────────────────────────────────────────────────────────────
]]>
</failure>
<system-err>
<![CDATA[
Warning: attachment security-security-comprehe-7f37b-prevent-concurrent-sessions-chromium/test-failed-1.png is missing
Warning: attachment security-security-comprehe-7f37b-prevent-concurrent-sessions-chromium/video.webm is missing]]>
</system-err>
</testcase>
<testcase name="Security Comprehensive Tests › Input Validation and Sanitization › should sanitize user inputs" classname="security/security-comprehensive.spec.ts" time="0.153">
<failure message="security-comprehensive.spec.ts:366:9 should sanitize user inputs" type="FAILURE">
<![CDATA[  [chromium] › security/security-comprehensive.spec.ts:366:9 › Security Comprehensive Tests › Input Validation and Sanitization › should sanitize user inputs 

    Error: page.goto: net::ERR_CONNECTION_REFUSED at http://localhost:3000/
    Call log:
      - navigating to "http://localhost:3000/", waiting until "load"


       at utils/playwright-helpers.ts:66

      64 |
      65 |   async navigateToLogin(): Promise<void> {
    > 66 |     await this.page.goto('/')
         |                     ^
      67 |     await expect(this.page.locator('h1:has-text("🔐 RobPass")')).toBeVisible()
      68 |   }
      69 |
        at AuthHelpers.navigateToLogin (/Users/rshirts/repos/robpass/tests/utils/playwright-helpers.ts:66:21)
        at /Users/rshirts/repos/robpass/tests/security/security-comprehensive.spec.ts:27:23

    attachment #1: screenshot (image/png) ──────────────────────────────────────────────────────────
    ../test-results/security-security-comprehe-5dda0-should-sanitize-user-inputs-chromium/test-failed-1.png
    ────────────────────────────────────────────────────────────────────────────────────────────────

    attachment #2: video (video/webm) ──────────────────────────────────────────────────────────────
    ../test-results/security-security-comprehe-5dda0-should-sanitize-user-inputs-chromium/video.webm
    ────────────────────────────────────────────────────────────────────────────────────────────────
]]>
</failure>
<system-err>
<![CDATA[
Warning: attachment security-security-comprehe-5dda0-should-sanitize-user-inputs-chromium/test-failed-1.png is missing
Warning: attachment security-security-comprehe-5dda0-should-sanitize-user-inputs-chromium/video.webm is missing]]>
</system-err>
</testcase>
<testcase name="Security Comprehensive Tests › Input Validation and Sanitization › should validate input lengths" classname="security/security-comprehensive.spec.ts" time="0.169">
<failure message="security-comprehensive.spec.ts:399:9 should validate input lengths" type="FAILURE">
<![CDATA[  [chromium] › security/security-comprehensive.spec.ts:399:9 › Security Comprehensive Tests › Input Validation and Sanitization › should validate input lengths 

    Error: page.goto: net::ERR_CONNECTION_REFUSED at http://localhost:3000/
    Call log:
      - navigating to "http://localhost:3000/", waiting until "load"


       at utils/playwright-helpers.ts:66

      64 |
      65 |   async navigateToLogin(): Promise<void> {
    > 66 |     await this.page.goto('/')
         |                     ^
      67 |     await expect(this.page.locator('h1:has-text("🔐 RobPass")')).toBeVisible()
      68 |   }
      69 |
        at AuthHelpers.navigateToLogin (/Users/rshirts/repos/robpass/tests/utils/playwright-helpers.ts:66:21)
        at /Users/rshirts/repos/robpass/tests/security/security-comprehensive.spec.ts:27:23

    attachment #1: screenshot (image/png) ──────────────────────────────────────────────────────────
    ../test-results/security-security-comprehe-e5ea1-ould-validate-input-lengths-chromium/test-failed-1.png
    ────────────────────────────────────────────────────────────────────────────────────────────────

    attachment #2: video (video/webm) ──────────────────────────────────────────────────────────────
    ../test-results/security-security-comprehe-e5ea1-ould-validate-input-lengths-chromium/video.webm
    ────────────────────────────────────────────────────────────────────────────────────────────────
]]>
</failure>
<system-err>
<![CDATA[
Warning: attachment security-security-comprehe-e5ea1-ould-validate-input-lengths-chromium/test-failed-1.png is missing
Warning: attachment security-security-comprehe-e5ea1-ould-validate-input-lengths-chromium/video.webm is missing]]>
</system-err>
</testcase>
</testsuite>
<testsuite name="security-validation.spec.ts" timestamp="2025-07-30T06:44:37.434Z" hostname="chromium" tests="8" failures="8" skipped="0" time="1.333" errors="0">
<testcase name="Core Security Validation › should demonstrate complete security flow - happy path" classname="security-validation.spec.ts" time="0.184">
<failure message="security-validation.spec.ts:8:7 should demonstrate complete security flow - happy path" type="FAILURE">
<![CDATA[  [chromium] › security-validation.spec.ts:8:7 › Core Security Validation › should demonstrate complete security flow - happy path 

    Error: page.goto: net::ERR_CONNECTION_REFUSED at http://localhost:3000/
    Call log:
      - navigating to "http://localhost:3000/", waiting until "load"


      3 | test.describe('Core Security Validation', () => {
      4 |   test.beforeEach(async ({ page }) => {
    > 5 |     await page.goto('/');
        |                ^
      6 |   });
      7 |
      8 |   test('should demonstrate complete security flow - happy path', async ({ page }) => {
        at /Users/rshirts/repos/robpass/tests/security-validation.spec.ts:5:16

    attachment #1: screenshot (image/png) ──────────────────────────────────────────────────────────
    ../test-results/security-validation-Core-S-4d2c1--security-flow---happy-path-chromium/test-failed-1.png
    ────────────────────────────────────────────────────────────────────────────────────────────────

    attachment #2: video (video/webm) ──────────────────────────────────────────────────────────────
    ../test-results/security-validation-Core-S-4d2c1--security-flow---happy-path-chromium/video.webm
    ────────────────────────────────────────────────────────────────────────────────────────────────
]]>
</failure>
<system-err>
<![CDATA[
Warning: attachment security-validation-Core-S-4d2c1--security-flow---happy-path-chromium/test-failed-1.png is missing
Warning: attachment security-validation-Core-S-4d2c1--security-flow---happy-path-chromium/video.webm is missing]]>
</system-err>
</testcase>
<testcase name="Core Security Validation › should reject wrong password - security validation" classname="security-validation.spec.ts" time="0.172">
<failure message="security-validation.spec.ts:60:7 should reject wrong password - security validation" type="FAILURE">
<![CDATA[  [chromium] › security-validation.spec.ts:60:7 › Core Security Validation › should reject wrong password - security validation 

    Error: page.goto: net::ERR_CONNECTION_REFUSED at http://localhost:3000/
    Call log:
      - navigating to "http://localhost:3000/", waiting until "load"


      3 | test.describe('Core Security Validation', () => {
      4 |   test.beforeEach(async ({ page }) => {
    > 5 |     await page.goto('/');
        |                ^
      6 |   });
      7 |
      8 |   test('should demonstrate complete security flow - happy path', async ({ page }) => {
        at /Users/rshirts/repos/robpass/tests/security-validation.spec.ts:5:16

    attachment #1: screenshot (image/png) ──────────────────────────────────────────────────────────
    ../test-results/security-validation-Core-S-412b8-sword---security-validation-chromium/test-failed-1.png
    ────────────────────────────────────────────────────────────────────────────────────────────────

    attachment #2: video (video/webm) ──────────────────────────────────────────────────────────────
    ../test-results/security-validation-Core-S-412b8-sword---security-validation-chromium/video.webm
    ────────────────────────────────────────────────────────────────────────────────────────────────
]]>
</failure>
<system-err>
<![CDATA[
Warning: attachment security-validation-Core-S-412b8-sword---security-validation-chromium/test-failed-1.png is missing
Warning: attachment security-validation-Core-S-412b8-sword---security-validation-chromium/video.webm is missing]]>
</system-err>
</testcase>
<testcase name="Core Security Validation › should prevent unauthorized API access" classname="security-validation.spec.ts" time="0.145">
<failure message="security-validation.spec.ts:90:7 should prevent unauthorized API access" type="FAILURE">
<![CDATA[  [chromium] › security-validation.spec.ts:90:7 › Core Security Validation › should prevent unauthorized API access 

    Error: page.goto: net::ERR_CONNECTION_REFUSED at http://localhost:3000/
    Call log:
      - navigating to "http://localhost:3000/", waiting until "load"


      3 | test.describe('Core Security Validation', () => {
      4 |   test.beforeEach(async ({ page }) => {
    > 5 |     await page.goto('/');
        |                ^
      6 |   });
      7 |
      8 |   test('should demonstrate complete security flow - happy path', async ({ page }) => {
        at /Users/rshirts/repos/robpass/tests/security-validation.spec.ts:5:16

    attachment #1: screenshot (image/png) ──────────────────────────────────────────────────────────
    ../test-results/security-validation-Core-S-d31a3-ent-unauthorized-API-access-chromium/test-failed-1.png
    ────────────────────────────────────────────────────────────────────────────────────────────────

    attachment #2: video (video/webm) ──────────────────────────────────────────────────────────────
    ../test-results/security-validation-Core-S-d31a3-ent-unauthorized-API-access-chromium/video.webm
    ────────────────────────────────────────────────────────────────────────────────────────────────
]]>
</failure>
<system-err>
<![CDATA[
Warning: attachment security-validation-Core-S-d31a3-ent-unauthorized-API-access-chromium/test-failed-1.png is missing
Warning: attachment security-validation-Core-S-d31a3-ent-unauthorized-API-access-chromium/video.webm is missing]]>
</system-err>
</testcase>
<testcase name="Core Security Validation › should prevent vault item creation without authentication" classname="security-validation.spec.ts" time="0.195">
<failure message="security-validation.spec.ts:100:7 should prevent vault item creation without authentication" type="FAILURE">
<![CDATA[  [chromium] › security-validation.spec.ts:100:7 › Core Security Validation › should prevent vault item creation without authentication 

    Error: page.goto: net::ERR_CONNECTION_REFUSED at http://localhost:3000/
    Call log:
      - navigating to "http://localhost:3000/", waiting until "load"


      3 | test.describe('Core Security Validation', () => {
      4 |   test.beforeEach(async ({ page }) => {
    > 5 |     await page.goto('/');
        |                ^
      6 |   });
      7 |
      8 |   test('should demonstrate complete security flow - happy path', async ({ page }) => {
        at /Users/rshirts/repos/robpass/tests/security-validation.spec.ts:5:16

    attachment #1: screenshot (image/png) ──────────────────────────────────────────────────────────
    ../test-results/security-validation-Core-S-0c607-tion-without-authentication-chromium/test-failed-1.png
    ────────────────────────────────────────────────────────────────────────────────────────────────

    attachment #2: video (video/webm) ──────────────────────────────────────────────────────────────
    ../test-results/security-validation-Core-S-0c607-tion-without-authentication-chromium/video.webm
    ────────────────────────────────────────────────────────────────────────────────────────────────
]]>
</failure>
<system-err>
<![CDATA[
Warning: attachment security-validation-Core-S-0c607-tion-without-authentication-chromium/test-failed-1.png is missing
Warning: attachment security-validation-Core-S-0c607-tion-without-authentication-chromium/video.webm is missing]]>
</system-err>
</testcase>
<testcase name="Core Security Validation › should isolate users - cannot access other users vault items" classname="security-validation.spec.ts" time="0.161">
<failure message="security-validation.spec.ts:115:7 should isolate users - cannot access other users vault items" type="FAILURE">
<![CDATA[  [chromium] › security-validation.spec.ts:115:7 › Core Security Validation › should isolate users - cannot access other users vault items 

    Error: page.goto: net::ERR_CONNECTION_REFUSED at http://localhost:3000/
    Call log:
      - navigating to "http://localhost:3000/", waiting until "load"


      3 | test.describe('Core Security Validation', () => {
      4 |   test.beforeEach(async ({ page }) => {
    > 5 |     await page.goto('/');
        |                ^
      6 |   });
      7 |
      8 |   test('should demonstrate complete security flow - happy path', async ({ page }) => {
        at /Users/rshirts/repos/robpass/tests/security-validation.spec.ts:5:16

    attachment #1: screenshot (image/png) ──────────────────────────────────────────────────────────
    ../test-results/security-validation-Core-S-5dfc8-ess-other-users-vault-items-chromium/test-failed-1.png
    ────────────────────────────────────────────────────────────────────────────────────────────────

    attachment #2: video (video/webm) ──────────────────────────────────────────────────────────────
    ../test-results/security-validation-Core-S-5dfc8-ess-other-users-vault-items-chromium/video.webm
    ────────────────────────────────────────────────────────────────────────────────────────────────
]]>
</failure>
<system-err>
<![CDATA[
Warning: attachment security-validation-Core-S-5dfc8-ess-other-users-vault-items-chromium/test-failed-1.png is missing
Warning: attachment security-validation-Core-S-5dfc8-ess-other-users-vault-items-chromium/video.webm is missing]]>
</system-err>
</testcase>
<testcase name="Core Security Validation › should validate registration input - weak password rejection" classname="security-validation.spec.ts" time="0.161">
<failure message="security-validation.spec.ts:152:7 should validate registration input - weak password rejection" type="FAILURE">
<![CDATA[  [chromium] › security-validation.spec.ts:152:7 › Core Security Validation › should validate registration input - weak password rejection 

    Error: page.goto: net::ERR_CONNECTION_REFUSED at http://localhost:3000/
    Call log:
      - navigating to "http://localhost:3000/", waiting until "load"


      3 | test.describe('Core Security Validation', () => {
      4 |   test.beforeEach(async ({ page }) => {
    > 5 |     await page.goto('/');
        |                ^
      6 |   });
      7 |
      8 |   test('should demonstrate complete security flow - happy path', async ({ page }) => {
        at /Users/rshirts/repos/robpass/tests/security-validation.spec.ts:5:16

    attachment #1: screenshot (image/png) ──────────────────────────────────────────────────────────
    ../test-results/security-validation-Core-S-7b8ba-t---weak-password-rejection-chromium/test-failed-1.png
    ────────────────────────────────────────────────────────────────────────────────────────────────

    attachment #2: video (video/webm) ──────────────────────────────────────────────────────────────
    ../test-results/security-validation-Core-S-7b8ba-t---weak-password-rejection-chromium/video.webm
    ────────────────────────────────────────────────────────────────────────────────────────────────
]]>
</failure>
<system-err>
<![CDATA[
Warning: attachment security-validation-Core-S-7b8ba-t---weak-password-rejection-chromium/test-failed-1.png is missing
Warning: attachment security-validation-Core-S-7b8ba-t---weak-password-rejection-chromium/video.webm is missing]]>
</system-err>
</testcase>
<testcase name="Core Security Validation › should validate registration input - password mismatch" classname="security-validation.spec.ts" time="0.139">
<failure message="security-validation.spec.ts:163:7 should validate registration input - password mismatch" type="FAILURE">
<![CDATA[  [chromium] › security-validation.spec.ts:163:7 › Core Security Validation › should validate registration input - password mismatch 

    Error: page.goto: net::ERR_CONNECTION_REFUSED at http://localhost:3000/
    Call log:
      - navigating to "http://localhost:3000/", waiting until "load"


      3 | test.describe('Core Security Validation', () => {
      4 |   test.beforeEach(async ({ page }) => {
    > 5 |     await page.goto('/');
        |                ^
      6 |   });
      7 |
      8 |   test('should demonstrate complete security flow - happy path', async ({ page }) => {
        at /Users/rshirts/repos/robpass/tests/security-validation.spec.ts:5:16

    attachment #1: screenshot (image/png) ──────────────────────────────────────────────────────────
    ../test-results/security-validation-Core-S-75b11-n-input---password-mismatch-chromium/test-failed-1.png
    ────────────────────────────────────────────────────────────────────────────────────────────────

    attachment #2: video (video/webm) ──────────────────────────────────────────────────────────────
    ../test-results/security-validation-Core-S-75b11-n-input---password-mismatch-chromium/video.webm
    ────────────────────────────────────────────────────────────────────────────────────────────────
]]>
</failure>
<system-err>
<![CDATA[
Warning: attachment security-validation-Core-S-75b11-n-input---password-mismatch-chromium/test-failed-1.png is missing
Warning: attachment security-validation-Core-S-75b11-n-input---password-mismatch-chromium/video.webm is missing]]>
</system-err>
</testcase>
<testcase name="Core Security Validation › should reject non-existent user login" classname="security-validation.spec.ts" time="0.176">
<failure message="security-validation.spec.ts:174:7 should reject non-existent user login" type="FAILURE">
<![CDATA[  [chromium] › security-validation.spec.ts:174:7 › Core Security Validation › should reject non-existent user login 

    Error: page.goto: net::ERR_CONNECTION_REFUSED at http://localhost:3000/
    Call log:
      - navigating to "http://localhost:3000/", waiting until "load"


      3 | test.describe('Core Security Validation', () => {
      4 |   test.beforeEach(async ({ page }) => {
    > 5 |     await page.goto('/');
        |                ^
      6 |   });
      7 |
      8 |   test('should demonstrate complete security flow - happy path', async ({ page }) => {
        at /Users/rshirts/repos/robpass/tests/security-validation.spec.ts:5:16

    attachment #1: screenshot (image/png) ──────────────────────────────────────────────────────────
    ../test-results/security-validation-Core-S-d9074-ect-non-existent-user-login-chromium/test-failed-1.png
    ────────────────────────────────────────────────────────────────────────────────────────────────

    attachment #2: video (video/webm) ──────────────────────────────────────────────────────────────
    ../test-results/security-validation-Core-S-d9074-ect-non-existent-user-login-chromium/video.webm
    ────────────────────────────────────────────────────────────────────────────────────────────────
]]>
</failure>
<system-err>
<![CDATA[
Warning: attachment security-validation-Core-S-d9074-ect-non-existent-user-login-chromium/test-failed-1.png is missing
Warning: attachment security-validation-Core-S-d9074-ect-non-existent-user-login-chromium/video.webm is missing]]>
</system-err>
</testcase>
</testsuite>
<testsuite name="vault-security.spec.ts" timestamp="2025-07-30T06:44:37.434Z" hostname="chromium" tests="10" failures="10" skipped="0" time="2.086" errors="0">
<testcase name="Vault Security Tests › Happy Path - Vault Operations › should successfully create, view, edit, and delete vault items" classname="vault-security.spec.ts" time="0.177">
<failure message="vault-security.spec.ts:29:9 should successfully create, view, edit, and delete vault items" type="FAILURE">
<![CDATA[  [chromium] › vault-security.spec.ts:29:9 › Vault Security Tests › Happy Path - Vault Operations › should successfully create, view, edit, and delete vault items 

    Error: page.goto: net::ERR_CONNECTION_REFUSED at http://localhost:3000/
    Call log:
      - navigating to "http://localhost:3000/", waiting until "load"


      4 |   // Helper function to register and login a user
      5 |   async function registerAndLogin(page: any, username: string, password: string) {
    > 6 |     await page.goto('/');
        |                ^
      7 |     await page.getByRole('button', { name: 'Create Account' }).click();
      8 |     await page.getByRole('textbox', { name: 'Username' }).fill(username);
      9 |     await page.getByRole('textbox', { name: 'Password', exact: true }).fill(password);
        at registerAndLogin (/Users/rshirts/repos/robpass/tests/vault-security.spec.ts:6:16)
        at /Users/rshirts/repos/robpass/tests/vault-security.spec.ts:34:13

    attachment #1: screenshot (image/png) ──────────────────────────────────────────────────────────
    ../test-results/vault-security-Vault-Secur-12bfa-edit-and-delete-vault-items-chromium/test-failed-1.png
    ────────────────────────────────────────────────────────────────────────────────────────────────

    attachment #2: video (video/webm) ──────────────────────────────────────────────────────────────
    ../test-results/vault-security-Vault-Secur-12bfa-edit-and-delete-vault-items-chromium/video.webm
    ────────────────────────────────────────────────────────────────────────────────────────────────
]]>
</failure>
<system-err>
<![CDATA[
Warning: attachment vault-security-Vault-Secur-12bfa-edit-and-delete-vault-items-chromium/test-failed-1.png is missing
Warning: attachment vault-security-Vault-Secur-12bfa-edit-and-delete-vault-items-chromium/video.webm is missing]]>
</system-err>
</testcase>
<testcase name="Vault Security Tests › Happy Path - Vault Operations › should support multiple vault items with search" classname="vault-security.spec.ts" time="0.183">
<failure message="vault-security.spec.ts:66:9 should support multiple vault items with search" type="FAILURE">
<![CDATA[  [chromium] › vault-security.spec.ts:66:9 › Vault Security Tests › Happy Path - Vault Operations › should support multiple vault items with search 

    Error: page.goto: net::ERR_CONNECTION_REFUSED at http://localhost:3000/
    Call log:
      - navigating to "http://localhost:3000/", waiting until "load"


      4 |   // Helper function to register and login a user
      5 |   async function registerAndLogin(page: any, username: string, password: string) {
    > 6 |     await page.goto('/');
        |                ^
      7 |     await page.getByRole('button', { name: 'Create Account' }).click();
      8 |     await page.getByRole('textbox', { name: 'Username' }).fill(username);
      9 |     await page.getByRole('textbox', { name: 'Password', exact: true }).fill(password);
        at registerAndLogin (/Users/rshirts/repos/robpass/tests/vault-security.spec.ts:6:16)
        at /Users/rshirts/repos/robpass/tests/vault-security.spec.ts:71:13

    attachment #1: screenshot (image/png) ──────────────────────────────────────────────────────────
    ../test-results/vault-security-Vault-Secur-2f38a-ple-vault-items-with-search-chromium/test-failed-1.png
    ────────────────────────────────────────────────────────────────────────────────────────────────

    attachment #2: video (video/webm) ──────────────────────────────────────────────────────────────
    ../test-results/vault-security-Vault-Secur-2f38a-ple-vault-items-with-search-chromium/video.webm
    ────────────────────────────────────────────────────────────────────────────────────────────────
]]>
</failure>
<system-err>
<![CDATA[
Warning: attachment vault-security-Vault-Secur-2f38a-ple-vault-items-with-search-chromium/test-failed-1.png is missing
Warning: attachment vault-security-Vault-Secur-2f38a-ple-vault-items-with-search-chromium/video.webm is missing]]>
</system-err>
</testcase>
<testcase name="Vault Security Tests › Happy Path - Vault Operations › should generate secure passwords" classname="vault-security.spec.ts" time="0.142">
<failure message="vault-security.spec.ts:94:9 should generate secure passwords" type="FAILURE">
<![CDATA[  [chromium] › vault-security.spec.ts:94:9 › Vault Security Tests › Happy Path - Vault Operations › should generate secure passwords 

    Error: page.goto: net::ERR_CONNECTION_REFUSED at http://localhost:3000/
    Call log:
      - navigating to "http://localhost:3000/", waiting until "load"


      4 |   // Helper function to register and login a user
      5 |   async function registerAndLogin(page: any, username: string, password: string) {
    > 6 |     await page.goto('/');
        |                ^
      7 |     await page.getByRole('button', { name: 'Create Account' }).click();
      8 |     await page.getByRole('textbox', { name: 'Username' }).fill(username);
      9 |     await page.getByRole('textbox', { name: 'Password', exact: true }).fill(password);
        at registerAndLogin (/Users/rshirts/repos/robpass/tests/vault-security.spec.ts:6:16)
        at /Users/rshirts/repos/robpass/tests/vault-security.spec.ts:99:13

    attachment #1: screenshot (image/png) ──────────────────────────────────────────────────────────
    ../test-results/vault-security-Vault-Secur-b2ed3-d-generate-secure-passwords-chromium/test-failed-1.png
    ────────────────────────────────────────────────────────────────────────────────────────────────

    attachment #2: video (video/webm) ──────────────────────────────────────────────────────────────
    ../test-results/vault-security-Vault-Secur-b2ed3-d-generate-secure-passwords-chromium/video.webm
    ────────────────────────────────────────────────────────────────────────────────────────────────
]]>
</failure>
<system-err>
<![CDATA[
Warning: attachment vault-security-Vault-Secur-b2ed3-d-generate-secure-passwords-chromium/test-failed-1.png is missing
Warning: attachment vault-security-Vault-Secur-b2ed3-d-generate-secure-passwords-chromium/video.webm is missing]]>
</system-err>
</testcase>
<testcase name="Vault Security Tests › Unhappy Path - Vault Security › should not allow access to vault without authentication" classname="vault-security.spec.ts" time="0.431">
<failure message="vault-security.spec.ts:125:9 should not allow access to vault without authentication" type="FAILURE">
<![CDATA[  [chromium] › vault-security.spec.ts:125:9 › Vault Security Tests › Unhappy Path - Vault Security › should not allow access to vault without authentication 

    Error: apiRequestContext.get: connect ECONNREFUSED ::1:3000
    Call log:
      - → GET http://localhost:3000/api/vault/items
        - user-agent: Mozilla/5.0 (Windows NT 10.0; Win64; x64) AppleWebKit/537.36 (KHTML, like Gecko) Chrome/139.0.7258.5 Safari/537.36
        - accept: */*
        - accept-encoding: gzip,deflate,br

        at apiRequestContext.get: connect ECONNREFUSED ::1:3000
        at /Users/rshirts/repos/robpass/tests/vault-security.spec.ts:127:43

    attachment #1: screenshot (image/png) ──────────────────────────────────────────────────────────
    ../test-results/vault-security-Vault-Secur-c7da9-ault-without-authentication-chromium/test-failed-1.png
    ────────────────────────────────────────────────────────────────────────────────────────────────

    attachment #2: video (video/webm) ──────────────────────────────────────────────────────────────
    ../test-results/vault-security-Vault-Secur-c7da9-ault-without-authentication-chromium/video.webm
    ────────────────────────────────────────────────────────────────────────────────────────────────
]]>
</failure>
<system-err>
<![CDATA[
Warning: attachment vault-security-Vault-Secur-c7da9-ault-without-authentication-chromium/test-failed-1.png is missing
Warning: attachment vault-security-Vault-Secur-c7da9-ault-without-authentication-chromium/video.webm is missing]]>
</system-err>
</testcase>
<testcase name="Vault Security Tests › Unhappy Path - Vault Security › should not allow creating vault items without authentication" classname="vault-security.spec.ts" time="0.41">
<failure message="vault-security.spec.ts:135:9 should not allow creating vault items without authentication" type="FAILURE">
<![CDATA[  [chromium] › vault-security.spec.ts:135:9 › Vault Security Tests › Unhappy Path - Vault Security › should not allow creating vault items without authentication 

    Error: apiRequestContext.post: connect ECONNREFUSED ::1:3000
    Call log:
      - → POST http://localhost:3000/api/vault/items
        - user-agent: Mozilla/5.0 (Windows NT 10.0; Win64; x64) AppleWebKit/537.36 (KHTML, like Gecko) Chrome/139.0.7258.5 Safari/537.36
        - accept: */*
        - accept-encoding: gzip,deflate,br
        - content-type: application/json
        - content-length: 82

        at apiRequestContext.post: connect ECONNREFUSED ::1:3000
        at /Users/rshirts/repos/robpass/tests/vault-security.spec.ts:136:43

    attachment #1: screenshot (image/png) ──────────────────────────────────────────────────────────
    ../test-results/vault-security-Vault-Secur-c4b39-tems-without-authentication-chromium/test-failed-1.png
    ────────────────────────────────────────────────────────────────────────────────────────────────

    attachment #2: video (video/webm) ──────────────────────────────────────────────────────────────
    ../test-results/vault-security-Vault-Secur-c4b39-tems-without-authentication-chromium/video.webm
    ────────────────────────────────────────────────────────────────────────────────────────────────
]]>
</failure>
<system-err>
<![CDATA[
Warning: attachment vault-security-Vault-Secur-c4b39-tems-without-authentication-chromium/test-failed-1.png is missing
Warning: attachment vault-security-Vault-Secur-c4b39-tems-without-authentication-chromium/video.webm is missing]]>
</system-err>
</testcase>
<testcase name="Vault Security Tests › Unhappy Path - Vault Security › should validate vault item input data" classname="vault-security.spec.ts" time="0.161">
<failure message="vault-security.spec.ts:150:9 should validate vault item input data" type="FAILURE">
<![CDATA[  [chromium] › vault-security.spec.ts:150:9 › Vault Security Tests › Unhappy Path - Vault Security › should validate vault item input data 

    Error: page.goto: net::ERR_CONNECTION_REFUSED at http://localhost:3000/
    Call log:
      - navigating to "http://localhost:3000/", waiting until "load"


      4 |   // Helper function to register and login a user
      5 |   async function registerAndLogin(page: any, username: string, password: string) {
    > 6 |     await page.goto('/');
        |                ^
      7 |     await page.getByRole('button', { name: 'Create Account' }).click();
      8 |     await page.getByRole('textbox', { name: 'Username' }).fill(username);
      9 |     await page.getByRole('textbox', { name: 'Password', exact: true }).fill(password);
        at registerAndLogin (/Users/rshirts/repos/robpass/tests/vault-security.spec.ts:6:16)
        at /Users/rshirts/repos/robpass/tests/vault-security.spec.ts:155:13

    attachment #1: screenshot (image/png) ──────────────────────────────────────────────────────────
    ../test-results/vault-security-Vault-Secur-aba6a-idate-vault-item-input-data-chromium/test-failed-1.png
    ────────────────────────────────────────────────────────────────────────────────────────────────

    attachment #2: video (video/webm) ──────────────────────────────────────────────────────────────
    ../test-results/vault-security-Vault-Secur-aba6a-idate-vault-item-input-data-chromium/video.webm
    ────────────────────────────────────────────────────────────────────────────────────────────────
]]>
</failure>
<system-err>
<![CDATA[
Warning: attachment vault-security-Vault-Secur-aba6a-idate-vault-item-input-data-chromium/test-failed-1.png is missing
Warning: attachment vault-security-Vault-Secur-aba6a-idate-vault-item-input-data-chromium/video.webm is missing]]>
</system-err>
</testcase>
<testcase name="Vault Security Tests › Unhappy Path - Vault Security › should not decrypt vault items with wrong master key" classname="vault-security.spec.ts" time="0.129">
<failure message="vault-security.spec.ts:169:9 should not decrypt vault items with wrong master key" type="FAILURE">
<![CDATA[  [chromium] › vault-security.spec.ts:169:9 › Vault Security Tests › Unhappy Path - Vault Security › should not decrypt vault items with wrong master key 

    Error: page.goto: net::ERR_CONNECTION_REFUSED at http://localhost:3000/
    Call log:
      - navigating to "http://localhost:3000/", waiting until "load"


      4 |   // Helper function to register and login a user
      5 |   async function registerAndLogin(page: any, username: string, password: string) {
    > 6 |     await page.goto('/');
        |                ^
      7 |     await page.getByRole('button', { name: 'Create Account' }).click();
      8 |     await page.getByRole('textbox', { name: 'Username' }).fill(username);
      9 |     await page.getByRole('textbox', { name: 'Password', exact: true }).fill(password);
        at registerAndLogin (/Users/rshirts/repos/robpass/tests/vault-security.spec.ts:6:16)
        at /Users/rshirts/repos/robpass/tests/vault-security.spec.ts:177:13

    attachment #1: screenshot (image/png) ──────────────────────────────────────────────────────────
    ../test-results/vault-security-Vault-Secur-7dd8e-items-with-wrong-master-key-chromium/test-failed-1.png
    ────────────────────────────────────────────────────────────────────────────────────────────────

    attachment #2: video (video/webm) ──────────────────────────────────────────────────────────────
    ../test-results/vault-security-Vault-Secur-7dd8e-items-with-wrong-master-key-chromium/video.webm
    ────────────────────────────────────────────────────────────────────────────────────────────────
]]>
</failure>
<system-err>
<![CDATA[
Warning: attachment vault-security-Vault-Secur-7dd8e-items-with-wrong-master-key-chromium/test-failed-1.png is missing
Warning: attachment vault-security-Vault-Secur-7dd8e-items-with-wrong-master-key-chromium/video.webm is missing]]>
</system-err>
</testcase>
<testcase name="Vault Security Tests › Unhappy Path - Vault Security › should handle session expiration gracefully" classname="vault-security.spec.ts" time="0.149">
<failure message="vault-security.spec.ts:195:9 should handle session expiration gracefully" type="FAILURE">
<![CDATA[  [chromium] › vault-security.spec.ts:195:9 › Vault Security Tests › Unhappy Path - Vault Security › should handle session expiration gracefully 

    Error: page.goto: net::ERR_CONNECTION_REFUSED at http://localhost:3000/
    Call log:
      - navigating to "http://localhost:3000/", waiting until "load"


      4 |   // Helper function to register and login a user
      5 |   async function registerAndLogin(page: any, username: string, password: string) {
    > 6 |     await page.goto('/');
        |                ^
      7 |     await page.getByRole('button', { name: 'Create Account' }).click();
      8 |     await page.getByRole('textbox', { name: 'Username' }).fill(username);
      9 |     await page.getByRole('textbox', { name: 'Password', exact: true }).fill(password);
        at registerAndLogin (/Users/rshirts/repos/robpass/tests/vault-security.spec.ts:6:16)
        at /Users/rshirts/repos/robpass/tests/vault-security.spec.ts:200:13

    attachment #1: screenshot (image/png) ──────────────────────────────────────────────────────────
    ../test-results/vault-security-Vault-Secur-927aa-ssion-expiration-gracefully-chromium/test-failed-1.png
    ────────────────────────────────────────────────────────────────────────────────────────────────

    attachment #2: video (video/webm) ──────────────────────────────────────────────────────────────
    ../test-results/vault-security-Vault-Secur-927aa-ssion-expiration-gracefully-chromium/video.webm
    ────────────────────────────────────────────────────────────────────────────────────────────────
]]>
</failure>
<system-err>
<![CDATA[
Warning: attachment vault-security-Vault-Secur-927aa-ssion-expiration-gracefully-chromium/test-failed-1.png is missing
Warning: attachment vault-security-Vault-Secur-927aa-ssion-expiration-gracefully-chromium/video.webm is missing]]>
</system-err>
</testcase>
<testcase name="Vault Security Tests › Unhappy Path - Vault Security › should prevent unauthorized vault item access via API" classname="vault-security.spec.ts" time="0.152">
<failure message="vault-security.spec.ts:217:9 should prevent unauthorized vault item access via API" type="FAILURE">
<![CDATA[  [chromium] › vault-security.spec.ts:217:9 › Vault Security Tests › Unhappy Path - Vault Security › should prevent unauthorized vault item access via API 

    Error: page.goto: net::ERR_CONNECTION_REFUSED at http://localhost:3000/
    Call log:
      - navigating to "http://localhost:3000/", waiting until "load"


      4 |   // Helper function to register and login a user
      5 |   async function registerAndLogin(page: any, username: string, password: string) {
    > 6 |     await page.goto('/');
        |                ^
      7 |     await page.getByRole('button', { name: 'Create Account' }).click();
      8 |     await page.getByRole('textbox', { name: 'Username' }).fill(username);
      9 |     await page.getByRole('textbox', { name: 'Password', exact: true }).fill(password);
        at registerAndLogin (/Users/rshirts/repos/robpass/tests/vault-security.spec.ts:6:16)
        at /Users/rshirts/repos/robpass/tests/vault-security.spec.ts:224:13

    attachment #1: screenshot (image/png) ──────────────────────────────────────────────────────────
    ../test-results/vault-security-Vault-Secur-458ef-d-vault-item-access-via-API-chromium/test-failed-1.png
    ────────────────────────────────────────────────────────────────────────────────────────────────

    attachment #2: video (video/webm) ──────────────────────────────────────────────────────────────
    ../test-results/vault-security-Vault-Secur-458ef-d-vault-item-access-via-API-chromium/video.webm
    ────────────────────────────────────────────────────────────────────────────────────────────────
]]>
</failure>
<system-err>
<![CDATA[
Warning: attachment vault-security-Vault-Secur-458ef-d-vault-item-access-via-API-chromium/test-failed-1.png is missing
Warning: attachment vault-security-Vault-Secur-458ef-d-vault-item-access-via-API-chromium/video.webm is missing]]>
</system-err>
</testcase>
<testcase name="Vault Security Tests › Unhappy Path - Vault Security › should validate password strength requirements" classname="vault-security.spec.ts" time="0.152">
<failure message="vault-security.spec.ts:251:9 should validate password strength requirements" type="FAILURE">
<![CDATA[  [chromium] › vault-security.spec.ts:251:9 › Vault Security Tests › Unhappy Path - Vault Security › should validate password strength requirements 

    Error: page.goto: net::ERR_CONNECTION_REFUSED at http://localhost:3000/
    Call log:
      - navigating to "http://localhost:3000/", waiting until "load"


      4 |   // Helper function to register and login a user
      5 |   async function registerAndLogin(page: any, username: string, password: string) {
    > 6 |     await page.goto('/');
        |                ^
      7 |     await page.getByRole('button', { name: 'Create Account' }).click();
      8 |     await page.getByRole('textbox', { name: 'Username' }).fill(username);
      9 |     await page.getByRole('textbox', { name: 'Password', exact: true }).fill(password);
        at registerAndLogin (/Users/rshirts/repos/robpass/tests/vault-security.spec.ts:6:16)
        at /Users/rshirts/repos/robpass/tests/vault-security.spec.ts:256:13

    attachment #1: screenshot (image/png) ──────────────────────────────────────────────────────────
    ../test-results/vault-security-Vault-Secur-80170-sword-strength-requirements-chromium/test-failed-1.png
    ────────────────────────────────────────────────────────────────────────────────────────────────

    attachment #2: video (video/webm) ──────────────────────────────────────────────────────────────
    ../test-results/vault-security-Vault-Secur-80170-sword-strength-requirements-chromium/video.webm
    ────────────────────────────────────────────────────────────────────────────────────────────────
]]>
</failure>
<system-err>
<![CDATA[
Warning: attachment vault-security-Vault-Secur-80170-sword-strength-requirements-chromium/test-failed-1.png is missing
Warning: attachment vault-security-Vault-Secur-80170-sword-strength-requirements-chromium/video.webm is missing]]>
</system-err>
</testcase>
</testsuite>
<testsuite name="auth-security.spec.ts" timestamp="2025-07-30T06:44:37.434Z" hostname="firefox" tests="9" failures="9" skipped="0" time="8.173" errors="0">
<testcase name="Authentication Security Tests › Happy Path - Valid Authentication › should successfully register and login with valid credentials" classname="auth-security.spec.ts" time="0.862">
<failure message="auth-security.spec.ts:10:9 should successfully register and login with valid credentials" type="FAILURE">
<![CDATA[  [firefox] › auth-security.spec.ts:10:9 › Authentication Security Tests › Happy Path - Valid Authentication › should successfully register and login with valid credentials 

    Error: page.goto: NS_ERROR_CONNECTION_REFUSED
    Call log:
      - navigating to "http://localhost:3000/", waiting until "load"


      4 | test.describe('Authentication Security Tests', () => {
      5 |   test.beforeEach(async ({ page }) => {
    > 6 |     await page.goto('/');
        |                ^
      7 |   });
      8 |
      9 |   test.describe('Happy Path - Valid Authentication', () => {
        at /Users/rshirts/repos/robpass/tests/auth-security.spec.ts:6:16

    attachment #1: screenshot (image/png) ──────────────────────────────────────────────────────────
    ../test-results/auth-security-Authenticati-8cfd9-ogin-with-valid-credentials-firefox/test-failed-1.png
    ────────────────────────────────────────────────────────────────────────────────────────────────

    attachment #2: video (video/webm) ──────────────────────────────────────────────────────────────
    ../test-results/auth-security-Authenticati-8cfd9-ogin-with-valid-credentials-firefox/video.webm
    ────────────────────────────────────────────────────────────────────────────────────────────────

    Error Context: ../test-results/auth-security-Authenticati-8cfd9-ogin-with-valid-credentials-firefox/error-context.md
]]>
</failure>
<system-err>
<![CDATA[
Warning: attachment auth-security-Authenticati-8cfd9-ogin-with-valid-credentials-firefox/test-failed-1.png is missing
Warning: attachment auth-security-Authenticati-8cfd9-ogin-with-valid-credentials-firefox/video.webm is missing
Warning: attachment auth-security-Authenticati-8cfd9-ogin-with-valid-credentials-firefox/error-context.md is missing]]>
</system-err>
</testcase>
<testcase name="Authentication Security Tests › Happy Path - Valid Authentication › should successfully create and decrypt vault items" classname="auth-security.spec.ts" time="0.982">
<failure message="auth-security.spec.ts:39:9 should successfully create and decrypt vault items" type="FAILURE">
<![CDATA[  [firefox] › auth-security.spec.ts:39:9 › Authentication Security Tests › Happy Path - Valid Authentication › should successfully create and decrypt vault items 

    Error: page.goto: NS_ERROR_CONNECTION_REFUSED
    Call log:
      - navigating to "http://localhost:3000/", waiting until "load"


      4 | test.describe('Authentication Security Tests', () => {
      5 |   test.beforeEach(async ({ page }) => {
    > 6 |     await page.goto('/');
        |                ^
      7 |   });
      8 |
      9 |   test.describe('Happy Path - Valid Authentication', () => {
        at /Users/rshirts/repos/robpass/tests/auth-security.spec.ts:6:16

    attachment #1: screenshot (image/png) ──────────────────────────────────────────────────────────
    ../test-results/auth-security-Authenticati-3b45b-ate-and-decrypt-vault-items-firefox/test-failed-1.png
    ────────────────────────────────────────────────────────────────────────────────────────────────

    attachment #2: video (video/webm) ──────────────────────────────────────────────────────────────
    ../test-results/auth-security-Authenticati-3b45b-ate-and-decrypt-vault-items-firefox/video.webm
    ────────────────────────────────────────────────────────────────────────────────────────────────

    Error Context: ../test-results/auth-security-Authenticati-3b45b-ate-and-decrypt-vault-items-firefox/error-context.md
]]>
</failure>
<system-err>
<![CDATA[
Warning: attachment auth-security-Authenticati-3b45b-ate-and-decrypt-vault-items-firefox/test-failed-1.png is missing
Warning: attachment auth-security-Authenticati-3b45b-ate-and-decrypt-vault-items-firefox/video.webm is missing
Warning: attachment auth-security-Authenticati-3b45b-ate-and-decrypt-vault-items-firefox/error-context.md is missing]]>
</system-err>
</testcase>
<testcase name="Authentication Security Tests › Unhappy Path - Invalid Authentication › should reject registration with weak password" classname="auth-security.spec.ts" time="0.896">
<failure message="auth-security.spec.ts:78:9 should reject registration with weak password" type="FAILURE">
<![CDATA[  [firefox] › auth-security.spec.ts:78:9 › Authentication Security Tests › Unhappy Path - Invalid Authentication › should reject registration with weak password 

    Error: page.goto: NS_ERROR_CONNECTION_REFUSED
    Call log:
      - navigating to "http://localhost:3000/", waiting until "load"


      4 | test.describe('Authentication Security Tests', () => {
      5 |   test.beforeEach(async ({ page }) => {
    > 6 |     await page.goto('/');
        |                ^
      7 |   });
      8 |
      9 |   test.describe('Happy Path - Valid Authentication', () => {
        at /Users/rshirts/repos/robpass/tests/auth-security.spec.ts:6:16

    attachment #1: screenshot (image/png) ──────────────────────────────────────────────────────────
    ../test-results/auth-security-Authenticati-be9c4-stration-with-weak-password-firefox/test-failed-1.png
    ────────────────────────────────────────────────────────────────────────────────────────────────

    attachment #2: video (video/webm) ──────────────────────────────────────────────────────────────
    ../test-results/auth-security-Authenticati-be9c4-stration-with-weak-password-firefox/video.webm
    ────────────────────────────────────────────────────────────────────────────────────────────────

    Error Context: ../test-results/auth-security-Authenticati-be9c4-stration-with-weak-password-firefox/error-context.md
]]>
</failure>
<system-err>
<![CDATA[
Warning: attachment auth-security-Authenticati-be9c4-stration-with-weak-password-firefox/test-failed-1.png is missing
Warning: attachment auth-security-Authenticati-be9c4-stration-with-weak-password-firefox/video.webm is missing
Warning: attachment auth-security-Authenticati-be9c4-stration-with-weak-password-firefox/error-context.md is missing]]>
</system-err>
</testcase>
<testcase name="Authentication Security Tests › Unhappy Path - Invalid Authentication › should reject registration with mismatched passwords" classname="auth-security.spec.ts" time="0.926">
<failure message="auth-security.spec.ts:88:9 should reject registration with mismatched passwords" type="FAILURE">
<![CDATA[  [firefox] › auth-security.spec.ts:88:9 › Authentication Security Tests › Unhappy Path - Invalid Authentication › should reject registration with mismatched passwords 

    Error: page.goto: NS_ERROR_CONNECTION_REFUSED
    Call log:
      - navigating to "http://localhost:3000/", waiting until "load"


      4 | test.describe('Authentication Security Tests', () => {
      5 |   test.beforeEach(async ({ page }) => {
    > 6 |     await page.goto('/');
        |                ^
      7 |   });
      8 |
      9 |   test.describe('Happy Path - Valid Authentication', () => {
        at /Users/rshirts/repos/robpass/tests/auth-security.spec.ts:6:16

    attachment #1: screenshot (image/png) ──────────────────────────────────────────────────────────
    ../test-results/auth-security-Authenticati-2552a-n-with-mismatched-passwords-firefox/test-failed-1.png
    ────────────────────────────────────────────────────────────────────────────────────────────────

    attachment #2: video (video/webm) ──────────────────────────────────────────────────────────────
    ../test-results/auth-security-Authenticati-2552a-n-with-mismatched-passwords-firefox/video.webm
    ────────────────────────────────────────────────────────────────────────────────────────────────

    Error Context: ../test-results/auth-security-Authenticati-2552a-n-with-mismatched-passwords-firefox/error-context.md
]]>
</failure>
<system-err>
<![CDATA[
Warning: attachment auth-security-Authenticati-2552a-n-with-mismatched-passwords-firefox/test-failed-1.png is missing
Warning: attachment auth-security-Authenticati-2552a-n-with-mismatched-passwords-firefox/video.webm is missing
Warning: attachment auth-security-Authenticati-2552a-n-with-mismatched-passwords-firefox/error-context.md is missing]]>
</system-err>
</testcase>
<testcase name="Authentication Security Tests › Unhappy Path - Invalid Authentication › should reject login with wrong password" classname="auth-security.spec.ts" time="0.851">
<failure message="auth-security.spec.ts:98:9 should reject login with wrong password" type="FAILURE">
<![CDATA[  [firefox] › auth-security.spec.ts:98:9 › Authentication Security Tests › Unhappy Path - Invalid Authentication › should reject login with wrong password 

    Error: page.goto: NS_ERROR_CONNECTION_REFUSED
    Call log:
      - navigating to "http://localhost:3000/", waiting until "load"


      4 | test.describe('Authentication Security Tests', () => {
      5 |   test.beforeEach(async ({ page }) => {
    > 6 |     await page.goto('/');
        |                ^
      7 |   });
      8 |
      9 |   test.describe('Happy Path - Valid Authentication', () => {
        at /Users/rshirts/repos/robpass/tests/auth-security.spec.ts:6:16

    attachment #1: screenshot (image/png) ──────────────────────────────────────────────────────────
    ../test-results/auth-security-Authenticati-0e9e4-t-login-with-wrong-password-firefox/test-failed-1.png
    ────────────────────────────────────────────────────────────────────────────────────────────────

    attachment #2: video (video/webm) ──────────────────────────────────────────────────────────────
    ../test-results/auth-security-Authenticati-0e9e4-t-login-with-wrong-password-firefox/video.webm
    ────────────────────────────────────────────────────────────────────────────────────────────────

    Error Context: ../test-results/auth-security-Authenticati-0e9e4-t-login-with-wrong-password-firefox/error-context.md
]]>
</failure>
<system-err>
<![CDATA[
Warning: attachment auth-security-Authenticati-0e9e4-t-login-with-wrong-password-firefox/test-failed-1.png is missing
Warning: attachment auth-security-Authenticati-0e9e4-t-login-with-wrong-password-firefox/video.webm is missing
Warning: attachment auth-security-Authenticati-0e9e4-t-login-with-wrong-password-firefox/error-context.md is missing]]>
</system-err>
</testcase>
<testcase name="Authentication Security Tests › Unhappy Path - Invalid Authentication › should reject login with non-existent user" classname="auth-security.spec.ts" time="0.906">
<failure message="auth-security.spec.ts:127:9 should reject login with non-existent user" type="FAILURE">
<![CDATA[  [firefox] › auth-security.spec.ts:127:9 › Authentication Security Tests › Unhappy Path - Invalid Authentication › should reject login with non-existent user 

    Error: page.goto: NS_ERROR_CONNECTION_REFUSED
    Call log:
      - navigating to "http://localhost:3000/", waiting until "load"


      4 | test.describe('Authentication Security Tests', () => {
      5 |   test.beforeEach(async ({ page }) => {
    > 6 |     await page.goto('/');
        |                ^
      7 |   });
      8 |
      9 |   test.describe('Happy Path - Valid Authentication', () => {
        at /Users/rshirts/repos/robpass/tests/auth-security.spec.ts:6:16

    attachment #1: screenshot (image/png) ──────────────────────────────────────────────────────────
    ../test-results/auth-security-Authenticati-d7c21-ogin-with-non-existent-user-firefox/test-failed-1.png
    ────────────────────────────────────────────────────────────────────────────────────────────────

    attachment #2: video (video/webm) ──────────────────────────────────────────────────────────────
    ../test-results/auth-security-Authenticati-d7c21-ogin-with-non-existent-user-firefox/video.webm
    ────────────────────────────────────────────────────────────────────────────────────────────────

    Error Context: ../test-results/auth-security-Authenticati-d7c21-ogin-with-non-existent-user-firefox/error-context.md
]]>
</failure>
<system-err>
<![CDATA[
Warning: attachment auth-security-Authenticati-d7c21-ogin-with-non-existent-user-firefox/test-failed-1.png is missing
Warning: attachment auth-security-Authenticati-d7c21-ogin-with-non-existent-user-firefox/video.webm is missing
Warning: attachment auth-security-Authenticati-d7c21-ogin-with-non-existent-user-firefox/error-context.md is missing]]>
</system-err>
</testcase>
<testcase name="Authentication Security Tests › Unhappy Path - Invalid Authentication › should reject duplicate username registration" classname="auth-security.spec.ts" time="0.957">
<failure message="auth-security.spec.ts:135:9 should reject duplicate username registration" type="FAILURE">
<![CDATA[  [firefox] › auth-security.spec.ts:135:9 › Authentication Security Tests › Unhappy Path - Invalid Authentication › should reject duplicate username registration 

    Error: page.goto: NS_ERROR_CONNECTION_REFUSED
    Call log:
      - navigating to "http://localhost:3000/", waiting until "load"


      4 | test.describe('Authentication Security Tests', () => {
      5 |   test.beforeEach(async ({ page }) => {
    > 6 |     await page.goto('/');
        |                ^
      7 |   });
      8 |
      9 |   test.describe('Happy Path - Valid Authentication', () => {
        at /Users/rshirts/repos/robpass/tests/auth-security.spec.ts:6:16

    attachment #1: screenshot (image/png) ──────────────────────────────────────────────────────────
    ../test-results/auth-security-Authenticati-8ea92-icate-username-registration-firefox/test-failed-1.png
    ────────────────────────────────────────────────────────────────────────────────────────────────

    attachment #2: video (video/webm) ──────────────────────────────────────────────────────────────
    ../test-results/auth-security-Authenticati-8ea92-icate-username-registration-firefox/video.webm
    ────────────────────────────────────────────────────────────────────────────────────────────────

    Error Context: ../test-results/auth-security-Authenticati-8ea92-icate-username-registration-firefox/error-context.md
]]>
</failure>
<system-err>
<![CDATA[
Warning: attachment auth-security-Authenticati-8ea92-icate-username-registration-firefox/test-failed-1.png is missing
Warning: attachment auth-security-Authenticati-8ea92-icate-username-registration-firefox/video.webm is missing
Warning: attachment auth-security-Authenticati-8ea92-icate-username-registration-firefox/error-context.md is missing]]>
</system-err>
</testcase>
<testcase name="Authentication Security Tests › Session Security › should maintain session after page refresh" classname="auth-security.spec.ts" time="0.908">
<failure message="auth-security.spec.ts:165:9 should maintain session after page refresh" type="FAILURE">
<![CDATA[  [firefox] › auth-security.spec.ts:165:9 › Authentication Security Tests › Session Security › should maintain session after page refresh 

    Error: page.goto: NS_ERROR_CONNECTION_REFUSED
    Call log:
      - navigating to "http://localhost:3000/", waiting until "load"


      4 | test.describe('Authentication Security Tests', () => {
      5 |   test.beforeEach(async ({ page }) => {
    > 6 |     await page.goto('/');
        |                ^
      7 |   });
      8 |
      9 |   test.describe('Happy Path - Valid Authentication', () => {
        at /Users/rshirts/repos/robpass/tests/auth-security.spec.ts:6:16

    attachment #1: screenshot (image/png) ──────────────────────────────────────────────────────────
    ../test-results/auth-security-Authenticati-61eb0--session-after-page-refresh-firefox/test-failed-1.png
    ────────────────────────────────────────────────────────────────────────────────────────────────

    attachment #2: video (video/webm) ──────────────────────────────────────────────────────────────
    ../test-results/auth-security-Authenticati-61eb0--session-after-page-refresh-firefox/video.webm
    ────────────────────────────────────────────────────────────────────────────────────────────────

    Error Context: ../test-results/auth-security-Authenticati-61eb0--session-after-page-refresh-firefox/error-context.md
]]>
</failure>
<system-err>
<![CDATA[
Warning: attachment auth-security-Authenticati-61eb0--session-after-page-refresh-firefox/test-failed-1.png is missing
Warning: attachment auth-security-Authenticati-61eb0--session-after-page-refresh-firefox/video.webm is missing
Warning: attachment auth-security-Authenticati-61eb0--session-after-page-refresh-firefox/error-context.md is missing]]>
</system-err>
</testcase>
<testcase name="Authentication Security Tests › Session Security › should clear session on logout" classname="auth-security.spec.ts" time="0.885">
<failure message="auth-security.spec.ts:187:9 should clear session on logout" type="FAILURE">
<![CDATA[  [firefox] › auth-security.spec.ts:187:9 › Authentication Security Tests › Session Security › should clear session on logout 

    Error: page.goto: NS_ERROR_CONNECTION_REFUSED
    Call log:
      - navigating to "http://localhost:3000/", waiting until "load"


      4 | test.describe('Authentication Security Tests', () => {
      5 |   test.beforeEach(async ({ page }) => {
    > 6 |     await page.goto('/');
        |                ^
      7 |   });
      8 |
      9 |   test.describe('Happy Path - Valid Authentication', () => {
        at /Users/rshirts/repos/robpass/tests/auth-security.spec.ts:6:16

    attachment #1: screenshot (image/png) ──────────────────────────────────────────────────────────
    ../test-results/auth-security-Authenticati-22cfe-uld-clear-session-on-logout-firefox/test-failed-1.png
    ────────────────────────────────────────────────────────────────────────────────────────────────

    attachment #2: video (video/webm) ──────────────────────────────────────────────────────────────
    ../test-results/auth-security-Authenticati-22cfe-uld-clear-session-on-logout-firefox/video.webm
    ────────────────────────────────────────────────────────────────────────────────────────────────

    Error Context: ../test-results/auth-security-Authenticati-22cfe-uld-clear-session-on-logout-firefox/error-context.md
]]>
</failure>
<system-err>
<![CDATA[
Warning: attachment auth-security-Authenticati-22cfe-uld-clear-session-on-logout-firefox/test-failed-1.png is missing
Warning: attachment auth-security-Authenticati-22cfe-uld-clear-session-on-logout-firefox/video.webm is missing
Warning: attachment auth-security-Authenticati-22cfe-uld-clear-session-on-logout-firefox/error-context.md is missing]]>
</system-err>
</testcase>
</testsuite>
<testsuite name="auth.spec.ts" timestamp="2025-07-30T06:44:37.434Z" hostname="firefox" tests="9" failures="9" skipped="0" time="8.899" errors="0">
<testcase name="Authentication Flow › should display the main page with authentication forms" classname="auth.spec.ts" time="0.889">
<failure message="auth.spec.ts:8:7 should display the main page with authentication forms" type="FAILURE">
<![CDATA[  [firefox] › auth.spec.ts:8:7 › Authentication Flow › should display the main page with authentication forms 

    Error: page.goto: NS_ERROR_CONNECTION_REFUSED
    Call log:
      - navigating to "http://localhost:3000/", waiting until "load"


      3 | test.describe('Authentication Flow', () => {
      4 |   test.beforeEach(async ({ page }) => {
    > 5 |     await page.goto('/');
        |                ^
      6 |   });
      7 |
      8 |   test('should display the main page with authentication forms', async ({ page }) => {
        at /Users/rshirts/repos/robpass/tests/auth.spec.ts:5:16

    attachment #1: screenshot (image/png) ──────────────────────────────────────────────────────────
    ../test-results/auth-Authentication-Flow-s-e0a9d-e-with-authentication-forms-firefox/test-failed-1.png
    ────────────────────────────────────────────────────────────────────────────────────────────────

    attachment #2: video (video/webm) ──────────────────────────────────────────────────────────────
    ../test-results/auth-Authentication-Flow-s-e0a9d-e-with-authentication-forms-firefox/video.webm
    ────────────────────────────────────────────────────────────────────────────────────────────────

    Error Context: ../test-results/auth-Authentication-Flow-s-e0a9d-e-with-authentication-forms-firefox/error-context.md
]]>
</failure>
<system-err>
<![CDATA[
Warning: attachment auth-Authentication-Flow-s-e0a9d-e-with-authentication-forms-firefox/test-failed-1.png is missing
Warning: attachment auth-Authentication-Flow-s-e0a9d-e-with-authentication-forms-firefox/video.webm is missing
Warning: attachment auth-Authentication-Flow-s-e0a9d-e-with-authentication-forms-firefox/error-context.md is missing]]>
</system-err>
</testcase>
<testcase name="Authentication Flow › should switch between login and registration forms" classname="auth.spec.ts" time="0.933">
<failure message="auth.spec.ts:23:7 should switch between login and registration forms" type="FAILURE">
<![CDATA[  [firefox] › auth.spec.ts:23:7 › Authentication Flow › should switch between login and registration forms 

    Error: page.goto: NS_ERROR_CONNECTION_REFUSED
    Call log:
      - navigating to "http://localhost:3000/", waiting until "load"


      3 | test.describe('Authentication Flow', () => {
      4 |   test.beforeEach(async ({ page }) => {
    > 5 |     await page.goto('/');
        |                ^
      6 |   });
      7 |
      8 |   test('should display the main page with authentication forms', async ({ page }) => {
        at /Users/rshirts/repos/robpass/tests/auth.spec.ts:5:16

    attachment #1: screenshot (image/png) ──────────────────────────────────────────────────────────
    ../test-results/auth-Authentication-Flow-s-968df-ogin-and-registration-forms-firefox/test-failed-1.png
    ────────────────────────────────────────────────────────────────────────────────────────────────

    attachment #2: video (video/webm) ──────────────────────────────────────────────────────────────
    ../test-results/auth-Authentication-Flow-s-968df-ogin-and-registration-forms-firefox/video.webm
    ────────────────────────────────────────────────────────────────────────────────────────────────

    Error Context: ../test-results/auth-Authentication-Flow-s-968df-ogin-and-registration-forms-firefox/error-context.md
]]>
</failure>
<system-err>
<![CDATA[
Warning: attachment auth-Authentication-Flow-s-968df-ogin-and-registration-forms-firefox/test-failed-1.png is missing
Warning: attachment auth-Authentication-Flow-s-968df-ogin-and-registration-forms-firefox/video.webm is missing
Warning: attachment auth-Authentication-Flow-s-968df-ogin-and-registration-forms-firefox/error-context.md is missing]]>
</system-err>
</testcase>
<testcase name="Authentication Flow › should successfully register a new user" classname="auth.spec.ts" time="1.005">
<failure message="auth.spec.ts:42:7 should successfully register a new user" type="FAILURE">
<![CDATA[  [firefox] › auth.spec.ts:42:7 › Authentication Flow › should successfully register a new user ────

    Error: page.goto: NS_ERROR_CONNECTION_REFUSED
    Call log:
      - navigating to "http://localhost:3000/", waiting until "load"


      3 | test.describe('Authentication Flow', () => {
      4 |   test.beforeEach(async ({ page }) => {
    > 5 |     await page.goto('/');
        |                ^
      6 |   });
      7 |
      8 |   test('should display the main page with authentication forms', async ({ page }) => {
        at /Users/rshirts/repos/robpass/tests/auth.spec.ts:5:16

    attachment #1: screenshot (image/png) ──────────────────────────────────────────────────────────
    ../test-results/auth-Authentication-Flow-s-5cca8-ssfully-register-a-new-user-firefox/test-failed-1.png
    ────────────────────────────────────────────────────────────────────────────────────────────────

    attachment #2: video (video/webm) ──────────────────────────────────────────────────────────────
    ../test-results/auth-Authentication-Flow-s-5cca8-ssfully-register-a-new-user-firefox/video.webm
    ────────────────────────────────────────────────────────────────────────────────────────────────

    Error Context: ../test-results/auth-Authentication-Flow-s-5cca8-ssfully-register-a-new-user-firefox/error-context.md
]]>
</failure>
<system-err>
<![CDATA[
Warning: attachment auth-Authentication-Flow-s-5cca8-ssfully-register-a-new-user-firefox/test-failed-1.png is missing
Warning: attachment auth-Authentication-Flow-s-5cca8-ssfully-register-a-new-user-firefox/video.webm is missing
Warning: attachment auth-Authentication-Flow-s-5cca8-ssfully-register-a-new-user-firefox/error-context.md is missing]]>
</system-err>
</testcase>
<testcase name="Authentication Flow › should validate registration form inputs" classname="auth.spec.ts" time="0.975">
<failure message="auth.spec.ts:73:7 should validate registration form inputs" type="FAILURE">
<![CDATA[  [firefox] › auth.spec.ts:73:7 › Authentication Flow › should validate registration form inputs ───

    Error: page.goto: NS_ERROR_CONNECTION_REFUSED
    Call log:
      - navigating to "http://localhost:3000/", waiting until "load"


      3 | test.describe('Authentication Flow', () => {
      4 |   test.beforeEach(async ({ page }) => {
    > 5 |     await page.goto('/');
        |                ^
      6 |   });
      7 |
      8 |   test('should display the main page with authentication forms', async ({ page }) => {
        at /Users/rshirts/repos/robpass/tests/auth.spec.ts:5:16

    attachment #1: screenshot (image/png) ──────────────────────────────────────────────────────────
    ../test-results/auth-Authentication-Flow-s-7e523-te-registration-form-inputs-firefox/test-failed-1.png
    ────────────────────────────────────────────────────────────────────────────────────────────────

    attachment #2: video (video/webm) ──────────────────────────────────────────────────────────────
    ../test-results/auth-Authentication-Flow-s-7e523-te-registration-form-inputs-firefox/video.webm
    ────────────────────────────────────────────────────────────────────────────────────────────────

    Error Context: ../test-results/auth-Authentication-Flow-s-7e523-te-registration-form-inputs-firefox/error-context.md
]]>
</failure>
<system-err>
<![CDATA[
Warning: attachment auth-Authentication-Flow-s-7e523-te-registration-form-inputs-firefox/test-failed-1.png is missing
Warning: attachment auth-Authentication-Flow-s-7e523-te-registration-form-inputs-firefox/video.webm is missing
Warning: attachment auth-Authentication-Flow-s-7e523-te-registration-form-inputs-firefox/error-context.md is missing]]>
</system-err>
</testcase>
<testcase name="Authentication Flow › should successfully login with existing user" classname="auth.spec.ts" time="0.971">
<failure message="auth.spec.ts:103:7 should successfully login with existing user" type="FAILURE">
<![CDATA[  [firefox] › auth.spec.ts:103:7 › Authentication Flow › should successfully login with existing user 

    Error: page.goto: NS_ERROR_CONNECTION_REFUSED
    Call log:
      - navigating to "http://localhost:3000/", waiting until "load"


      3 | test.describe('Authentication Flow', () => {
      4 |   test.beforeEach(async ({ page }) => {
    > 5 |     await page.goto('/');
        |                ^
      6 |   });
      7 |
      8 |   test('should display the main page with authentication forms', async ({ page }) => {
        at /Users/rshirts/repos/robpass/tests/auth.spec.ts:5:16

    attachment #1: screenshot (image/png) ──────────────────────────────────────────────────────────
    ../test-results/auth-Authentication-Flow-s-4280b-ly-login-with-existing-user-firefox/test-failed-1.png
    ────────────────────────────────────────────────────────────────────────────────────────────────

    attachment #2: video (video/webm) ──────────────────────────────────────────────────────────────
    ../test-results/auth-Authentication-Flow-s-4280b-ly-login-with-existing-user-firefox/video.webm
    ────────────────────────────────────────────────────────────────────────────────────────────────

    Error Context: ../test-results/auth-Authentication-Flow-s-4280b-ly-login-with-existing-user-firefox/error-context.md
]]>
</failure>
<system-err>
<![CDATA[
Warning: attachment auth-Authentication-Flow-s-4280b-ly-login-with-existing-user-firefox/test-failed-1.png is missing
Warning: attachment auth-Authentication-Flow-s-4280b-ly-login-with-existing-user-firefox/video.webm is missing
Warning: attachment auth-Authentication-Flow-s-4280b-ly-login-with-existing-user-firefox/error-context.md is missing]]>
</system-err>
</testcase>
<testcase name="Authentication Flow › should handle login with invalid credentials" classname="auth.spec.ts" time="0.952">
<failure message="auth.spec.ts:138:7 should handle login with invalid credentials" type="FAILURE">
<![CDATA[  [firefox] › auth.spec.ts:138:7 › Authentication Flow › should handle login with invalid credentials 

    Error: page.goto: NS_ERROR_CONNECTION_REFUSED
    Call log:
      - navigating to "http://localhost:3000/", waiting until "load"


      3 | test.describe('Authentication Flow', () => {
      4 |   test.beforeEach(async ({ page }) => {
    > 5 |     await page.goto('/');
        |                ^
      6 |   });
      7 |
      8 |   test('should display the main page with authentication forms', async ({ page }) => {
        at /Users/rshirts/repos/robpass/tests/auth.spec.ts:5:16

    attachment #1: screenshot (image/png) ──────────────────────────────────────────────────────────
    ../test-results/auth-Authentication-Flow-s-ab232-in-with-invalid-credentials-firefox/test-failed-1.png
    ────────────────────────────────────────────────────────────────────────────────────────────────

    attachment #2: video (video/webm) ──────────────────────────────────────────────────────────────
    ../test-results/auth-Authentication-Flow-s-ab232-in-with-invalid-credentials-firefox/video.webm
    ────────────────────────────────────────────────────────────────────────────────────────────────

    Error Context: ../test-results/auth-Authentication-Flow-s-ab232-in-with-invalid-credentials-firefox/error-context.md
]]>
</failure>
<system-err>
<![CDATA[
Warning: attachment auth-Authentication-Flow-s-ab232-in-with-invalid-credentials-firefox/test-failed-1.png is missing
Warning: attachment auth-Authentication-Flow-s-ab232-in-with-invalid-credentials-firefox/video.webm is missing
Warning: attachment auth-Authentication-Flow-s-ab232-in-with-invalid-credentials-firefox/error-context.md is missing]]>
</system-err>
</testcase>
<testcase name="Authentication Flow › should successfully logout and clear session" classname="auth.spec.ts" time="0.951">
<failure message="auth.spec.ts:148:7 should successfully logout and clear session" type="FAILURE">
<![CDATA[  [firefox] › auth.spec.ts:148:7 › Authentication Flow › should successfully logout and clear session 

    Error: page.goto: NS_ERROR_CONNECTION_REFUSED
    Call log:
      - navigating to "http://localhost:3000/", waiting until "load"


      3 | test.describe('Authentication Flow', () => {
      4 |   test.beforeEach(async ({ page }) => {
    > 5 |     await page.goto('/');
        |                ^
      6 |   });
      7 |
      8 |   test('should display the main page with authentication forms', async ({ page }) => {
        at /Users/rshirts/repos/robpass/tests/auth.spec.ts:5:16

    attachment #1: screenshot (image/png) ──────────────────────────────────────────────────────────
    ../test-results/auth-Authentication-Flow-s-68fae-ly-logout-and-clear-session-firefox/test-failed-1.png
    ────────────────────────────────────────────────────────────────────────────────────────────────

    attachment #2: video (video/webm) ──────────────────────────────────────────────────────────────
    ../test-results/auth-Authentication-Flow-s-68fae-ly-logout-and-clear-session-firefox/video.webm
    ────────────────────────────────────────────────────────────────────────────────────────────────

    Error Context: ../test-results/auth-Authentication-Flow-s-68fae-ly-logout-and-clear-session-firefox/error-context.md
]]>
</failure>
<system-err>
<![CDATA[
Warning: attachment auth-Authentication-Flow-s-68fae-ly-logout-and-clear-session-firefox/test-failed-1.png is missing
Warning: attachment auth-Authentication-Flow-s-68fae-ly-logout-and-clear-session-firefox/video.webm is missing
Warning: attachment auth-Authentication-Flow-s-68fae-ly-logout-and-clear-session-firefox/error-context.md is missing]]>
</system-err>
</testcase>
<testcase name="Authentication Flow › should show password visibility toggle" classname="auth.spec.ts" time="1.134">
<failure message="auth.spec.ts:177:7 should show password visibility toggle" type="FAILURE">
<![CDATA[  [firefox] › auth.spec.ts:177:7 › Authentication Flow › should show password visibility toggle ────

    Error: page.goto: NS_ERROR_CONNECTION_REFUSED
    Call log:
      - navigating to "http://localhost:3000/", waiting until "load"


      3 | test.describe('Authentication Flow', () => {
      4 |   test.beforeEach(async ({ page }) => {
    > 5 |     await page.goto('/');
        |                ^
      6 |   });
      7 |
      8 |   test('should display the main page with authentication forms', async ({ page }) => {
        at /Users/rshirts/repos/robpass/tests/auth.spec.ts:5:16

    attachment #1: screenshot (image/png) ──────────────────────────────────────────────────────────
    ../test-results/auth-Authentication-Flow-s-b7df5--password-visibility-toggle-firefox/test-failed-1.png
    ────────────────────────────────────────────────────────────────────────────────────────────────

    attachment #2: video (video/webm) ──────────────────────────────────────────────────────────────
    ../test-results/auth-Authentication-Flow-s-b7df5--password-visibility-toggle-firefox/video.webm
    ────────────────────────────────────────────────────────────────────────────────────────────────

    Error Context: ../test-results/auth-Authentication-Flow-s-b7df5--password-visibility-toggle-firefox/error-context.md
]]>
</failure>
<system-err>
<![CDATA[
Warning: attachment auth-Authentication-Flow-s-b7df5--password-visibility-toggle-firefox/test-failed-1.png is missing
Warning: attachment auth-Authentication-Flow-s-b7df5--password-visibility-toggle-firefox/video.webm is missing
Warning: attachment auth-Authentication-Flow-s-b7df5--password-visibility-toggle-firefox/error-context.md is missing]]>
</system-err>
</testcase>
<testcase name="Authentication Flow › should display security notices" classname="auth.spec.ts" time="1.089">
<failure message="auth.spec.ts:194:7 should display security notices" type="FAILURE">
<![CDATA[  [firefox] › auth.spec.ts:194:7 › Authentication Flow › should display security notices ───────────

    Error: page.goto: NS_ERROR_CONNECTION_REFUSED
    Call log:
      - navigating to "http://localhost:3000/", waiting until "load"


      3 | test.describe('Authentication Flow', () => {
      4 |   test.beforeEach(async ({ page }) => {
    > 5 |     await page.goto('/');
        |                ^
      6 |   });
      7 |
      8 |   test('should display the main page with authentication forms', async ({ page }) => {
        at /Users/rshirts/repos/robpass/tests/auth.spec.ts:5:16

    attachment #1: screenshot (image/png) ──────────────────────────────────────────────────────────
    ../test-results/auth-Authentication-Flow-should-display-security-notices-firefox/test-failed-1.png
    ────────────────────────────────────────────────────────────────────────────────────────────────

    attachment #2: video (video/webm) ──────────────────────────────────────────────────────────────
    ../test-results/auth-Authentication-Flow-should-display-security-notices-firefox/video.webm
    ────────────────────────────────────────────────────────────────────────────────────────────────

    Error Context: ../test-results/auth-Authentication-Flow-should-display-security-notices-firefox/error-context.md
]]>
</failure>
<system-err>
<![CDATA[
Warning: attachment auth-Authentication-Flow-should-display-security-notices-firefox/test-failed-1.png is missing
Warning: attachment auth-Authentication-Flow-should-display-security-notices-firefox/video.webm is missing
Warning: attachment auth-Authentication-Flow-should-display-security-notices-firefox/error-context.md is missing]]>
</system-err>
</testcase>
</testsuite>
<testsuite name="crypto/crypto-operations.spec.ts" timestamp="2025-07-30T06:44:37.434Z" hostname="firefox" tests="16" failures="16" skipped="0" time="18.116" errors="0">
<testcase name="Cryptographic Operations › Web Crypto API Availability › should have Web Crypto API available" classname="crypto/crypto-operations.spec.ts" time="1.064">
<failure message="crypto-operations.spec.ts:37:9 should have Web Crypto API available" type="FAILURE">
<![CDATA[  [firefox] › crypto/crypto-operations.spec.ts:37:9 › Cryptographic Operations › Web Crypto API Availability › should have Web Crypto API available 

    Error: page.goto: NS_ERROR_CONNECTION_REFUSED
    Call log:
      - navigating to "http://localhost:3000/", waiting until "load"


       at utils/playwright-helpers.ts:66

      64 |
      65 |   async navigateToLogin(): Promise<void> {
    > 66 |     await this.page.goto('/')
         |                     ^
      67 |     await expect(this.page.locator('h1:has-text("🔐 RobPass")')).toBeVisible()
      68 |   }
      69 |
        at AuthHelpers.navigateToLogin (/Users/rshirts/repos/robpass/tests/utils/playwright-helpers.ts:66:21)
        at /Users/rshirts/repos/robpass/tests/crypto/crypto-operations.spec.ts:33:23

    attachment #1: screenshot (image/png) ──────────────────────────────────────────────────────────
    ../test-results/crypto-crypto-operations-C-041f4-ve-Web-Crypto-API-available-firefox/test-failed-1.png
    ────────────────────────────────────────────────────────────────────────────────────────────────

    attachment #2: video (video/webm) ──────────────────────────────────────────────────────────────
    ../test-results/crypto-crypto-operations-C-041f4-ve-Web-Crypto-API-available-firefox/video.webm
    ────────────────────────────────────────────────────────────────────────────────────────────────

    Error Context: ../test-results/crypto-crypto-operations-C-041f4-ve-Web-Crypto-API-available-firefox/error-context.md
]]>
</failure>
<system-err>
<![CDATA[
Warning: attachment crypto-crypto-operations-C-041f4-ve-Web-Crypto-API-available-firefox/test-failed-1.png is missing
Warning: attachment crypto-crypto-operations-C-041f4-ve-Web-Crypto-API-available-firefox/video.webm is missing
Warning: attachment crypto-crypto-operations-C-041f4-ve-Web-Crypto-API-available-firefox/error-context.md is missing]]>
</system-err>
</testcase>
<testcase name="Cryptographic Operations › Web Crypto API Availability › should generate secure random values" classname="crypto/crypto-operations.spec.ts" time="1.076">
<failure message="crypto-operations.spec.ts:41:9 should generate secure random values" type="FAILURE">
<![CDATA[  [firefox] › crypto/crypto-operations.spec.ts:41:9 › Cryptographic Operations › Web Crypto API Availability › should generate secure random values 

    Error: page.goto: NS_ERROR_CONNECTION_REFUSED
    Call log:
      - navigating to "http://localhost:3000/", waiting until "load"


       at utils/playwright-helpers.ts:66

      64 |
      65 |   async navigateToLogin(): Promise<void> {
    > 66 |     await this.page.goto('/')
         |                     ^
      67 |     await expect(this.page.locator('h1:has-text("🔐 RobPass")')).toBeVisible()
      68 |   }
      69 |
        at AuthHelpers.navigateToLogin (/Users/rshirts/repos/robpass/tests/utils/playwright-helpers.ts:66:21)
        at /Users/rshirts/repos/robpass/tests/crypto/crypto-operations.spec.ts:33:23

    attachment #1: screenshot (image/png) ──────────────────────────────────────────────────────────
    ../test-results/crypto-crypto-operations-C-3298a-nerate-secure-random-values-firefox/test-failed-1.png
    ────────────────────────────────────────────────────────────────────────────────────────────────

    attachment #2: video (video/webm) ──────────────────────────────────────────────────────────────
    ../test-results/crypto-crypto-operations-C-3298a-nerate-secure-random-values-firefox/video.webm
    ────────────────────────────────────────────────────────────────────────────────────────────────

    Error Context: ../test-results/crypto-crypto-operations-C-3298a-nerate-secure-random-values-firefox/error-context.md
]]>
</failure>
<system-err>
<![CDATA[
Warning: attachment crypto-crypto-operations-C-3298a-nerate-secure-random-values-firefox/test-failed-1.png is missing
Warning: attachment crypto-crypto-operations-C-3298a-nerate-secure-random-values-firefox/video.webm is missing
Warning: attachment crypto-crypto-operations-C-3298a-nerate-secure-random-values-firefox/error-context.md is missing]]>
</system-err>
</testcase>
<testcase name="Cryptographic Operations › Web Crypto API Availability › should operate in secure context" classname="crypto/crypto-operations.spec.ts" time="1.066">
<failure message="crypto-operations.spec.ts:45:9 should operate in secure context" type="FAILURE">
<![CDATA[  [firefox] › crypto/crypto-operations.spec.ts:45:9 › Cryptographic Operations › Web Crypto API Availability › should operate in secure context 

    Error: page.goto: NS_ERROR_CONNECTION_REFUSED
    Call log:
      - navigating to "http://localhost:3000/", waiting until "load"


       at utils/playwright-helpers.ts:66

      64 |
      65 |   async navigateToLogin(): Promise<void> {
    > 66 |     await this.page.goto('/')
         |                     ^
      67 |     await expect(this.page.locator('h1:has-text("🔐 RobPass")')).toBeVisible()
      68 |   }
      69 |
        at AuthHelpers.navigateToLogin (/Users/rshirts/repos/robpass/tests/utils/playwright-helpers.ts:66:21)
        at /Users/rshirts/repos/robpass/tests/crypto/crypto-operations.spec.ts:33:23

    attachment #1: screenshot (image/png) ──────────────────────────────────────────────────────────
    ../test-results/crypto-crypto-operations-C-4dfb5-d-operate-in-secure-context-firefox/test-failed-1.png
    ────────────────────────────────────────────────────────────────────────────────────────────────

    attachment #2: video (video/webm) ──────────────────────────────────────────────────────────────
    ../test-results/crypto-crypto-operations-C-4dfb5-d-operate-in-secure-context-firefox/video.webm
    ────────────────────────────────────────────────────────────────────────────────────────────────

    Error Context: ../test-results/crypto-crypto-operations-C-4dfb5-d-operate-in-secure-context-firefox/error-context.md
]]>
</failure>
<system-err>
<![CDATA[
Warning: attachment crypto-crypto-operations-C-4dfb5-d-operate-in-secure-context-firefox/test-failed-1.png is missing
Warning: attachment crypto-crypto-operations-C-4dfb5-d-operate-in-secure-context-firefox/video.webm is missing
Warning: attachment crypto-crypto-operations-C-4dfb5-d-operate-in-secure-context-firefox/error-context.md is missing]]>
</system-err>
</testcase>
<testcase name="Cryptographic Operations › Password Generation › should generate secure passwords" classname="crypto/crypto-operations.spec.ts" time="1.086">
<failure message="crypto-operations.spec.ts:51:9 should generate secure passwords" type="FAILURE">
<![CDATA[  [firefox] › crypto/crypto-operations.spec.ts:51:9 › Cryptographic Operations › Password Generation › should generate secure passwords 

    Error: page.goto: NS_ERROR_CONNECTION_REFUSED
    Call log:
      - navigating to "http://localhost:3000/", waiting until "load"


       at utils/playwright-helpers.ts:66

      64 |
      65 |   async navigateToLogin(): Promise<void> {
    > 66 |     await this.page.goto('/')
         |                     ^
      67 |     await expect(this.page.locator('h1:has-text("🔐 RobPass")')).toBeVisible()
      68 |   }
      69 |
        at AuthHelpers.navigateToLogin (/Users/rshirts/repos/robpass/tests/utils/playwright-helpers.ts:66:21)
        at /Users/rshirts/repos/robpass/tests/crypto/crypto-operations.spec.ts:33:23

    attachment #1: screenshot (image/png) ──────────────────────────────────────────────────────────
    ../test-results/crypto-crypto-operations-C-8017b-d-generate-secure-passwords-firefox/test-failed-1.png
    ────────────────────────────────────────────────────────────────────────────────────────────────

    attachment #2: video (video/webm) ──────────────────────────────────────────────────────────────
    ../test-results/crypto-crypto-operations-C-8017b-d-generate-secure-passwords-firefox/video.webm
    ────────────────────────────────────────────────────────────────────────────────────────────────

    Error Context: ../test-results/crypto-crypto-operations-C-8017b-d-generate-secure-passwords-firefox/error-context.md
]]>
</failure>
<system-err>
<![CDATA[
Warning: attachment crypto-crypto-operations-C-8017b-d-generate-secure-passwords-firefox/test-failed-1.png is missing
Warning: attachment crypto-crypto-operations-C-8017b-d-generate-secure-passwords-firefox/video.webm is missing
Warning: attachment crypto-crypto-operations-C-8017b-d-generate-secure-passwords-firefox/error-context.md is missing]]>
</system-err>
</testcase>
<testcase name="Cryptographic Operations › Password Generation › should generate unique passwords each time" classname="crypto/crypto-operations.spec.ts" time="1.142">
<failure message="crypto-operations.spec.ts:70:9 should generate unique passwords each time" type="FAILURE">
<![CDATA[  [firefox] › crypto/crypto-operations.spec.ts:70:9 › Cryptographic Operations › Password Generation › should generate unique passwords each time 

    Error: page.goto: NS_ERROR_CONNECTION_REFUSED
    Call log:
      - navigating to "http://localhost:3000/", waiting until "load"


       at utils/playwright-helpers.ts:66

      64 |
      65 |   async navigateToLogin(): Promise<void> {
    > 66 |     await this.page.goto('/')
         |                     ^
      67 |     await expect(this.page.locator('h1:has-text("🔐 RobPass")')).toBeVisible()
      68 |   }
      69 |
        at AuthHelpers.navigateToLogin (/Users/rshirts/repos/robpass/tests/utils/playwright-helpers.ts:66:21)
        at /Users/rshirts/repos/robpass/tests/crypto/crypto-operations.spec.ts:33:23

    attachment #1: screenshot (image/png) ──────────────────────────────────────────────────────────
    ../test-results/crypto-crypto-operations-C-4ab66--unique-passwords-each-time-firefox/test-failed-1.png
    ────────────────────────────────────────────────────────────────────────────────────────────────

    attachment #2: video (video/webm) ──────────────────────────────────────────────────────────────
    ../test-results/crypto-crypto-operations-C-4ab66--unique-passwords-each-time-firefox/video.webm
    ────────────────────────────────────────────────────────────────────────────────────────────────

    Error Context: ../test-results/crypto-crypto-operations-C-4ab66--unique-passwords-each-time-firefox/error-context.md
]]>
</failure>
<system-err>
<![CDATA[
Warning: attachment crypto-crypto-operations-C-4ab66--unique-passwords-each-time-firefox/test-failed-1.png is missing
Warning: attachment crypto-crypto-operations-C-4ab66--unique-passwords-each-time-firefox/video.webm is missing
Warning: attachment crypto-crypto-operations-C-4ab66--unique-passwords-each-time-firefox/error-context.md is missing]]>
</system-err>
</testcase>
<testcase name="Cryptographic Operations › Data Encryption and Storage › should encrypt vault items before storage" classname="crypto/crypto-operations.spec.ts" time="1.171">
<failure message="crypto-operations.spec.ts:95:9 should encrypt vault items before storage" type="FAILURE">
<![CDATA[  [firefox] › crypto/crypto-operations.spec.ts:95:9 › Cryptographic Operations › Data Encryption and Storage › should encrypt vault items before storage 

    Error: page.goto: NS_ERROR_CONNECTION_REFUSED
    Call log:
      - navigating to "http://localhost:3000/", waiting until "load"


       at utils/playwright-helpers.ts:66

      64 |
      65 |   async navigateToLogin(): Promise<void> {
    > 66 |     await this.page.goto('/')
         |                     ^
      67 |     await expect(this.page.locator('h1:has-text("🔐 RobPass")')).toBeVisible()
      68 |   }
      69 |
        at AuthHelpers.navigateToLogin (/Users/rshirts/repos/robpass/tests/utils/playwright-helpers.ts:66:21)
        at /Users/rshirts/repos/robpass/tests/crypto/crypto-operations.spec.ts:33:23

    attachment #1: screenshot (image/png) ──────────────────────────────────────────────────────────
    ../test-results/crypto-crypto-operations-C-e0720--vault-items-before-storage-firefox/test-failed-1.png
    ────────────────────────────────────────────────────────────────────────────────────────────────

    attachment #2: video (video/webm) ──────────────────────────────────────────────────────────────
    ../test-results/crypto-crypto-operations-C-e0720--vault-items-before-storage-firefox/video.webm
    ────────────────────────────────────────────────────────────────────────────────────────────────

    Error Context: ../test-results/crypto-crypto-operations-C-e0720--vault-items-before-storage-firefox/error-context.md
]]>
</failure>
<system-err>
<![CDATA[
Warning: attachment crypto-crypto-operations-C-e0720--vault-items-before-storage-firefox/test-failed-1.png is missing
Warning: attachment crypto-crypto-operations-C-e0720--vault-items-before-storage-firefox/video.webm is missing
Warning: attachment crypto-crypto-operations-C-e0720--vault-items-before-storage-firefox/error-context.md is missing]]>
</system-err>
</testcase>
<testcase name="Cryptographic Operations › Data Encryption and Storage › should decrypt vault items for display" classname="crypto/crypto-operations.spec.ts" time="1.267">
<failure message="crypto-operations.spec.ts:139:9 should decrypt vault items for display" type="FAILURE">
<![CDATA[  [firefox] › crypto/crypto-operations.spec.ts:139:9 › Cryptographic Operations › Data Encryption and Storage › should decrypt vault items for display 

    Error: page.goto: NS_ERROR_CONNECTION_REFUSED
    Call log:
      - navigating to "http://localhost:3000/", waiting until "load"


       at utils/playwright-helpers.ts:66

      64 |
      65 |   async navigateToLogin(): Promise<void> {
    > 66 |     await this.page.goto('/')
         |                     ^
      67 |     await expect(this.page.locator('h1:has-text("🔐 RobPass")')).toBeVisible()
      68 |   }
      69 |
        at AuthHelpers.navigateToLogin (/Users/rshirts/repos/robpass/tests/utils/playwright-helpers.ts:66:21)
        at /Users/rshirts/repos/robpass/tests/crypto/crypto-operations.spec.ts:33:23

    attachment #1: screenshot (image/png) ──────────────────────────────────────────────────────────
    ../test-results/crypto-crypto-operations-C-95dbb-ypt-vault-items-for-display-firefox/test-failed-1.png
    ────────────────────────────────────────────────────────────────────────────────────────────────

    attachment #2: video (video/webm) ──────────────────────────────────────────────────────────────
    ../test-results/crypto-crypto-operations-C-95dbb-ypt-vault-items-for-display-firefox/video.webm
    ────────────────────────────────────────────────────────────────────────────────────────────────

    Error Context: ../test-results/crypto-crypto-operations-C-95dbb-ypt-vault-items-for-display-firefox/error-context.md
]]>
</failure>
<system-err>
<![CDATA[
Warning: attachment crypto-crypto-operations-C-95dbb-ypt-vault-items-for-display-firefox/test-failed-1.png is missing
Warning: attachment crypto-crypto-operations-C-95dbb-ypt-vault-items-for-display-firefox/video.webm is missing
Warning: attachment crypto-crypto-operations-C-95dbb-ypt-vault-items-for-display-firefox/error-context.md is missing]]>
</system-err>
</testcase>
<testcase name="Cryptographic Operations › Data Encryption and Storage › should handle encryption errors gracefully" classname="crypto/crypto-operations.spec.ts" time="1.155">
<failure message="crypto-operations.spec.ts:160:9 should handle encryption errors gracefully" type="FAILURE">
<![CDATA[  [firefox] › crypto/crypto-operations.spec.ts:160:9 › Cryptographic Operations › Data Encryption and Storage › should handle encryption errors gracefully 

    Error: page.goto: NS_ERROR_CONNECTION_REFUSED
    Call log:
      - navigating to "http://localhost:3000/", waiting until "load"


       at utils/playwright-helpers.ts:66

      64 |
      65 |   async navigateToLogin(): Promise<void> {
    > 66 |     await this.page.goto('/')
         |                     ^
      67 |     await expect(this.page.locator('h1:has-text("🔐 RobPass")')).toBeVisible()
      68 |   }
      69 |
        at AuthHelpers.navigateToLogin (/Users/rshirts/repos/robpass/tests/utils/playwright-helpers.ts:66:21)
        at /Users/rshirts/repos/robpass/tests/crypto/crypto-operations.spec.ts:33:23

    attachment #1: screenshot (image/png) ──────────────────────────────────────────────────────────
    ../test-results/crypto-crypto-operations-C-d352f-ncryption-errors-gracefully-firefox/test-failed-1.png
    ────────────────────────────────────────────────────────────────────────────────────────────────

    attachment #2: video (video/webm) ──────────────────────────────────────────────────────────────
    ../test-results/crypto-crypto-operations-C-d352f-ncryption-errors-gracefully-firefox/video.webm
    ────────────────────────────────────────────────────────────────────────────────────────────────

    Error Context: ../test-results/crypto-crypto-operations-C-d352f-ncryption-errors-gracefully-firefox/error-context.md
]]>
</failure>
<system-err>
<![CDATA[
Warning: attachment crypto-crypto-operations-C-d352f-ncryption-errors-gracefully-firefox/test-failed-1.png is missing
Warning: attachment crypto-crypto-operations-C-d352f-ncryption-errors-gracefully-firefox/video.webm is missing
Warning: attachment crypto-crypto-operations-C-d352f-ncryption-errors-gracefully-firefox/error-context.md is missing]]>
</system-err>
</testcase>
<testcase name="Cryptographic Operations › Key Derivation and Management › should derive master key from password during login" classname="crypto/crypto-operations.spec.ts" time="1.147">
<failure message="crypto-operations.spec.ts:188:9 should derive master key from password during login" type="FAILURE">
<![CDATA[  [firefox] › crypto/crypto-operations.spec.ts:188:9 › Cryptographic Operations › Key Derivation and Management › should derive master key from password during login 

    Error: page.goto: NS_ERROR_CONNECTION_REFUSED
    Call log:
      - navigating to "http://localhost:3000/", waiting until "load"


       at utils/playwright-helpers.ts:66

      64 |
      65 |   async navigateToLogin(): Promise<void> {
    > 66 |     await this.page.goto('/')
         |                     ^
      67 |     await expect(this.page.locator('h1:has-text("🔐 RobPass")')).toBeVisible()
      68 |   }
      69 |
        at AuthHelpers.navigateToLogin (/Users/rshirts/repos/robpass/tests/utils/playwright-helpers.ts:66:21)
        at /Users/rshirts/repos/robpass/tests/crypto/crypto-operations.spec.ts:33:23

    attachment #1: screenshot (image/png) ──────────────────────────────────────────────────────────
    ../test-results/crypto-crypto-operations-C-c58fc--from-password-during-login-firefox/test-failed-1.png
    ────────────────────────────────────────────────────────────────────────────────────────────────

    attachment #2: video (video/webm) ──────────────────────────────────────────────────────────────
    ../test-results/crypto-crypto-operations-C-c58fc--from-password-during-login-firefox/video.webm
    ────────────────────────────────────────────────────────────────────────────────────────────────

    Error Context: ../test-results/crypto-crypto-operations-C-c58fc--from-password-during-login-firefox/error-context.md
]]>
</failure>
<system-err>
<![CDATA[
Warning: attachment crypto-crypto-operations-C-c58fc--from-password-during-login-firefox/test-failed-1.png is missing
Warning: attachment crypto-crypto-operations-C-c58fc--from-password-during-login-firefox/video.webm is missing
Warning: attachment crypto-crypto-operations-C-c58fc--from-password-during-login-firefox/error-context.md is missing]]>
</system-err>
</testcase>
<testcase name="Cryptographic Operations › Key Derivation and Management › should maintain master key in memory only" classname="crypto/crypto-operations.spec.ts" time="1.142">
<failure message="crypto-operations.spec.ts:224:9 should maintain master key in memory only" type="FAILURE">
<![CDATA[  [firefox] › crypto/crypto-operations.spec.ts:224:9 › Cryptographic Operations › Key Derivation and Management › should maintain master key in memory only 

    Error: page.goto: NS_ERROR_CONNECTION_REFUSED
    Call log:
      - navigating to "http://localhost:3000/", waiting until "load"


       at utils/playwright-helpers.ts:66

      64 |
      65 |   async navigateToLogin(): Promise<void> {
    > 66 |     await this.page.goto('/')
         |                     ^
      67 |     await expect(this.page.locator('h1:has-text("🔐 RobPass")')).toBeVisible()
      68 |   }
      69 |
        at AuthHelpers.navigateToLogin (/Users/rshirts/repos/robpass/tests/utils/playwright-helpers.ts:66:21)
        at /Users/rshirts/repos/robpass/tests/crypto/crypto-operations.spec.ts:33:23

    attachment #1: screenshot (image/png) ──────────────────────────────────────────────────────────
    ../test-results/crypto-crypto-operations-C-d6f56-n-master-key-in-memory-only-firefox/test-failed-1.png
    ────────────────────────────────────────────────────────────────────────────────────────────────

    attachment #2: video (video/webm) ──────────────────────────────────────────────────────────────
    ../test-results/crypto-crypto-operations-C-d6f56-n-master-key-in-memory-only-firefox/video.webm
    ────────────────────────────────────────────────────────────────────────────────────────────────

    Error Context: ../test-results/crypto-crypto-operations-C-d6f56-n-master-key-in-memory-only-firefox/error-context.md
]]>
</failure>
<system-err>
<![CDATA[
Warning: attachment crypto-crypto-operations-C-d6f56-n-master-key-in-memory-only-firefox/test-failed-1.png is missing
Warning: attachment crypto-crypto-operations-C-d6f56-n-master-key-in-memory-only-firefox/video.webm is missing
Warning: attachment crypto-crypto-operations-C-d6f56-n-master-key-in-memory-only-firefox/error-context.md is missing]]>
</system-err>
</testcase>
<testcase name="Cryptographic Operations › Key Derivation and Management › should clear master key on logout" classname="crypto/crypto-operations.spec.ts" time="1.136">
<failure message="crypto-operations.spec.ts:246:9 should clear master key on logout" type="FAILURE">
<![CDATA[  [firefox] › crypto/crypto-operations.spec.ts:246:9 › Cryptographic Operations › Key Derivation and Management › should clear master key on logout 

    Error: page.goto: NS_ERROR_CONNECTION_REFUSED
    Call log:
      - navigating to "http://localhost:3000/", waiting until "load"


       at utils/playwright-helpers.ts:66

      64 |
      65 |   async navigateToLogin(): Promise<void> {
    > 66 |     await this.page.goto('/')
         |                     ^
      67 |     await expect(this.page.locator('h1:has-text("🔐 RobPass")')).toBeVisible()
      68 |   }
      69 |
        at AuthHelpers.navigateToLogin (/Users/rshirts/repos/robpass/tests/utils/playwright-helpers.ts:66:21)
        at /Users/rshirts/repos/robpass/tests/crypto/crypto-operations.spec.ts:33:23

    attachment #1: screenshot (image/png) ──────────────────────────────────────────────────────────
    ../test-results/crypto-crypto-operations-C-2b425--clear-master-key-on-logout-firefox/test-failed-1.png
    ────────────────────────────────────────────────────────────────────────────────────────────────

    attachment #2: video (video/webm) ──────────────────────────────────────────────────────────────
    ../test-results/crypto-crypto-operations-C-2b425--clear-master-key-on-logout-firefox/video.webm
    ────────────────────────────────────────────────────────────────────────────────────────────────

    Error Context: ../test-results/crypto-crypto-operations-C-2b425--clear-master-key-on-logout-firefox/error-context.md
]]>
</failure>
<system-err>
<![CDATA[
Warning: attachment crypto-crypto-operations-C-2b425--clear-master-key-on-logout-firefox/test-failed-1.png is missing
Warning: attachment crypto-crypto-operations-C-2b425--clear-master-key-on-logout-firefox/video.webm is missing
Warning: attachment crypto-crypto-operations-C-2b425--clear-master-key-on-logout-firefox/error-context.md is missing]]>
</system-err>
</testcase>
<testcase name="Cryptographic Operations › Encryption Performance › should encrypt data within reasonable time" classname="crypto/crypto-operations.spec.ts" time="1.176">
<failure message="crypto-operations.spec.ts:268:9 should encrypt data within reasonable time" type="FAILURE">
<![CDATA[  [firefox] › crypto/crypto-operations.spec.ts:268:9 › Cryptographic Operations › Encryption Performance › should encrypt data within reasonable time 

    Error: page.goto: NS_ERROR_CONNECTION_REFUSED
    Call log:
      - navigating to "http://localhost:3000/", waiting until "load"


       at utils/playwright-helpers.ts:66

      64 |
      65 |   async navigateToLogin(): Promise<void> {
    > 66 |     await this.page.goto('/')
         |                     ^
      67 |     await expect(this.page.locator('h1:has-text("🔐 RobPass")')).toBeVisible()
      68 |   }
      69 |
        at AuthHelpers.navigateToLogin (/Users/rshirts/repos/robpass/tests/utils/playwright-helpers.ts:66:21)
        at /Users/rshirts/repos/robpass/tests/crypto/crypto-operations.spec.ts:33:23

    attachment #1: screenshot (image/png) ──────────────────────────────────────────────────────────
    ../test-results/crypto-crypto-operations-C-7f47c-data-within-reasonable-time-firefox/test-failed-1.png
    ────────────────────────────────────────────────────────────────────────────────────────────────

    attachment #2: video (video/webm) ──────────────────────────────────────────────────────────────
    ../test-results/crypto-crypto-operations-C-7f47c-data-within-reasonable-time-firefox/video.webm
    ────────────────────────────────────────────────────────────────────────────────────────────────

    Error Context: ../test-results/crypto-crypto-operations-C-7f47c-data-within-reasonable-time-firefox/error-context.md
]]>
</failure>
<system-err>
<![CDATA[
Warning: attachment crypto-crypto-operations-C-7f47c-data-within-reasonable-time-firefox/test-failed-1.png is missing
Warning: attachment crypto-crypto-operations-C-7f47c-data-within-reasonable-time-firefox/video.webm is missing
Warning: attachment crypto-crypto-operations-C-7f47c-data-within-reasonable-time-firefox/error-context.md is missing]]>
</system-err>
</testcase>
<testcase name="Cryptographic Operations › Encryption Performance › should handle multiple concurrent encryptions" classname="crypto/crypto-operations.spec.ts" time="1.204">
<failure message="crypto-operations.spec.ts:278:9 should handle multiple concurrent encryptions" type="FAILURE">
<![CDATA[  [firefox] › crypto/crypto-operations.spec.ts:278:9 › Cryptographic Operations › Encryption Performance › should handle multiple concurrent encryptions 

    Error: page.goto: NS_ERROR_CONNECTION_REFUSED
    Call log:
      - navigating to "http://localhost:3000/", waiting until "load"


       at utils/playwright-helpers.ts:66

      64 |
      65 |   async navigateToLogin(): Promise<void> {
    > 66 |     await this.page.goto('/')
         |                     ^
      67 |     await expect(this.page.locator('h1:has-text("🔐 RobPass")')).toBeVisible()
      68 |   }
      69 |
        at AuthHelpers.navigateToLogin (/Users/rshirts/repos/robpass/tests/utils/playwright-helpers.ts:66:21)
        at /Users/rshirts/repos/robpass/tests/crypto/crypto-operations.spec.ts:33:23

    attachment #1: screenshot (image/png) ──────────────────────────────────────────────────────────
    ../test-results/crypto-crypto-operations-C-c82b6-iple-concurrent-encryptions-firefox/test-failed-1.png
    ────────────────────────────────────────────────────────────────────────────────────────────────

    attachment #2: video (video/webm) ──────────────────────────────────────────────────────────────
    ../test-results/crypto-crypto-operations-C-c82b6-iple-concurrent-encryptions-firefox/video.webm
    ────────────────────────────────────────────────────────────────────────────────────────────────

    Error Context: ../test-results/crypto-crypto-operations-C-c82b6-iple-concurrent-encryptions-firefox/error-context.md
]]>
</failure>
<system-err>
<![CDATA[
Warning: attachment crypto-crypto-operations-C-c82b6-iple-concurrent-encryptions-firefox/test-failed-1.png is missing
Warning: attachment crypto-crypto-operations-C-c82b6-iple-concurrent-encryptions-firefox/video.webm is missing
Warning: attachment crypto-crypto-operations-C-c82b6-iple-concurrent-encryptions-firefox/error-context.md is missing]]>
</system-err>
</testcase>
<testcase name="Cryptographic Operations › Security Validation › should not expose sensitive data in DOM" classname="crypto/crypto-operations.spec.ts" time="1.08">
<failure message="crypto-operations.spec.ts:304:9 should not expose sensitive data in DOM" type="FAILURE">
<![CDATA[  [firefox] › crypto/crypto-operations.spec.ts:304:9 › Cryptographic Operations › Security Validation › should not expose sensitive data in DOM 

    Error: page.goto: NS_ERROR_CONNECTION_REFUSED
    Call log:
      - navigating to "http://localhost:3000/", waiting until "load"


       at utils/playwright-helpers.ts:66

      64 |
      65 |   async navigateToLogin(): Promise<void> {
    > 66 |     await this.page.goto('/')
         |                     ^
      67 |     await expect(this.page.locator('h1:has-text("🔐 RobPass")')).toBeVisible()
      68 |   }
      69 |
        at AuthHelpers.navigateToLogin (/Users/rshirts/repos/robpass/tests/utils/playwright-helpers.ts:66:21)
        at /Users/rshirts/repos/robpass/tests/crypto/crypto-operations.spec.ts:33:23

    attachment #1: screenshot (image/png) ──────────────────────────────────────────────────────────
    ../test-results/crypto-crypto-operations-C-1370d-xpose-sensitive-data-in-DOM-firefox/test-failed-1.png
    ────────────────────────────────────────────────────────────────────────────────────────────────

    attachment #2: video (video/webm) ──────────────────────────────────────────────────────────────
    ../test-results/crypto-crypto-operations-C-1370d-xpose-sensitive-data-in-DOM-firefox/video.webm
    ────────────────────────────────────────────────────────────────────────────────────────────────

    Error Context: ../test-results/crypto-crypto-operations-C-1370d-xpose-sensitive-data-in-DOM-firefox/error-context.md
]]>
</failure>
<system-err>
<![CDATA[
Warning: attachment crypto-crypto-operations-C-1370d-xpose-sensitive-data-in-DOM-firefox/test-failed-1.png is missing
Warning: attachment crypto-crypto-operations-C-1370d-xpose-sensitive-data-in-DOM-firefox/video.webm is missing
Warning: attachment crypto-crypto-operations-C-1370d-xpose-sensitive-data-in-DOM-firefox/error-context.md is missing]]>
</system-err>
</testcase>
<testcase name="Cryptographic Operations › Security Validation › should handle browser refresh securely" classname="crypto/crypto-operations.spec.ts" time="1.091">
<failure message="crypto-operations.spec.ts:317:9 should handle browser refresh securely" type="FAILURE">
<![CDATA[  [firefox] › crypto/crypto-operations.spec.ts:317:9 › Cryptographic Operations › Security Validation › should handle browser refresh securely 

    Error: page.goto: NS_ERROR_CONNECTION_REFUSED
    Call log:
      - navigating to "http://localhost:3000/", waiting until "load"


       at utils/playwright-helpers.ts:66

      64 |
      65 |   async navigateToLogin(): Promise<void> {
    > 66 |     await this.page.goto('/')
         |                     ^
      67 |     await expect(this.page.locator('h1:has-text("🔐 RobPass")')).toBeVisible()
      68 |   }
      69 |
        at AuthHelpers.navigateToLogin (/Users/rshirts/repos/robpass/tests/utils/playwright-helpers.ts:66:21)
        at /Users/rshirts/repos/robpass/tests/crypto/crypto-operations.spec.ts:33:23

    attachment #1: screenshot (image/png) ──────────────────────────────────────────────────────────
    ../test-results/crypto-crypto-operations-C-1fd40-le-browser-refresh-securely-firefox/test-failed-1.png
    ────────────────────────────────────────────────────────────────────────────────────────────────

    attachment #2: video (video/webm) ──────────────────────────────────────────────────────────────
    ../test-results/crypto-crypto-operations-C-1fd40-le-browser-refresh-securely-firefox/video.webm
    ────────────────────────────────────────────────────────────────────────────────────────────────

    Error Context: ../test-results/crypto-crypto-operations-C-1fd40-le-browser-refresh-securely-firefox/error-context.md
]]>
</failure>
<system-err>
<![CDATA[
Warning: attachment crypto-crypto-operations-C-1fd40-le-browser-refresh-securely-firefox/test-failed-1.png is missing
Warning: attachment crypto-crypto-operations-C-1fd40-le-browser-refresh-securely-firefox/video.webm is missing
Warning: attachment crypto-crypto-operations-C-1fd40-le-browser-refresh-securely-firefox/error-context.md is missing]]>
</system-err>
</testcase>
<testcase name="Cryptographic Operations › Security Validation › should validate crypto parameters" classname="crypto/crypto-operations.spec.ts" time="1.113">
<failure message="crypto-operations.spec.ts:333:9 should validate crypto parameters" type="FAILURE">
<![CDATA[  [firefox] › crypto/crypto-operations.spec.ts:333:9 › Cryptographic Operations › Security Validation › should validate crypto parameters 

    Error: page.goto: NS_ERROR_CONNECTION_REFUSED
    Call log:
      - navigating to "http://localhost:3000/", waiting until "load"


       at utils/playwright-helpers.ts:66

      64 |
      65 |   async navigateToLogin(): Promise<void> {
    > 66 |     await this.page.goto('/')
         |                     ^
      67 |     await expect(this.page.locator('h1:has-text("🔐 RobPass")')).toBeVisible()
      68 |   }
      69 |
        at AuthHelpers.navigateToLogin (/Users/rshirts/repos/robpass/tests/utils/playwright-helpers.ts:66:21)
        at /Users/rshirts/repos/robpass/tests/crypto/crypto-operations.spec.ts:33:23

    attachment #1: screenshot (image/png) ──────────────────────────────────────────────────────────
    ../test-results/crypto-crypto-operations-C-c44d5--validate-crypto-parameters-firefox/test-failed-1.png
    ────────────────────────────────────────────────────────────────────────────────────────────────

    attachment #2: video (video/webm) ──────────────────────────────────────────────────────────────
    ../test-results/crypto-crypto-operations-C-c44d5--validate-crypto-parameters-firefox/video.webm
    ────────────────────────────────────────────────────────────────────────────────────────────────

    Error Context: ../test-results/crypto-crypto-operations-C-c44d5--validate-crypto-parameters-firefox/error-context.md
]]>
</failure>
<system-err>
<![CDATA[
Warning: attachment crypto-crypto-operations-C-c44d5--validate-crypto-parameters-firefox/test-failed-1.png is missing
Warning: attachment crypto-crypto-operations-C-c44d5--validate-crypto-parameters-firefox/video.webm is missing
Warning: attachment crypto-crypto-operations-C-c44d5--validate-crypto-parameters-firefox/error-context.md is missing]]>
</system-err>
</testcase>
</testsuite>
<testsuite name="security/security-comprehensive.spec.ts" timestamp="2025-07-30T06:44:37.434Z" hostname="firefox" tests="15" failures="15" skipped="0" time="17.154" errors="0">
<testcase name="Security Comprehensive Tests › Authentication Security › should enforce rate limiting on failed login attempts" classname="security/security-comprehensive.spec.ts" time="1.199">
<failure message="security-comprehensive.spec.ts:31:9 should enforce rate limiting on failed login attempts" type="FAILURE">
<![CDATA[  [firefox] › security/security-comprehensive.spec.ts:31:9 › Security Comprehensive Tests › Authentication Security › should enforce rate limiting on failed login attempts 

    Error: page.goto: NS_ERROR_CONNECTION_REFUSED
    Call log:
      - navigating to "http://localhost:3000/", waiting until "load"


       at utils/playwright-helpers.ts:66

      64 |
      65 |   async navigateToLogin(): Promise<void> {
    > 66 |     await this.page.goto('/')
         |                     ^
      67 |     await expect(this.page.locator('h1:has-text("🔐 RobPass")')).toBeVisible()
      68 |   }
      69 |
        at AuthHelpers.navigateToLogin (/Users/rshirts/repos/robpass/tests/utils/playwright-helpers.ts:66:21)
        at /Users/rshirts/repos/robpass/tests/security/security-comprehensive.spec.ts:27:23

    attachment #1: screenshot (image/png) ──────────────────────────────────────────────────────────
    ../test-results/security-security-comprehe-ee734-ng-on-failed-login-attempts-firefox/test-failed-1.png
    ────────────────────────────────────────────────────────────────────────────────────────────────

    attachment #2: video (video/webm) ──────────────────────────────────────────────────────────────
    ../test-results/security-security-comprehe-ee734-ng-on-failed-login-attempts-firefox/video.webm
    ────────────────────────────────────────────────────────────────────────────────────────────────

    Error Context: ../test-results/security-security-comprehe-ee734-ng-on-failed-login-attempts-firefox/error-context.md
]]>
</failure>
<system-out>
<![CDATA[
[[ATTACHMENT|security-security-comprehe-ee734-ng-on-failed-login-attempts-firefox/test-failed-1.png]]

[[ATTACHMENT|security-security-comprehe-ee734-ng-on-failed-login-attempts-firefox/video.webm]]

[[ATTACHMENT|security-security-comprehe-ee734-ng-on-failed-login-attempts-firefox/error-context.md]]
]]>
</system-out>
</testcase>
<testcase name="Security Comprehensive Tests › Authentication Security › should prevent timing attacks on authentication" classname="security/security-comprehensive.spec.ts" time="1.107">
<failure message="security-comprehensive.spec.ts:56:9 should prevent timing attacks on authentication" type="FAILURE">
<![CDATA[  [firefox] › security/security-comprehensive.spec.ts:56:9 › Security Comprehensive Tests › Authentication Security › should prevent timing attacks on authentication 

    Error: page.goto: NS_ERROR_CONNECTION_REFUSED
    Call log:
      - navigating to "http://localhost:3000/", waiting until "load"


       at utils/playwright-helpers.ts:66

      64 |
      65 |   async navigateToLogin(): Promise<void> {
    > 66 |     await this.page.goto('/')
         |                     ^
      67 |     await expect(this.page.locator('h1:has-text("🔐 RobPass")')).toBeVisible()
      68 |   }
      69 |
        at AuthHelpers.navigateToLogin (/Users/rshirts/repos/robpass/tests/utils/playwright-helpers.ts:66:21)
        at /Users/rshirts/repos/robpass/tests/security/security-comprehensive.spec.ts:27:23

    attachment #1: screenshot (image/png) ──────────────────────────────────────────────────────────
    ../test-results/security-security-comprehe-6cf75-g-attacks-on-authentication-firefox/test-failed-1.png
    ────────────────────────────────────────────────────────────────────────────────────────────────

    attachment #2: video (video/webm) ──────────────────────────────────────────────────────────────
    ../test-results/security-security-comprehe-6cf75-g-attacks-on-authentication-firefox/video.webm
    ────────────────────────────────────────────────────────────────────────────────────────────────

    Error Context: ../test-results/security-security-comprehe-6cf75-g-attacks-on-authentication-firefox/error-context.md
]]>
</failure>
<system-err>
<![CDATA[
Warning: attachment security-security-comprehe-6cf75-g-attacks-on-authentication-firefox/test-failed-1.png is missing
Warning: attachment security-security-comprehe-6cf75-g-attacks-on-authentication-firefox/video.webm is missing
Warning: attachment security-security-comprehe-6cf75-g-attacks-on-authentication-firefox/error-context.md is missing]]>
</system-err>
</testcase>
<testcase name="Security Comprehensive Tests › Authentication Security › should enforce secure password requirements" classname="security/security-comprehensive.spec.ts" time="1.05">
<failure message="security-comprehensive.spec.ts:93:9 should enforce secure password requirements" type="FAILURE">
<![CDATA[  [firefox] › security/security-comprehensive.spec.ts:93:9 › Security Comprehensive Tests › Authentication Security › should enforce secure password requirements 

    Error: page.goto: NS_ERROR_CONNECTION_REFUSED
    Call log:
      - navigating to "http://localhost:3000/", waiting until "load"


       at utils/playwright-helpers.ts:66

      64 |
      65 |   async navigateToLogin(): Promise<void> {
    > 66 |     await this.page.goto('/')
         |                     ^
      67 |     await expect(this.page.locator('h1:has-text("🔐 RobPass")')).toBeVisible()
      68 |   }
      69 |
        at AuthHelpers.navigateToLogin (/Users/rshirts/repos/robpass/tests/utils/playwright-helpers.ts:66:21)
        at /Users/rshirts/repos/robpass/tests/security/security-comprehensive.spec.ts:27:23

    attachment #1: screenshot (image/png) ──────────────────────────────────────────────────────────
    ../test-results/security-security-comprehe-e9c1b-ecure-password-requirements-firefox/test-failed-1.png
    ────────────────────────────────────────────────────────────────────────────────────────────────

    attachment #2: video (video/webm) ──────────────────────────────────────────────────────────────
    ../test-results/security-security-comprehe-e9c1b-ecure-password-requirements-firefox/video.webm
    ────────────────────────────────────────────────────────────────────────────────────────────────

    Error Context: ../test-results/security-security-comprehe-e9c1b-ecure-password-requirements-firefox/error-context.md
]]>
</failure>
<system-err>
<![CDATA[
Warning: attachment security-security-comprehe-e9c1b-ecure-password-requirements-firefox/test-failed-1.png is missing
Warning: attachment security-security-comprehe-e9c1b-ecure-password-requirements-firefox/video.webm is missing
Warning: attachment security-security-comprehe-e9c1b-ecure-password-requirements-firefox/error-context.md is missing]]>
</system-err>
</testcase>
<testcase name="Security Comprehensive Tests › Authentication Security › should prevent session fixation attacks" classname="security/security-comprehensive.spec.ts" time="1.093">
<failure message="security-comprehensive.spec.ts:122:9 should prevent session fixation attacks" type="FAILURE">
<![CDATA[  [firefox] › security/security-comprehensive.spec.ts:122:9 › Security Comprehensive Tests › Authentication Security › should prevent session fixation attacks 

    Error: page.goto: NS_ERROR_CONNECTION_REFUSED
    Call log:
      - navigating to "http://localhost:3000/", waiting until "load"


       at utils/playwright-helpers.ts:66

      64 |
      65 |   async navigateToLogin(): Promise<void> {
    > 66 |     await this.page.goto('/')
         |                     ^
      67 |     await expect(this.page.locator('h1:has-text("🔐 RobPass")')).toBeVisible()
      68 |   }
      69 |
        at AuthHelpers.navigateToLogin (/Users/rshirts/repos/robpass/tests/utils/playwright-helpers.ts:66:21)
        at /Users/rshirts/repos/robpass/tests/security/security-comprehensive.spec.ts:27:23

    attachment #1: screenshot (image/png) ──────────────────────────────────────────────────────────
    ../test-results/security-security-comprehe-3876b-nt-session-fixation-attacks-firefox/test-failed-1.png
    ────────────────────────────────────────────────────────────────────────────────────────────────

    attachment #2: video (video/webm) ──────────────────────────────────────────────────────────────
    ../test-results/security-security-comprehe-3876b-nt-session-fixation-attacks-firefox/video.webm
    ────────────────────────────────────────────────────────────────────────────────────────────────

    Error Context: ../test-results/security-security-comprehe-3876b-nt-session-fixation-attacks-firefox/error-context.md
]]>
</failure>
<system-err>
<![CDATA[
Warning: attachment security-security-comprehe-3876b-nt-session-fixation-attacks-firefox/test-failed-1.png is missing
Warning: attachment security-security-comprehe-3876b-nt-session-fixation-attacks-firefox/video.webm is missing
Warning: attachment security-security-comprehe-3876b-nt-session-fixation-attacks-firefox/error-context.md is missing]]>
</system-err>
</testcase>
<testcase name="Security Comprehensive Tests › Data Isolation and Access Control › should isolate user data completely" classname="security/security-comprehensive.spec.ts" time="1.12">
<failure message="security-comprehensive.spec.ts:145:9 should isolate user data completely" type="FAILURE">
<![CDATA[  [firefox] › security/security-comprehensive.spec.ts:145:9 › Security Comprehensive Tests › Data Isolation and Access Control › should isolate user data completely 

    Error: page.goto: NS_ERROR_CONNECTION_REFUSED
    Call log:
      - navigating to "http://localhost:3000/", waiting until "load"


       at utils/playwright-helpers.ts:66

      64 |
      65 |   async navigateToLogin(): Promise<void> {
    > 66 |     await this.page.goto('/')
         |                     ^
      67 |     await expect(this.page.locator('h1:has-text("🔐 RobPass")')).toBeVisible()
      68 |   }
      69 |
        at AuthHelpers.navigateToLogin (/Users/rshirts/repos/robpass/tests/utils/playwright-helpers.ts:66:21)
        at /Users/rshirts/repos/robpass/tests/security/security-comprehensive.spec.ts:27:23

    attachment #1: screenshot (image/png) ──────────────────────────────────────────────────────────
    ../test-results/security-security-comprehe-4692b-solate-user-data-completely-firefox/test-failed-1.png
    ────────────────────────────────────────────────────────────────────────────────────────────────

    attachment #2: video (video/webm) ──────────────────────────────────────────────────────────────
    ../test-results/security-security-comprehe-4692b-solate-user-data-completely-firefox/video.webm
    ────────────────────────────────────────────────────────────────────────────────────────────────

    Error Context: ../test-results/security-security-comprehe-4692b-solate-user-data-completely-firefox/error-context.md
]]>
</failure>
<system-err>
<![CDATA[
Warning: attachment security-security-comprehe-4692b-solate-user-data-completely-firefox/test-failed-1.png is missing
Warning: attachment security-security-comprehe-4692b-solate-user-data-completely-firefox/video.webm is missing
Warning: attachment security-security-comprehe-4692b-solate-user-data-completely-firefox/error-context.md is missing]]>
</system-err>
</testcase>
<testcase name="Security Comprehensive Tests › Data Isolation and Access Control › should prevent unauthorized API access" classname="security/security-comprehensive.spec.ts" time="1.135">
<failure message="security-comprehensive.spec.ts:169:9 should prevent unauthorized API access" type="FAILURE">
<![CDATA[  [firefox] › security/security-comprehensive.spec.ts:169:9 › Security Comprehensive Tests › Data Isolation and Access Control › should prevent unauthorized API access 

    Error: page.goto: NS_ERROR_CONNECTION_REFUSED
    Call log:
      - navigating to "http://localhost:3000/", waiting until "load"


       at utils/playwright-helpers.ts:66

      64 |
      65 |   async navigateToLogin(): Promise<void> {
    > 66 |     await this.page.goto('/')
         |                     ^
      67 |     await expect(this.page.locator('h1:has-text("🔐 RobPass")')).toBeVisible()
      68 |   }
      69 |
        at AuthHelpers.navigateToLogin (/Users/rshirts/repos/robpass/tests/utils/playwright-helpers.ts:66:21)
        at /Users/rshirts/repos/robpass/tests/security/security-comprehensive.spec.ts:27:23

    attachment #1: screenshot (image/png) ──────────────────────────────────────────────────────────
    ../test-results/security-security-comprehe-114f6-ent-unauthorized-API-access-firefox/test-failed-1.png
    ────────────────────────────────────────────────────────────────────────────────────────────────

    attachment #2: video (video/webm) ──────────────────────────────────────────────────────────────
    ../test-results/security-security-comprehe-114f6-ent-unauthorized-API-access-firefox/video.webm
    ────────────────────────────────────────────────────────────────────────────────────────────────

    Error Context: ../test-results/security-security-comprehe-114f6-ent-unauthorized-API-access-firefox/error-context.md
]]>
</failure>
<system-err>
<![CDATA[
Warning: attachment security-security-comprehe-114f6-ent-unauthorized-API-access-firefox/test-failed-1.png is missing
Warning: attachment security-security-comprehe-114f6-ent-unauthorized-API-access-firefox/video.webm is missing
Warning: attachment security-security-comprehe-114f6-ent-unauthorized-API-access-firefox/error-context.md is missing]]>
</system-err>
</testcase>
<testcase name="Security Comprehensive Tests › Data Isolation and Access Control › should validate session tokens properly" classname="security/security-comprehensive.spec.ts" time="1.085">
<failure message="security-comprehensive.spec.ts:195:9 should validate session tokens properly" type="FAILURE">
<![CDATA[  [firefox] › security/security-comprehensive.spec.ts:195:9 › Security Comprehensive Tests › Data Isolation and Access Control › should validate session tokens properly 

    Error: page.goto: NS_ERROR_CONNECTION_REFUSED
    Call log:
      - navigating to "http://localhost:3000/", waiting until "load"


       at utils/playwright-helpers.ts:66

      64 |
      65 |   async navigateToLogin(): Promise<void> {
    > 66 |     await this.page.goto('/')
         |                     ^
      67 |     await expect(this.page.locator('h1:has-text("🔐 RobPass")')).toBeVisible()
      68 |   }
      69 |
        at AuthHelpers.navigateToLogin (/Users/rshirts/repos/robpass/tests/utils/playwright-helpers.ts:66:21)
        at /Users/rshirts/repos/robpass/tests/security/security-comprehensive.spec.ts:27:23

    attachment #1: screenshot (image/png) ──────────────────────────────────────────────────────────
    ../test-results/security-security-comprehe-9ba1c-ate-session-tokens-properly-firefox/test-failed-1.png
    ────────────────────────────────────────────────────────────────────────────────────────────────

    attachment #2: video (video/webm) ──────────────────────────────────────────────────────────────
    ../test-results/security-security-comprehe-9ba1c-ate-session-tokens-properly-firefox/video.webm
    ────────────────────────────────────────────────────────────────────────────────────────────────

    Error Context: ../test-results/security-security-comprehe-9ba1c-ate-session-tokens-properly-firefox/error-context.md
]]>
</failure>
<system-err>
<![CDATA[
Warning: attachment security-security-comprehe-9ba1c-ate-session-tokens-properly-firefox/test-failed-1.png is missing
Warning: attachment security-security-comprehe-9ba1c-ate-session-tokens-properly-firefox/video.webm is missing
Warning: attachment security-security-comprehe-9ba1c-ate-session-tokens-properly-firefox/error-context.md is missing]]>
</system-err>
</testcase>
<testcase name="Security Comprehensive Tests › Error Handling and Information Disclosure › should not expose sensitive information in errors" classname="security/security-comprehensive.spec.ts" time="1.116">
<failure message="security-comprehensive.spec.ts:213:9 should not expose sensitive information in errors" type="FAILURE">
<![CDATA[  [firefox] › security/security-comprehensive.spec.ts:213:9 › Security Comprehensive Tests › Error Handling and Information Disclosure › should not expose sensitive information in errors 

    Error: page.goto: NS_ERROR_CONNECTION_REFUSED
    Call log:
      - navigating to "http://localhost:3000/", waiting until "load"


       at utils/playwright-helpers.ts:66

      64 |
      65 |   async navigateToLogin(): Promise<void> {
    > 66 |     await this.page.goto('/')
         |                     ^
      67 |     await expect(this.page.locator('h1:has-text("🔐 RobPass")')).toBeVisible()
      68 |   }
      69 |
        at AuthHelpers.navigateToLogin (/Users/rshirts/repos/robpass/tests/utils/playwright-helpers.ts:66:21)
        at /Users/rshirts/repos/robpass/tests/security/security-comprehensive.spec.ts:27:23

    attachment #1: screenshot (image/png) ──────────────────────────────────────────────────────────
    ../test-results/security-security-comprehe-a936b-itive-information-in-errors-firefox/test-failed-1.png
    ────────────────────────────────────────────────────────────────────────────────────────────────

    attachment #2: video (video/webm) ──────────────────────────────────────────────────────────────
    ../test-results/security-security-comprehe-a936b-itive-information-in-errors-firefox/video.webm
    ────────────────────────────────────────────────────────────────────────────────────────────────

    Error Context: ../test-results/security-security-comprehe-a936b-itive-information-in-errors-firefox/error-context.md
]]>
</failure>
<system-err>
<![CDATA[
Warning: attachment security-security-comprehe-a936b-itive-information-in-errors-firefox/test-failed-1.png is missing
Warning: attachment security-security-comprehe-a936b-itive-information-in-errors-firefox/video.webm is missing
Warning: attachment security-security-comprehe-a936b-itive-information-in-errors-firefox/error-context.md is missing]]>
</system-err>
</testcase>
<testcase name="Security Comprehensive Tests › Error Handling and Information Disclosure › should handle network errors gracefully" classname="security/security-comprehensive.spec.ts" time="1.093">
<failure message="security-comprehensive.spec.ts:257:9 should handle network errors gracefully" type="FAILURE">
<![CDATA[  [firefox] › security/security-comprehensive.spec.ts:257:9 › Security Comprehensive Tests › Error Handling and Information Disclosure › should handle network errors gracefully 

    Error: page.goto: NS_ERROR_CONNECTION_REFUSED
    Call log:
      - navigating to "http://localhost:3000/", waiting until "load"


       at utils/playwright-helpers.ts:66

      64 |
      65 |   async navigateToLogin(): Promise<void> {
    > 66 |     await this.page.goto('/')
         |                     ^
      67 |     await expect(this.page.locator('h1:has-text("🔐 RobPass")')).toBeVisible()
      68 |   }
      69 |
        at AuthHelpers.navigateToLogin (/Users/rshirts/repos/robpass/tests/utils/playwright-helpers.ts:66:21)
        at /Users/rshirts/repos/robpass/tests/security/security-comprehensive.spec.ts:27:23

    attachment #1: screenshot (image/png) ──────────────────────────────────────────────────────────
    ../test-results/security-security-comprehe-81664-e-network-errors-gracefully-firefox/test-failed-1.png
    ────────────────────────────────────────────────────────────────────────────────────────────────

    attachment #2: video (video/webm) ──────────────────────────────────────────────────────────────
    ../test-results/security-security-comprehe-81664-e-network-errors-gracefully-firefox/video.webm
    ────────────────────────────────────────────────────────────────────────────────────────────────

    Error Context: ../test-results/security-security-comprehe-81664-e-network-errors-gracefully-firefox/error-context.md
]]>
</failure>
<system-err>
<![CDATA[
Warning: attachment security-security-comprehe-81664-e-network-errors-gracefully-firefox/test-failed-1.png is missing
Warning: attachment security-security-comprehe-81664-e-network-errors-gracefully-firefox/video.webm is missing
Warning: attachment security-security-comprehe-81664-e-network-errors-gracefully-firefox/error-context.md is missing]]>
</system-err>
</testcase>
<testcase name="Security Comprehensive Tests › Error Handling and Information Disclosure › should handle malformed responses securely" classname="security/security-comprehensive.spec.ts" time="1.165">
<failure message="security-comprehensive.spec.ts:278:9 should handle malformed responses securely" type="FAILURE">
<![CDATA[  [firefox] › security/security-comprehensive.spec.ts:278:9 › Security Comprehensive Tests › Error Handling and Information Disclosure › should handle malformed responses securely 

    Error: page.goto: NS_ERROR_CONNECTION_REFUSED
    Call log:
      - navigating to "http://localhost:3000/", waiting until "load"


       at utils/playwright-helpers.ts:66

      64 |
      65 |   async navigateToLogin(): Promise<void> {
    > 66 |     await this.page.goto('/')
         |                     ^
      67 |     await expect(this.page.locator('h1:has-text("🔐 RobPass")')).toBeVisible()
      68 |   }
      69 |
        at AuthHelpers.navigateToLogin (/Users/rshirts/repos/robpass/tests/utils/playwright-helpers.ts:66:21)
        at /Users/rshirts/repos/robpass/tests/security/security-comprehensive.spec.ts:27:23

    attachment #1: screenshot (image/png) ──────────────────────────────────────────────────────────
    ../test-results/security-security-comprehe-4c5cf-alformed-responses-securely-firefox/test-failed-1.png
    ────────────────────────────────────────────────────────────────────────────────────────────────

    attachment #2: video (video/webm) ──────────────────────────────────────────────────────────────
    ../test-results/security-security-comprehe-4c5cf-alformed-responses-securely-firefox/video.webm
    ────────────────────────────────────────────────────────────────────────────────────────────────

    Error Context: ../test-results/security-security-comprehe-4c5cf-alformed-responses-securely-firefox/error-context.md
]]>
</failure>
<system-err>
<![CDATA[
Warning: attachment security-security-comprehe-4c5cf-alformed-responses-securely-firefox/test-failed-1.png is missing
Warning: attachment security-security-comprehe-4c5cf-alformed-responses-securely-firefox/video.webm is missing
Warning: attachment security-security-comprehe-4c5cf-alformed-responses-securely-firefox/error-context.md is missing]]>
</system-err>
</testcase>
<testcase name="Security Comprehensive Tests › Session Security › should expire sessions after inactivity" classname="security/security-comprehensive.spec.ts" time="1.173">
<failure message="security-comprehensive.spec.ts:304:9 should expire sessions after inactivity" type="FAILURE">
<![CDATA[  [firefox] › security/security-comprehensive.spec.ts:304:9 › Security Comprehensive Tests › Session Security › should expire sessions after inactivity 

    Error: page.goto: NS_ERROR_CONNECTION_REFUSED
    Call log:
      - navigating to "http://localhost:3000/", waiting until "load"


       at utils/playwright-helpers.ts:66

      64 |
      65 |   async navigateToLogin(): Promise<void> {
    > 66 |     await this.page.goto('/')
         |                     ^
      67 |     await expect(this.page.locator('h1:has-text("🔐 RobPass")')).toBeVisible()
      68 |   }
      69 |
        at AuthHelpers.navigateToLogin (/Users/rshirts/repos/robpass/tests/utils/playwright-helpers.ts:66:21)
        at /Users/rshirts/repos/robpass/tests/security/security-comprehensive.spec.ts:27:23

    attachment #1: screenshot (image/png) ──────────────────────────────────────────────────────────
    ../test-results/security-security-comprehe-d2334-e-sessions-after-inactivity-firefox/test-failed-1.png
    ────────────────────────────────────────────────────────────────────────────────────────────────

    attachment #2: video (video/webm) ──────────────────────────────────────────────────────────────
    ../test-results/security-security-comprehe-d2334-e-sessions-after-inactivity-firefox/video.webm
    ────────────────────────────────────────────────────────────────────────────────────────────────

    Error Context: ../test-results/security-security-comprehe-d2334-e-sessions-after-inactivity-firefox/error-context.md
]]>
</failure>
<system-err>
<![CDATA[
Warning: attachment security-security-comprehe-d2334-e-sessions-after-inactivity-firefox/test-failed-1.png is missing
Warning: attachment security-security-comprehe-d2334-e-sessions-after-inactivity-firefox/video.webm is missing
Warning: attachment security-security-comprehe-d2334-e-sessions-after-inactivity-firefox/error-context.md is missing]]>
</system-err>
</testcase>
<testcase name="Security Comprehensive Tests › Session Security › should clear sensitive data on page unload" classname="security/security-comprehensive.spec.ts" time="1.226">
<failure message="security-comprehensive.spec.ts:325:9 should clear sensitive data on page unload" type="FAILURE">
<![CDATA[  [firefox] › security/security-comprehensive.spec.ts:325:9 › Security Comprehensive Tests › Session Security › should clear sensitive data on page unload 

    Error: page.goto: NS_ERROR_CONNECTION_REFUSED
    Call log:
      - navigating to "http://localhost:3000/", waiting until "load"


       at utils/playwright-helpers.ts:66

      64 |
      65 |   async navigateToLogin(): Promise<void> {
    > 66 |     await this.page.goto('/')
         |                     ^
      67 |     await expect(this.page.locator('h1:has-text("🔐 RobPass")')).toBeVisible()
      68 |   }
      69 |
        at AuthHelpers.navigateToLogin (/Users/rshirts/repos/robpass/tests/utils/playwright-helpers.ts:66:21)
        at /Users/rshirts/repos/robpass/tests/security/security-comprehensive.spec.ts:27:23

    attachment #1: screenshot (image/png) ──────────────────────────────────────────────────────────
    ../test-results/security-security-comprehe-ae70e-nsitive-data-on-page-unload-firefox/test-failed-1.png
    ────────────────────────────────────────────────────────────────────────────────────────────────

    attachment #2: video (video/webm) ──────────────────────────────────────────────────────────────
    ../test-results/security-security-comprehe-ae70e-nsitive-data-on-page-unload-firefox/video.webm
    ────────────────────────────────────────────────────────────────────────────────────────────────

    Error Context: ../test-results/security-security-comprehe-ae70e-nsitive-data-on-page-unload-firefox/error-context.md
]]>
</failure>
<system-err>
<![CDATA[
Warning: attachment security-security-comprehe-ae70e-nsitive-data-on-page-unload-firefox/test-failed-1.png is missing
Warning: attachment security-security-comprehe-ae70e-nsitive-data-on-page-unload-firefox/video.webm is missing
Warning: attachment security-security-comprehe-ae70e-nsitive-data-on-page-unload-firefox/error-context.md is missing]]>
</system-err>
</testcase>
<testcase name="Security Comprehensive Tests › Session Security › should prevent concurrent sessions" classname="security/security-comprehensive.spec.ts" time="1.165">
<failure message="security-comprehensive.spec.ts:343:9 should prevent concurrent sessions" type="FAILURE">
<![CDATA[  [firefox] › security/security-comprehensive.spec.ts:343:9 › Security Comprehensive Tests › Session Security › should prevent concurrent sessions 

    Error: page.goto: NS_ERROR_CONNECTION_REFUSED
    Call log:
      - navigating to "http://localhost:3000/", waiting until "load"


       at utils/playwright-helpers.ts:66

      64 |
      65 |   async navigateToLogin(): Promise<void> {
    > 66 |     await this.page.goto('/')
         |                     ^
      67 |     await expect(this.page.locator('h1:has-text("🔐 RobPass")')).toBeVisible()
      68 |   }
      69 |
        at AuthHelpers.navigateToLogin (/Users/rshirts/repos/robpass/tests/utils/playwright-helpers.ts:66:21)
        at /Users/rshirts/repos/robpass/tests/security/security-comprehensive.spec.ts:27:23

    attachment #1: screenshot (image/png) ──────────────────────────────────────────────────────────
    ../test-results/security-security-comprehe-7f37b-prevent-concurrent-sessions-firefox/test-failed-1.png
    ────────────────────────────────────────────────────────────────────────────────────────────────

    attachment #2: video (video/webm) ──────────────────────────────────────────────────────────────
    ../test-results/security-security-comprehe-7f37b-prevent-concurrent-sessions-firefox/video.webm
    ────────────────────────────────────────────────────────────────────────────────────────────────

    Error Context: ../test-results/security-security-comprehe-7f37b-prevent-concurrent-sessions-firefox/error-context.md
]]>
</failure>
<system-err>
<![CDATA[
Warning: attachment security-security-comprehe-7f37b-prevent-concurrent-sessions-firefox/test-failed-1.png is missing
Warning: attachment security-security-comprehe-7f37b-prevent-concurrent-sessions-firefox/video.webm is missing
Warning: attachment security-security-comprehe-7f37b-prevent-concurrent-sessions-firefox/error-context.md is missing]]>
</system-err>
</testcase>
<testcase name="Security Comprehensive Tests › Input Validation and Sanitization › should sanitize user inputs" classname="security/security-comprehensive.spec.ts" time="1.246">
<failure message="security-comprehensive.spec.ts:366:9 should sanitize user inputs" type="FAILURE">
<![CDATA[  [firefox] › security/security-comprehensive.spec.ts:366:9 › Security Comprehensive Tests › Input Validation and Sanitization › should sanitize user inputs 

    Error: page.goto: NS_ERROR_CONNECTION_REFUSED
    Call log:
      - navigating to "http://localhost:3000/", waiting until "load"


       at utils/playwright-helpers.ts:66

      64 |
      65 |   async navigateToLogin(): Promise<void> {
    > 66 |     await this.page.goto('/')
         |                     ^
      67 |     await expect(this.page.locator('h1:has-text("🔐 RobPass")')).toBeVisible()
      68 |   }
      69 |
        at AuthHelpers.navigateToLogin (/Users/rshirts/repos/robpass/tests/utils/playwright-helpers.ts:66:21)
        at /Users/rshirts/repos/robpass/tests/security/security-comprehensive.spec.ts:27:23

    attachment #1: screenshot (image/png) ──────────────────────────────────────────────────────────
    ../test-results/security-security-comprehe-5dda0-should-sanitize-user-inputs-firefox/test-failed-1.png
    ────────────────────────────────────────────────────────────────────────────────────────────────

    attachment #2: video (video/webm) ──────────────────────────────────────────────────────────────
    ../test-results/security-security-comprehe-5dda0-should-sanitize-user-inputs-firefox/video.webm
    ────────────────────────────────────────────────────────────────────────────────────────────────

    Error Context: ../test-results/security-security-comprehe-5dda0-should-sanitize-user-inputs-firefox/error-context.md
]]>
</failure>
<system-err>
<![CDATA[
Warning: attachment security-security-comprehe-5dda0-should-sanitize-user-inputs-firefox/test-failed-1.png is missing
Warning: attachment security-security-comprehe-5dda0-should-sanitize-user-inputs-firefox/video.webm is missing
Warning: attachment security-security-comprehe-5dda0-should-sanitize-user-inputs-firefox/error-context.md is missing]]>
</system-err>
</testcase>
<testcase name="Security Comprehensive Tests › Input Validation and Sanitization › should validate input lengths" classname="security/security-comprehensive.spec.ts" time="1.181">
<failure message="security-comprehensive.spec.ts:399:9 should validate input lengths" type="FAILURE">
<![CDATA[  [firefox] › security/security-comprehensive.spec.ts:399:9 › Security Comprehensive Tests › Input Validation and Sanitization › should validate input lengths 

    Error: page.goto: NS_ERROR_CONNECTION_REFUSED
    Call log:
      - navigating to "http://localhost:3000/", waiting until "load"


       at utils/playwright-helpers.ts:66

      64 |
      65 |   async navigateToLogin(): Promise<void> {
    > 66 |     await this.page.goto('/')
         |                     ^
      67 |     await expect(this.page.locator('h1:has-text("🔐 RobPass")')).toBeVisible()
      68 |   }
      69 |
        at AuthHelpers.navigateToLogin (/Users/rshirts/repos/robpass/tests/utils/playwright-helpers.ts:66:21)
        at /Users/rshirts/repos/robpass/tests/security/security-comprehensive.spec.ts:27:23

    attachment #1: screenshot (image/png) ──────────────────────────────────────────────────────────
    ../test-results/security-security-comprehe-e5ea1-ould-validate-input-lengths-firefox/test-failed-1.png
    ────────────────────────────────────────────────────────────────────────────────────────────────

    attachment #2: video (video/webm) ──────────────────────────────────────────────────────────────
    ../test-results/security-security-comprehe-e5ea1-ould-validate-input-lengths-firefox/video.webm
    ────────────────────────────────────────────────────────────────────────────────────────────────

    Error Context: ../test-results/security-security-comprehe-e5ea1-ould-validate-input-lengths-firefox/error-context.md
]]>
</failure>
<system-err>
<![CDATA[
Warning: attachment security-security-comprehe-e5ea1-ould-validate-input-lengths-firefox/test-failed-1.png is missing
Warning: attachment security-security-comprehe-e5ea1-ould-validate-input-lengths-firefox/video.webm is missing
Warning: attachment security-security-comprehe-e5ea1-ould-validate-input-lengths-firefox/error-context.md is missing]]>
</system-err>
</testcase>
</testsuite>
<testsuite name="security-validation.spec.ts" timestamp="2025-07-30T06:44:37.434Z" hostname="firefox" tests="8" failures="8" skipped="0" time="9.589" errors="0">
<testcase name="Core Security Validation › should demonstrate complete security flow - happy path" classname="security-validation.spec.ts" time="1.172">
<failure message="security-validation.spec.ts:8:7 should demonstrate complete security flow - happy path" type="FAILURE">
<![CDATA[  [firefox] › security-validation.spec.ts:8:7 › Core Security Validation › should demonstrate complete security flow - happy path 

    Error: page.goto: NS_ERROR_CONNECTION_REFUSED
    Call log:
      - navigating to "http://localhost:3000/", waiting until "load"


      3 | test.describe('Core Security Validation', () => {
      4 |   test.beforeEach(async ({ page }) => {
    > 5 |     await page.goto('/');
        |                ^
      6 |   });
      7 |
      8 |   test('should demonstrate complete security flow - happy path', async ({ page }) => {
        at /Users/rshirts/repos/robpass/tests/security-validation.spec.ts:5:16

    attachment #1: screenshot (image/png) ──────────────────────────────────────────────────────────
    ../test-results/security-validation-Core-S-4d2c1--security-flow---happy-path-firefox/test-failed-1.png
    ────────────────────────────────────────────────────────────────────────────────────────────────

    attachment #2: video (video/webm) ──────────────────────────────────────────────────────────────
    ../test-results/security-validation-Core-S-4d2c1--security-flow---happy-path-firefox/video.webm
    ────────────────────────────────────────────────────────────────────────────────────────────────

    Error Context: ../test-results/security-validation-Core-S-4d2c1--security-flow---happy-path-firefox/error-context.md
]]>
</failure>
<system-err>
<![CDATA[
Warning: attachment security-validation-Core-S-4d2c1--security-flow---happy-path-firefox/test-failed-1.png is missing
Warning: attachment security-validation-Core-S-4d2c1--security-flow---happy-path-firefox/video.webm is missing
Warning: attachment security-validation-Core-S-4d2c1--security-flow---happy-path-firefox/error-context.md is missing]]>
</system-err>
</testcase>
<testcase name="Core Security Validation › should reject wrong password - security validation" classname="security-validation.spec.ts" time="1.22">
<failure message="security-validation.spec.ts:60:7 should reject wrong password - security validation" type="FAILURE">
<![CDATA[  [firefox] › security-validation.spec.ts:60:7 › Core Security Validation › should reject wrong password - security validation 

    Error: page.goto: NS_ERROR_CONNECTION_REFUSED
    Call log:
      - navigating to "http://localhost:3000/", waiting until "load"


      3 | test.describe('Core Security Validation', () => {
      4 |   test.beforeEach(async ({ page }) => {
    > 5 |     await page.goto('/');
        |                ^
      6 |   });
      7 |
      8 |   test('should demonstrate complete security flow - happy path', async ({ page }) => {
        at /Users/rshirts/repos/robpass/tests/security-validation.spec.ts:5:16

    attachment #1: screenshot (image/png) ──────────────────────────────────────────────────────────
    ../test-results/security-validation-Core-S-412b8-sword---security-validation-firefox/test-failed-1.png
    ────────────────────────────────────────────────────────────────────────────────────────────────

    attachment #2: video (video/webm) ──────────────────────────────────────────────────────────────
    ../test-results/security-validation-Core-S-412b8-sword---security-validation-firefox/video.webm
    ────────────────────────────────────────────────────────────────────────────────────────────────

    Error Context: ../test-results/security-validation-Core-S-412b8-sword---security-validation-firefox/error-context.md
]]>
</failure>
<system-err>
<![CDATA[
Warning: attachment security-validation-Core-S-412b8-sword---security-validation-firefox/test-failed-1.png is missing
Warning: attachment security-validation-Core-S-412b8-sword---security-validation-firefox/video.webm is missing
Warning: attachment security-validation-Core-S-412b8-sword---security-validation-firefox/error-context.md is missing]]>
</system-err>
</testcase>
<testcase name="Core Security Validation › should prevent unauthorized API access" classname="security-validation.spec.ts" time="1.235">
<failure message="security-validation.spec.ts:90:7 should prevent unauthorized API access" type="FAILURE">
<![CDATA[  [firefox] › security-validation.spec.ts:90:7 › Core Security Validation › should prevent unauthorized API access 

    Error: page.goto: NS_ERROR_CONNECTION_REFUSED
    Call log:
      - navigating to "http://localhost:3000/", waiting until "load"


      3 | test.describe('Core Security Validation', () => {
      4 |   test.beforeEach(async ({ page }) => {
    > 5 |     await page.goto('/');
        |                ^
      6 |   });
      7 |
      8 |   test('should demonstrate complete security flow - happy path', async ({ page }) => {
        at /Users/rshirts/repos/robpass/tests/security-validation.spec.ts:5:16

    attachment #1: screenshot (image/png) ──────────────────────────────────────────────────────────
    ../test-results/security-validation-Core-S-d31a3-ent-unauthorized-API-access-firefox/test-failed-1.png
    ────────────────────────────────────────────────────────────────────────────────────────────────

    attachment #2: video (video/webm) ──────────────────────────────────────────────────────────────
    ../test-results/security-validation-Core-S-d31a3-ent-unauthorized-API-access-firefox/video.webm
    ────────────────────────────────────────────────────────────────────────────────────────────────

    Error Context: ../test-results/security-validation-Core-S-d31a3-ent-unauthorized-API-access-firefox/error-context.md
]]>
</failure>
<system-err>
<![CDATA[
Warning: attachment security-validation-Core-S-d31a3-ent-unauthorized-API-access-firefox/test-failed-1.png is missing
Warning: attachment security-validation-Core-S-d31a3-ent-unauthorized-API-access-firefox/video.webm is missing
Warning: attachment security-validation-Core-S-d31a3-ent-unauthorized-API-access-firefox/error-context.md is missing]]>
</system-err>
</testcase>
<testcase name="Core Security Validation › should prevent vault item creation without authentication" classname="security-validation.spec.ts" time="1.272">
<failure message="security-validation.spec.ts:100:7 should prevent vault item creation without authentication" type="FAILURE">
<![CDATA[  [firefox] › security-validation.spec.ts:100:7 › Core Security Validation › should prevent vault item creation without authentication 

    Error: page.goto: NS_ERROR_CONNECTION_REFUSED
    Call log:
      - navigating to "http://localhost:3000/", waiting until "load"


      3 | test.describe('Core Security Validation', () => {
      4 |   test.beforeEach(async ({ page }) => {
    > 5 |     await page.goto('/');
        |                ^
      6 |   });
      7 |
      8 |   test('should demonstrate complete security flow - happy path', async ({ page }) => {
        at /Users/rshirts/repos/robpass/tests/security-validation.spec.ts:5:16

    attachment #1: screenshot (image/png) ──────────────────────────────────────────────────────────
    ../test-results/security-validation-Core-S-0c607-tion-without-authentication-firefox/test-failed-1.png
    ────────────────────────────────────────────────────────────────────────────────────────────────

    attachment #2: video (video/webm) ──────────────────────────────────────────────────────────────
    ../test-results/security-validation-Core-S-0c607-tion-without-authentication-firefox/video.webm
    ────────────────────────────────────────────────────────────────────────────────────────────────

    Error Context: ../test-results/security-validation-Core-S-0c607-tion-without-authentication-firefox/error-context.md
]]>
</failure>
<system-err>
<![CDATA[
Warning: attachment security-validation-Core-S-0c607-tion-without-authentication-firefox/test-failed-1.png is missing
Warning: attachment security-validation-Core-S-0c607-tion-without-authentication-firefox/video.webm is missing
Warning: attachment security-validation-Core-S-0c607-tion-without-authentication-firefox/error-context.md is missing]]>
</system-err>
</testcase>
<testcase name="Core Security Validation › should isolate users - cannot access other users vault items" classname="security-validation.spec.ts" time="1.165">
<failure message="security-validation.spec.ts:115:7 should isolate users - cannot access other users vault items" type="FAILURE">
<![CDATA[  [firefox] › security-validation.spec.ts:115:7 › Core Security Validation › should isolate users - cannot access other users vault items 

    Error: page.goto: NS_ERROR_CONNECTION_REFUSED
    Call log:
      - navigating to "http://localhost:3000/", waiting until "load"


      3 | test.describe('Core Security Validation', () => {
      4 |   test.beforeEach(async ({ page }) => {
    > 5 |     await page.goto('/');
        |                ^
      6 |   });
      7 |
      8 |   test('should demonstrate complete security flow - happy path', async ({ page }) => {
        at /Users/rshirts/repos/robpass/tests/security-validation.spec.ts:5:16

    attachment #1: screenshot (image/png) ──────────────────────────────────────────────────────────
    ../test-results/security-validation-Core-S-5dfc8-ess-other-users-vault-items-firefox/test-failed-1.png
    ────────────────────────────────────────────────────────────────────────────────────────────────

    attachment #2: video (video/webm) ──────────────────────────────────────────────────────────────
    ../test-results/security-validation-Core-S-5dfc8-ess-other-users-vault-items-firefox/video.webm
    ────────────────────────────────────────────────────────────────────────────────────────────────

    Error Context: ../test-results/security-validation-Core-S-5dfc8-ess-other-users-vault-items-firefox/error-context.md
]]>
</failure>
<system-err>
<![CDATA[
Warning: attachment security-validation-Core-S-5dfc8-ess-other-users-vault-items-firefox/test-failed-1.png is missing
Warning: attachment security-validation-Core-S-5dfc8-ess-other-users-vault-items-firefox/video.webm is missing
Warning: attachment security-validation-Core-S-5dfc8-ess-other-users-vault-items-firefox/error-context.md is missing]]>
</system-err>
</testcase>
<testcase name="Core Security Validation › should validate registration input - weak password rejection" classname="security-validation.spec.ts" time="1.156">
<failure message="security-validation.spec.ts:152:7 should validate registration input - weak password rejection" type="FAILURE">
<![CDATA[  [firefox] › security-validation.spec.ts:152:7 › Core Security Validation › should validate registration input - weak password rejection 

    Error: page.goto: NS_ERROR_CONNECTION_REFUSED
    Call log:
      - navigating to "http://localhost:3000/", waiting until "load"


      3 | test.describe('Core Security Validation', () => {
      4 |   test.beforeEach(async ({ page }) => {
    > 5 |     await page.goto('/');
        |                ^
      6 |   });
      7 |
      8 |   test('should demonstrate complete security flow - happy path', async ({ page }) => {
        at /Users/rshirts/repos/robpass/tests/security-validation.spec.ts:5:16

    attachment #1: screenshot (image/png) ──────────────────────────────────────────────────────────
    ../test-results/security-validation-Core-S-7b8ba-t---weak-password-rejection-firefox/test-failed-1.png
    ────────────────────────────────────────────────────────────────────────────────────────────────

    attachment #2: video (video/webm) ──────────────────────────────────────────────────────────────
    ../test-results/security-validation-Core-S-7b8ba-t---weak-password-rejection-firefox/video.webm
    ────────────────────────────────────────────────────────────────────────────────────────────────

    Error Context: ../test-results/security-validation-Core-S-7b8ba-t---weak-password-rejection-firefox/error-context.md
]]>
</failure>
<system-err>
<![CDATA[
Warning: attachment security-validation-Core-S-7b8ba-t---weak-password-rejection-firefox/test-failed-1.png is missing
Warning: attachment security-validation-Core-S-7b8ba-t---weak-password-rejection-firefox/video.webm is missing
Warning: attachment security-validation-Core-S-7b8ba-t---weak-password-rejection-firefox/error-context.md is missing]]>
</system-err>
</testcase>
<testcase name="Core Security Validation › should validate registration input - password mismatch" classname="security-validation.spec.ts" time="1.183">
<failure message="security-validation.spec.ts:163:7 should validate registration input - password mismatch" type="FAILURE">
<![CDATA[  [firefox] › security-validation.spec.ts:163:7 › Core Security Validation › should validate registration input - password mismatch 

    Error: page.goto: NS_ERROR_CONNECTION_REFUSED
    Call log:
      - navigating to "http://localhost:3000/", waiting until "load"


      3 | test.describe('Core Security Validation', () => {
      4 |   test.beforeEach(async ({ page }) => {
    > 5 |     await page.goto('/');
        |                ^
      6 |   });
      7 |
      8 |   test('should demonstrate complete security flow - happy path', async ({ page }) => {
        at /Users/rshirts/repos/robpass/tests/security-validation.spec.ts:5:16

    attachment #1: screenshot (image/png) ──────────────────────────────────────────────────────────
    ../test-results/security-validation-Core-S-75b11-n-input---password-mismatch-firefox/test-failed-1.png
    ────────────────────────────────────────────────────────────────────────────────────────────────

    attachment #2: video (video/webm) ──────────────────────────────────────────────────────────────
    ../test-results/security-validation-Core-S-75b11-n-input---password-mismatch-firefox/video.webm
    ────────────────────────────────────────────────────────────────────────────────────────────────

    Error Context: ../test-results/security-validation-Core-S-75b11-n-input---password-mismatch-firefox/error-context.md
]]>
</failure>
<system-err>
<![CDATA[
Warning: attachment security-validation-Core-S-75b11-n-input---password-mismatch-firefox/test-failed-1.png is missing
Warning: attachment security-validation-Core-S-75b11-n-input---password-mismatch-firefox/video.webm is missing
Warning: attachment security-validation-Core-S-75b11-n-input---password-mismatch-firefox/error-context.md is missing]]>
</system-err>
</testcase>
<testcase name="Core Security Validation › should reject non-existent user login" classname="security-validation.spec.ts" time="1.186">
<failure message="security-validation.spec.ts:174:7 should reject non-existent user login" type="FAILURE">
<![CDATA[  [firefox] › security-validation.spec.ts:174:7 › Core Security Validation › should reject non-existent user login 

    Error: page.goto: NS_ERROR_CONNECTION_REFUSED
    Call log:
      - navigating to "http://localhost:3000/", waiting until "load"


      3 | test.describe('Core Security Validation', () => {
      4 |   test.beforeEach(async ({ page }) => {
    > 5 |     await page.goto('/');
        |                ^
      6 |   });
      7 |
      8 |   test('should demonstrate complete security flow - happy path', async ({ page }) => {
        at /Users/rshirts/repos/robpass/tests/security-validation.spec.ts:5:16

    attachment #1: screenshot (image/png) ──────────────────────────────────────────────────────────
    ../test-results/security-validation-Core-S-d9074-ect-non-existent-user-login-firefox/test-failed-1.png
    ────────────────────────────────────────────────────────────────────────────────────────────────

    attachment #2: video (video/webm) ──────────────────────────────────────────────────────────────
    ../test-results/security-validation-Core-S-d9074-ect-non-existent-user-login-firefox/video.webm
    ────────────────────────────────────────────────────────────────────────────────────────────────

    Error Context: ../test-results/security-validation-Core-S-d9074-ect-non-existent-user-login-firefox/error-context.md
]]>
</failure>
<system-err>
<![CDATA[
Warning: attachment security-validation-Core-S-d9074-ect-non-existent-user-login-firefox/test-failed-1.png is missing
Warning: attachment security-validation-Core-S-d9074-ect-non-existent-user-login-firefox/video.webm is missing
Warning: attachment security-validation-Core-S-d9074-ect-non-existent-user-login-firefox/error-context.md is missing]]>
</system-err>
</testcase>
</testsuite>
<testsuite name="vault-security.spec.ts" timestamp="2025-07-30T06:44:37.434Z" hostname="firefox" tests="10" failures="10" skipped="0" time="11.508" errors="0">
<testcase name="Vault Security Tests › Happy Path - Vault Operations › should successfully create, view, edit, and delete vault items" classname="vault-security.spec.ts" time="1.207">
<failure message="vault-security.spec.ts:29:9 should successfully create, view, edit, and delete vault items" type="FAILURE">
<![CDATA[  [firefox] › vault-security.spec.ts:29:9 › Vault Security Tests › Happy Path - Vault Operations › should successfully create, view, edit, and delete vault items 

    Error: page.goto: NS_ERROR_CONNECTION_REFUSED
    Call log:
      - navigating to "http://localhost:3000/", waiting until "load"


      4 |   // Helper function to register and login a user
      5 |   async function registerAndLogin(page: any, username: string, password: string) {
    > 6 |     await page.goto('/');
        |                ^
      7 |     await page.getByRole('button', { name: 'Create Account' }).click();
      8 |     await page.getByRole('textbox', { name: 'Username' }).fill(username);
      9 |     await page.getByRole('textbox', { name: 'Password', exact: true }).fill(password);
        at registerAndLogin (/Users/rshirts/repos/robpass/tests/vault-security.spec.ts:6:16)
        at /Users/rshirts/repos/robpass/tests/vault-security.spec.ts:34:13

    attachment #1: screenshot (image/png) ──────────────────────────────────────────────────────────
    ../test-results/vault-security-Vault-Secur-12bfa-edit-and-delete-vault-items-firefox/test-failed-1.png
    ────────────────────────────────────────────────────────────────────────────────────────────────

    attachment #2: video (video/webm) ──────────────────────────────────────────────────────────────
    ../test-results/vault-security-Vault-Secur-12bfa-edit-and-delete-vault-items-firefox/video.webm
    ────────────────────────────────────────────────────────────────────────────────────────────────

    Error Context: ../test-results/vault-security-Vault-Secur-12bfa-edit-and-delete-vault-items-firefox/error-context.md
]]>
</failure>
<system-err>
<![CDATA[
Warning: attachment vault-security-Vault-Secur-12bfa-edit-and-delete-vault-items-firefox/test-failed-1.png is missing
Warning: attachment vault-security-Vault-Secur-12bfa-edit-and-delete-vault-items-firefox/video.webm is missing
Warning: attachment vault-security-Vault-Secur-12bfa-edit-and-delete-vault-items-firefox/error-context.md is missing]]>
</system-err>
</testcase>
<testcase name="Vault Security Tests › Happy Path - Vault Operations › should support multiple vault items with search" classname="vault-security.spec.ts" time="1.141">
<failure message="vault-security.spec.ts:66:9 should support multiple vault items with search" type="FAILURE">
<![CDATA[  [firefox] › vault-security.spec.ts:66:9 › Vault Security Tests › Happy Path - Vault Operations › should support multiple vault items with search 

    Error: page.goto: NS_ERROR_CONNECTION_REFUSED
    Call log:
      - navigating to "http://localhost:3000/", waiting until "load"


      4 |   // Helper function to register and login a user
      5 |   async function registerAndLogin(page: any, username: string, password: string) {
    > 6 |     await page.goto('/');
        |                ^
      7 |     await page.getByRole('button', { name: 'Create Account' }).click();
      8 |     await page.getByRole('textbox', { name: 'Username' }).fill(username);
      9 |     await page.getByRole('textbox', { name: 'Password', exact: true }).fill(password);
        at registerAndLogin (/Users/rshirts/repos/robpass/tests/vault-security.spec.ts:6:16)
        at /Users/rshirts/repos/robpass/tests/vault-security.spec.ts:71:13

    attachment #1: screenshot (image/png) ──────────────────────────────────────────────────────────
    ../test-results/vault-security-Vault-Secur-2f38a-ple-vault-items-with-search-firefox/test-failed-1.png
    ────────────────────────────────────────────────────────────────────────────────────────────────

    attachment #2: video (video/webm) ──────────────────────────────────────────────────────────────
    ../test-results/vault-security-Vault-Secur-2f38a-ple-vault-items-with-search-firefox/video.webm
    ────────────────────────────────────────────────────────────────────────────────────────────────

    Error Context: ../test-results/vault-security-Vault-Secur-2f38a-ple-vault-items-with-search-firefox/error-context.md
]]>
</failure>
<system-err>
<![CDATA[
Warning: attachment vault-security-Vault-Secur-2f38a-ple-vault-items-with-search-firefox/test-failed-1.png is missing
Warning: attachment vault-security-Vault-Secur-2f38a-ple-vault-items-with-search-firefox/video.webm is missing
Warning: attachment vault-security-Vault-Secur-2f38a-ple-vault-items-with-search-firefox/error-context.md is missing]]>
</system-err>
</testcase>
<testcase name="Vault Security Tests › Happy Path - Vault Operations › should generate secure passwords" classname="vault-security.spec.ts" time="1.134">
<failure message="vault-security.spec.ts:94:9 should generate secure passwords" type="FAILURE">
<![CDATA[  [firefox] › vault-security.spec.ts:94:9 › Vault Security Tests › Happy Path - Vault Operations › should generate secure passwords 

    Error: page.goto: NS_ERROR_CONNECTION_REFUSED
    Call log:
      - navigating to "http://localhost:3000/", waiting until "load"


      4 |   // Helper function to register and login a user
      5 |   async function registerAndLogin(page: any, username: string, password: string) {
    > 6 |     await page.goto('/');
        |                ^
      7 |     await page.getByRole('button', { name: 'Create Account' }).click();
      8 |     await page.getByRole('textbox', { name: 'Username' }).fill(username);
      9 |     await page.getByRole('textbox', { name: 'Password', exact: true }).fill(password);
        at registerAndLogin (/Users/rshirts/repos/robpass/tests/vault-security.spec.ts:6:16)
        at /Users/rshirts/repos/robpass/tests/vault-security.spec.ts:99:13

    attachment #1: screenshot (image/png) ──────────────────────────────────────────────────────────
    ../test-results/vault-security-Vault-Secur-b2ed3-d-generate-secure-passwords-firefox/test-failed-1.png
    ────────────────────────────────────────────────────────────────────────────────────────────────

    attachment #2: video (video/webm) ──────────────────────────────────────────────────────────────
    ../test-results/vault-security-Vault-Secur-b2ed3-d-generate-secure-passwords-firefox/video.webm
    ────────────────────────────────────────────────────────────────────────────────────────────────

    Error Context: ../test-results/vault-security-Vault-Secur-b2ed3-d-generate-secure-passwords-firefox/error-context.md
]]>
</failure>
<system-err>
<![CDATA[
Warning: attachment vault-security-Vault-Secur-b2ed3-d-generate-secure-passwords-firefox/test-failed-1.png is missing
Warning: attachment vault-security-Vault-Secur-b2ed3-d-generate-secure-passwords-firefox/video.webm is missing
Warning: attachment vault-security-Vault-Secur-b2ed3-d-generate-secure-passwords-firefox/error-context.md is missing]]>
</system-err>
</testcase>
<testcase name="Vault Security Tests › Unhappy Path - Vault Security › should not allow access to vault without authentication" classname="vault-security.spec.ts" time="1.155">
<failure message="vault-security.spec.ts:125:9 should not allow access to vault without authentication" type="FAILURE">
<![CDATA[  [firefox] › vault-security.spec.ts:125:9 › Vault Security Tests › Unhappy Path - Vault Security › should not allow access to vault without authentication 

    Error: apiRequestContext.get: connect ECONNREFUSED ::1:3000
    Call log:
      - → GET http://localhost:3000/api/vault/items
        - user-agent: Mozilla/5.0 (Windows NT 10.0; Win64; x64; rv:140.0.2) Gecko/20100101 Firefox/140.0.2
        - accept: */*
        - accept-encoding: gzip,deflate,br

        at apiRequestContext.get: connect ECONNREFUSED ::1:3000
        at /Users/rshirts/repos/robpass/tests/vault-security.spec.ts:127:43

    attachment #1: screenshot (image/png) ──────────────────────────────────────────────────────────
    ../test-results/vault-security-Vault-Secur-c7da9-ault-without-authentication-firefox/test-failed-1.png
    ────────────────────────────────────────────────────────────────────────────────────────────────

    attachment #2: video (video/webm) ──────────────────────────────────────────────────────────────
    ../test-results/vault-security-Vault-Secur-c7da9-ault-without-authentication-firefox/video.webm
    ────────────────────────────────────────────────────────────────────────────────────────────────
]]>
</failure>
<system-err>
<![CDATA[
Warning: attachment vault-security-Vault-Secur-c7da9-ault-without-authentication-firefox/test-failed-1.png is missing
Warning: attachment vault-security-Vault-Secur-c7da9-ault-without-authentication-firefox/video.webm is missing]]>
</system-err>
</testcase>
<testcase name="Vault Security Tests › Unhappy Path - Vault Security › should not allow creating vault items without authentication" classname="vault-security.spec.ts" time="1.1">
<failure message="vault-security.spec.ts:135:9 should not allow creating vault items without authentication" type="FAILURE">
<![CDATA[  [firefox] › vault-security.spec.ts:135:9 › Vault Security Tests › Unhappy Path - Vault Security › should not allow creating vault items without authentication 

    Error: apiRequestContext.post: connect ECONNREFUSED ::1:3000
    Call log:
      - → POST http://localhost:3000/api/vault/items
        - user-agent: Mozilla/5.0 (Windows NT 10.0; Win64; x64; rv:140.0.2) Gecko/20100101 Firefox/140.0.2
        - accept: */*
        - accept-encoding: gzip,deflate,br
        - content-type: application/json
        - content-length: 82

        at apiRequestContext.post: connect ECONNREFUSED ::1:3000
        at /Users/rshirts/repos/robpass/tests/vault-security.spec.ts:136:43

    attachment #1: screenshot (image/png) ──────────────────────────────────────────────────────────
    ../test-results/vault-security-Vault-Secur-c4b39-tems-without-authentication-firefox/test-failed-1.png
    ────────────────────────────────────────────────────────────────────────────────────────────────

    attachment #2: video (video/webm) ──────────────────────────────────────────────────────────────
    ../test-results/vault-security-Vault-Secur-c4b39-tems-without-authentication-firefox/video.webm
    ────────────────────────────────────────────────────────────────────────────────────────────────
]]>
</failure>
<system-err>
<![CDATA[
Warning: attachment vault-security-Vault-Secur-c4b39-tems-without-authentication-firefox/test-failed-1.png is missing
Warning: attachment vault-security-Vault-Secur-c4b39-tems-without-authentication-firefox/video.webm is missing]]>
</system-err>
</testcase>
<testcase name="Vault Security Tests › Unhappy Path - Vault Security › should validate vault item input data" classname="vault-security.spec.ts" time="1.108">
<failure message="vault-security.spec.ts:150:9 should validate vault item input data" type="FAILURE">
<![CDATA[  [firefox] › vault-security.spec.ts:150:9 › Vault Security Tests › Unhappy Path - Vault Security › should validate vault item input data 

    Error: page.goto: NS_ERROR_CONNECTION_REFUSED
    Call log:
      - navigating to "http://localhost:3000/", waiting until "load"


      4 |   // Helper function to register and login a user
      5 |   async function registerAndLogin(page: any, username: string, password: string) {
    > 6 |     await page.goto('/');
        |                ^
      7 |     await page.getByRole('button', { name: 'Create Account' }).click();
      8 |     await page.getByRole('textbox', { name: 'Username' }).fill(username);
      9 |     await page.getByRole('textbox', { name: 'Password', exact: true }).fill(password);
        at registerAndLogin (/Users/rshirts/repos/robpass/tests/vault-security.spec.ts:6:16)
        at /Users/rshirts/repos/robpass/tests/vault-security.spec.ts:155:13

    attachment #1: screenshot (image/png) ──────────────────────────────────────────────────────────
    ../test-results/vault-security-Vault-Secur-aba6a-idate-vault-item-input-data-firefox/test-failed-1.png
    ────────────────────────────────────────────────────────────────────────────────────────────────

    attachment #2: video (video/webm) ──────────────────────────────────────────────────────────────
    ../test-results/vault-security-Vault-Secur-aba6a-idate-vault-item-input-data-firefox/video.webm
    ────────────────────────────────────────────────────────────────────────────────────────────────

    Error Context: ../test-results/vault-security-Vault-Secur-aba6a-idate-vault-item-input-data-firefox/error-context.md
]]>
</failure>
<system-err>
<![CDATA[
Warning: attachment vault-security-Vault-Secur-aba6a-idate-vault-item-input-data-firefox/test-failed-1.png is missing
Warning: attachment vault-security-Vault-Secur-aba6a-idate-vault-item-input-data-firefox/video.webm is missing
Warning: attachment vault-security-Vault-Secur-aba6a-idate-vault-item-input-data-firefox/error-context.md is missing]]>
</system-err>
</testcase>
<testcase name="Vault Security Tests › Unhappy Path - Vault Security › should not decrypt vault items with wrong master key" classname="vault-security.spec.ts" time="1.139">
<failure message="vault-security.spec.ts:169:9 should not decrypt vault items with wrong master key" type="FAILURE">
<![CDATA[  [firefox] › vault-security.spec.ts:169:9 › Vault Security Tests › Unhappy Path - Vault Security › should not decrypt vault items with wrong master key 

    Error: page.goto: NS_ERROR_CONNECTION_REFUSED
    Call log:
      - navigating to "http://localhost:3000/", waiting until "load"


      4 |   // Helper function to register and login a user
      5 |   async function registerAndLogin(page: any, username: string, password: string) {
    > 6 |     await page.goto('/');
        |                ^
      7 |     await page.getByRole('button', { name: 'Create Account' }).click();
      8 |     await page.getByRole('textbox', { name: 'Username' }).fill(username);
      9 |     await page.getByRole('textbox', { name: 'Password', exact: true }).fill(password);
        at registerAndLogin (/Users/rshirts/repos/robpass/tests/vault-security.spec.ts:6:16)
        at /Users/rshirts/repos/robpass/tests/vault-security.spec.ts:177:13

    attachment #1: screenshot (image/png) ──────────────────────────────────────────────────────────
    ../test-results/vault-security-Vault-Secur-7dd8e-items-with-wrong-master-key-firefox/test-failed-1.png
    ────────────────────────────────────────────────────────────────────────────────────────────────

    attachment #2: video (video/webm) ──────────────────────────────────────────────────────────────
    ../test-results/vault-security-Vault-Secur-7dd8e-items-with-wrong-master-key-firefox/video.webm
    ────────────────────────────────────────────────────────────────────────────────────────────────

    Error Context: ../test-results/vault-security-Vault-Secur-7dd8e-items-with-wrong-master-key-firefox/error-context.md
]]>
</failure>
<system-err>
<![CDATA[
Warning: attachment vault-security-Vault-Secur-7dd8e-items-with-wrong-master-key-firefox/test-failed-1.png is missing
Warning: attachment vault-security-Vault-Secur-7dd8e-items-with-wrong-master-key-firefox/video.webm is missing
Warning: attachment vault-security-Vault-Secur-7dd8e-items-with-wrong-master-key-firefox/error-context.md is missing]]>
</system-err>
</testcase>
<testcase name="Vault Security Tests › Unhappy Path - Vault Security › should handle session expiration gracefully" classname="vault-security.spec.ts" time="1.12">
<failure message="vault-security.spec.ts:195:9 should handle session expiration gracefully" type="FAILURE">
<![CDATA[  [firefox] › vault-security.spec.ts:195:9 › Vault Security Tests › Unhappy Path - Vault Security › should handle session expiration gracefully 

    Error: page.goto: NS_ERROR_CONNECTION_REFUSED
    Call log:
      - navigating to "http://localhost:3000/", waiting until "load"


      4 |   // Helper function to register and login a user
      5 |   async function registerAndLogin(page: any, username: string, password: string) {
    > 6 |     await page.goto('/');
        |                ^
      7 |     await page.getByRole('button', { name: 'Create Account' }).click();
      8 |     await page.getByRole('textbox', { name: 'Username' }).fill(username);
      9 |     await page.getByRole('textbox', { name: 'Password', exact: true }).fill(password);
        at registerAndLogin (/Users/rshirts/repos/robpass/tests/vault-security.spec.ts:6:16)
        at /Users/rshirts/repos/robpass/tests/vault-security.spec.ts:200:13

    attachment #1: screenshot (image/png) ──────────────────────────────────────────────────────────
    ../test-results/vault-security-Vault-Secur-927aa-ssion-expiration-gracefully-firefox/test-failed-1.png
    ────────────────────────────────────────────────────────────────────────────────────────────────

    attachment #2: video (video/webm) ──────────────────────────────────────────────────────────────
    ../test-results/vault-security-Vault-Secur-927aa-ssion-expiration-gracefully-firefox/video.webm
    ────────────────────────────────────────────────────────────────────────────────────────────────

    Error Context: ../test-results/vault-security-Vault-Secur-927aa-ssion-expiration-gracefully-firefox/error-context.md
]]>
</failure>
<system-err>
<![CDATA[
Warning: attachment vault-security-Vault-Secur-927aa-ssion-expiration-gracefully-firefox/test-failed-1.png is missing
Warning: attachment vault-security-Vault-Secur-927aa-ssion-expiration-gracefully-firefox/video.webm is missing
Warning: attachment vault-security-Vault-Secur-927aa-ssion-expiration-gracefully-firefox/error-context.md is missing]]>
</system-err>
</testcase>
<testcase name="Vault Security Tests › Unhappy Path - Vault Security › should prevent unauthorized vault item access via API" classname="vault-security.spec.ts" time="1.157">
<failure message="vault-security.spec.ts:217:9 should prevent unauthorized vault item access via API" type="FAILURE">
<![CDATA[  [firefox] › vault-security.spec.ts:217:9 › Vault Security Tests › Unhappy Path - Vault Security › should prevent unauthorized vault item access via API 

    Error: page.goto: NS_ERROR_CONNECTION_REFUSED
    Call log:
      - navigating to "http://localhost:3000/", waiting until "load"


      4 |   // Helper function to register and login a user
      5 |   async function registerAndLogin(page: any, username: string, password: string) {
    > 6 |     await page.goto('/');
        |                ^
      7 |     await page.getByRole('button', { name: 'Create Account' }).click();
      8 |     await page.getByRole('textbox', { name: 'Username' }).fill(username);
      9 |     await page.getByRole('textbox', { name: 'Password', exact: true }).fill(password);
        at registerAndLogin (/Users/rshirts/repos/robpass/tests/vault-security.spec.ts:6:16)
        at /Users/rshirts/repos/robpass/tests/vault-security.spec.ts:224:13

    attachment #1: screenshot (image/png) ──────────────────────────────────────────────────────────
    ../test-results/vault-security-Vault-Secur-458ef-d-vault-item-access-via-API-firefox/test-failed-1.png
    ────────────────────────────────────────────────────────────────────────────────────────────────

    attachment #2: video (video/webm) ──────────────────────────────────────────────────────────────
    ../test-results/vault-security-Vault-Secur-458ef-d-vault-item-access-via-API-firefox/video.webm
    ────────────────────────────────────────────────────────────────────────────────────────────────

    Error Context: ../test-results/vault-security-Vault-Secur-458ef-d-vault-item-access-via-API-firefox/error-context.md
]]>
</failure>
<system-err>
<![CDATA[
Warning: attachment vault-security-Vault-Secur-458ef-d-vault-item-access-via-API-firefox/test-failed-1.png is missing
Warning: attachment vault-security-Vault-Secur-458ef-d-vault-item-access-via-API-firefox/video.webm is missing
Warning: attachment vault-security-Vault-Secur-458ef-d-vault-item-access-via-API-firefox/error-context.md is missing]]>
</system-err>
</testcase>
<testcase name="Vault Security Tests › Unhappy Path - Vault Security › should validate password strength requirements" classname="vault-security.spec.ts" time="1.247">
<failure message="vault-security.spec.ts:251:9 should validate password strength requirements" type="FAILURE">
<![CDATA[  [firefox] › vault-security.spec.ts:251:9 › Vault Security Tests › Unhappy Path - Vault Security › should validate password strength requirements 

    Error: page.goto: NS_ERROR_CONNECTION_REFUSED
    Call log:
      - navigating to "http://localhost:3000/", waiting until "load"


      4 |   // Helper function to register and login a user
      5 |   async function registerAndLogin(page: any, username: string, password: string) {
    > 6 |     await page.goto('/');
        |                ^
      7 |     await page.getByRole('button', { name: 'Create Account' }).click();
      8 |     await page.getByRole('textbox', { name: 'Username' }).fill(username);
      9 |     await page.getByRole('textbox', { name: 'Password', exact: true }).fill(password);
        at registerAndLogin (/Users/rshirts/repos/robpass/tests/vault-security.spec.ts:6:16)
        at /Users/rshirts/repos/robpass/tests/vault-security.spec.ts:256:13

    attachment #1: screenshot (image/png) ──────────────────────────────────────────────────────────
    ../test-results/vault-security-Vault-Secur-80170-sword-strength-requirements-firefox/test-failed-1.png
    ────────────────────────────────────────────────────────────────────────────────────────────────

    attachment #2: video (video/webm) ──────────────────────────────────────────────────────────────
    ../test-results/vault-security-Vault-Secur-80170-sword-strength-requirements-firefox/video.webm
    ────────────────────────────────────────────────────────────────────────────────────────────────

    Error Context: ../test-results/vault-security-Vault-Secur-80170-sword-strength-requirements-firefox/error-context.md
]]>
</failure>
<system-err>
<![CDATA[
Warning: attachment vault-security-Vault-Secur-80170-sword-strength-requirements-firefox/test-failed-1.png is missing
Warning: attachment vault-security-Vault-Secur-80170-sword-strength-requirements-firefox/video.webm is missing
Warning: attachment vault-security-Vault-Secur-80170-sword-strength-requirements-firefox/error-context.md is missing]]>
</system-err>
</testcase>
</testsuite>
<testsuite name="auth-security.spec.ts" timestamp="2025-07-30T06:44:37.434Z" hostname="webkit" tests="9" failures="9" skipped="0" time="3.742" errors="0">
<testcase name="Authentication Security Tests › Happy Path - Valid Authentication › should successfully register and login with valid credentials" classname="auth-security.spec.ts" time="0.67">
<failure message="auth-security.spec.ts:10:9 should successfully register and login with valid credentials" type="FAILURE">
<![CDATA[  [webkit] › auth-security.spec.ts:10:9 › Authentication Security Tests › Happy Path - Valid Authentication › should successfully register and login with valid credentials 

    Error: page.goto: Could not connect to the server.
    Call log:
      - navigating to "http://localhost:3000/", waiting until "load"


      4 | test.describe('Authentication Security Tests', () => {
      5 |   test.beforeEach(async ({ page }) => {
    > 6 |     await page.goto('/');
        |                ^
      7 |   });
      8 |
      9 |   test.describe('Happy Path - Valid Authentication', () => {
        at /Users/rshirts/repos/robpass/tests/auth-security.spec.ts:6:16

    attachment #1: screenshot (image/png) ──────────────────────────────────────────────────────────
    ../test-results/auth-security-Authenticati-8cfd9-ogin-with-valid-credentials-webkit/test-failed-1.png
    ────────────────────────────────────────────────────────────────────────────────────────────────

    attachment #2: video (video/webm) ──────────────────────────────────────────────────────────────
    ../test-results/auth-security-Authenticati-8cfd9-ogin-with-valid-credentials-webkit/video.webm
    ────────────────────────────────────────────────────────────────────────────────────────────────
]]>
</failure>
<system-err>
<![CDATA[
Warning: attachment auth-security-Authenticati-8cfd9-ogin-with-valid-credentials-webkit/test-failed-1.png is missing
Warning: attachment auth-security-Authenticati-8cfd9-ogin-with-valid-credentials-webkit/video.webm is missing]]>
</system-err>
</testcase>
<testcase name="Authentication Security Tests › Happy Path - Valid Authentication › should successfully create and decrypt vault items" classname="auth-security.spec.ts" time="0.335">
<failure message="auth-security.spec.ts:39:9 should successfully create and decrypt vault items" type="FAILURE">
<![CDATA[  [webkit] › auth-security.spec.ts:39:9 › Authentication Security Tests › Happy Path - Valid Authentication › should successfully create and decrypt vault items 

    Error: page.goto: Could not connect to the server.
    Call log:
      - navigating to "http://localhost:3000/", waiting until "load"


      4 | test.describe('Authentication Security Tests', () => {
      5 |   test.beforeEach(async ({ page }) => {
    > 6 |     await page.goto('/');
        |                ^
      7 |   });
      8 |
      9 |   test.describe('Happy Path - Valid Authentication', () => {
        at /Users/rshirts/repos/robpass/tests/auth-security.spec.ts:6:16

    attachment #1: screenshot (image/png) ──────────────────────────────────────────────────────────
    ../test-results/auth-security-Authenticati-3b45b-ate-and-decrypt-vault-items-webkit/test-failed-1.png
    ────────────────────────────────────────────────────────────────────────────────────────────────

    attachment #2: video (video/webm) ──────────────────────────────────────────────────────────────
    ../test-results/auth-security-Authenticati-3b45b-ate-and-decrypt-vault-items-webkit/video.webm
    ────────────────────────────────────────────────────────────────────────────────────────────────
]]>
</failure>
<system-err>
<![CDATA[
Warning: attachment auth-security-Authenticati-3b45b-ate-and-decrypt-vault-items-webkit/test-failed-1.png is missing
Warning: attachment auth-security-Authenticati-3b45b-ate-and-decrypt-vault-items-webkit/video.webm is missing]]>
</system-err>
</testcase>
<testcase name="Authentication Security Tests › Unhappy Path - Invalid Authentication › should reject registration with weak password" classname="auth-security.spec.ts" time="0.356">
<failure message="auth-security.spec.ts:78:9 should reject registration with weak password" type="FAILURE">
<![CDATA[  [webkit] › auth-security.spec.ts:78:9 › Authentication Security Tests › Unhappy Path - Invalid Authentication › should reject registration with weak password 

    Error: page.goto: Could not connect to the server.
    Call log:
      - navigating to "http://localhost:3000/", waiting until "load"


      4 | test.describe('Authentication Security Tests', () => {
      5 |   test.beforeEach(async ({ page }) => {
    > 6 |     await page.goto('/');
        |                ^
      7 |   });
      8 |
      9 |   test.describe('Happy Path - Valid Authentication', () => {
        at /Users/rshirts/repos/robpass/tests/auth-security.spec.ts:6:16

    attachment #1: screenshot (image/png) ──────────────────────────────────────────────────────────
    ../test-results/auth-security-Authenticati-be9c4-stration-with-weak-password-webkit/test-failed-1.png
    ────────────────────────────────────────────────────────────────────────────────────────────────

    attachment #2: video (video/webm) ──────────────────────────────────────────────────────────────
    ../test-results/auth-security-Authenticati-be9c4-stration-with-weak-password-webkit/video.webm
    ────────────────────────────────────────────────────────────────────────────────────────────────
]]>
</failure>
<system-err>
<![CDATA[
Warning: attachment auth-security-Authenticati-be9c4-stration-with-weak-password-webkit/test-failed-1.png is missing
Warning: attachment auth-security-Authenticati-be9c4-stration-with-weak-password-webkit/video.webm is missing]]>
</system-err>
</testcase>
<testcase name="Authentication Security Tests › Unhappy Path - Invalid Authentication › should reject registration with mismatched passwords" classname="auth-security.spec.ts" time="0.355">
<failure message="auth-security.spec.ts:88:9 should reject registration with mismatched passwords" type="FAILURE">
<![CDATA[  [webkit] › auth-security.spec.ts:88:9 › Authentication Security Tests › Unhappy Path - Invalid Authentication › should reject registration with mismatched passwords 

    Error: page.goto: Could not connect to the server.
    Call log:
      - navigating to "http://localhost:3000/", waiting until "load"


      4 | test.describe('Authentication Security Tests', () => {
      5 |   test.beforeEach(async ({ page }) => {
    > 6 |     await page.goto('/');
        |                ^
      7 |   });
      8 |
      9 |   test.describe('Happy Path - Valid Authentication', () => {
        at /Users/rshirts/repos/robpass/tests/auth-security.spec.ts:6:16

    attachment #1: screenshot (image/png) ──────────────────────────────────────────────────────────
    ../test-results/auth-security-Authenticati-2552a-n-with-mismatched-passwords-webkit/test-failed-1.png
    ────────────────────────────────────────────────────────────────────────────────────────────────

    attachment #2: video (video/webm) ──────────────────────────────────────────────────────────────
    ../test-results/auth-security-Authenticati-2552a-n-with-mismatched-passwords-webkit/video.webm
    ────────────────────────────────────────────────────────────────────────────────────────────────
]]>
</failure>
<system-err>
<![CDATA[
Warning: attachment auth-security-Authenticati-2552a-n-with-mismatched-passwords-webkit/test-failed-1.png is missing
Warning: attachment auth-security-Authenticati-2552a-n-with-mismatched-passwords-webkit/video.webm is missing]]>
</system-err>
</testcase>
<testcase name="Authentication Security Tests › Unhappy Path - Invalid Authentication › should reject login with wrong password" classname="auth-security.spec.ts" time="0.375">
<failure message="auth-security.spec.ts:98:9 should reject login with wrong password" type="FAILURE">
<![CDATA[  [webkit] › auth-security.spec.ts:98:9 › Authentication Security Tests › Unhappy Path - Invalid Authentication › should reject login with wrong password 

    Error: page.goto: Could not connect to the server.
    Call log:
      - navigating to "http://localhost:3000/", waiting until "load"


      4 | test.describe('Authentication Security Tests', () => {
      5 |   test.beforeEach(async ({ page }) => {
    > 6 |     await page.goto('/');
        |                ^
      7 |   });
      8 |
      9 |   test.describe('Happy Path - Valid Authentication', () => {
        at /Users/rshirts/repos/robpass/tests/auth-security.spec.ts:6:16

    attachment #1: screenshot (image/png) ──────────────────────────────────────────────────────────
    ../test-results/auth-security-Authenticati-0e9e4-t-login-with-wrong-password-webkit/test-failed-1.png
    ────────────────────────────────────────────────────────────────────────────────────────────────

    attachment #2: video (video/webm) ──────────────────────────────────────────────────────────────
    ../test-results/auth-security-Authenticati-0e9e4-t-login-with-wrong-password-webkit/video.webm
    ────────────────────────────────────────────────────────────────────────────────────────────────
]]>
</failure>
<system-err>
<![CDATA[
Warning: attachment auth-security-Authenticati-0e9e4-t-login-with-wrong-password-webkit/test-failed-1.png is missing
Warning: attachment auth-security-Authenticati-0e9e4-t-login-with-wrong-password-webkit/video.webm is missing]]>
</system-err>
</testcase>
<testcase name="Authentication Security Tests › Unhappy Path - Invalid Authentication › should reject login with non-existent user" classname="auth-security.spec.ts" time="0.373">
<failure message="auth-security.spec.ts:127:9 should reject login with non-existent user" type="FAILURE">
<![CDATA[  [webkit] › auth-security.spec.ts:127:9 › Authentication Security Tests › Unhappy Path - Invalid Authentication › should reject login with non-existent user 

    Error: page.goto: Could not connect to the server.
    Call log:
      - navigating to "http://localhost:3000/", waiting until "load"


      4 | test.describe('Authentication Security Tests', () => {
      5 |   test.beforeEach(async ({ page }) => {
    > 6 |     await page.goto('/');
        |                ^
      7 |   });
      8 |
      9 |   test.describe('Happy Path - Valid Authentication', () => {
        at /Users/rshirts/repos/robpass/tests/auth-security.spec.ts:6:16

    attachment #1: screenshot (image/png) ──────────────────────────────────────────────────────────
    ../test-results/auth-security-Authenticati-d7c21-ogin-with-non-existent-user-webkit/test-failed-1.png
    ────────────────────────────────────────────────────────────────────────────────────────────────

    attachment #2: video (video/webm) ──────────────────────────────────────────────────────────────
    ../test-results/auth-security-Authenticati-d7c21-ogin-with-non-existent-user-webkit/video.webm
    ────────────────────────────────────────────────────────────────────────────────────────────────
]]>
</failure>
<system-err>
<![CDATA[
Warning: attachment auth-security-Authenticati-d7c21-ogin-with-non-existent-user-webkit/test-failed-1.png is missing
Warning: attachment auth-security-Authenticati-d7c21-ogin-with-non-existent-user-webkit/video.webm is missing]]>
</system-err>
</testcase>
<testcase name="Authentication Security Tests › Unhappy Path - Invalid Authentication › should reject duplicate username registration" classname="auth-security.spec.ts" time="0.391">
<failure message="auth-security.spec.ts:135:9 should reject duplicate username registration" type="FAILURE">
<![CDATA[  [webkit] › auth-security.spec.ts:135:9 › Authentication Security Tests › Unhappy Path - Invalid Authentication › should reject duplicate username registration 

    Error: page.goto: Could not connect to the server.
    Call log:
      - navigating to "http://localhost:3000/", waiting until "load"


      4 | test.describe('Authentication Security Tests', () => {
      5 |   test.beforeEach(async ({ page }) => {
    > 6 |     await page.goto('/');
        |                ^
      7 |   });
      8 |
      9 |   test.describe('Happy Path - Valid Authentication', () => {
        at /Users/rshirts/repos/robpass/tests/auth-security.spec.ts:6:16

    attachment #1: screenshot (image/png) ──────────────────────────────────────────────────────────
    ../test-results/auth-security-Authenticati-8ea92-icate-username-registration-webkit/test-failed-1.png
    ────────────────────────────────────────────────────────────────────────────────────────────────

    attachment #2: video (video/webm) ──────────────────────────────────────────────────────────────
    ../test-results/auth-security-Authenticati-8ea92-icate-username-registration-webkit/video.webm
    ────────────────────────────────────────────────────────────────────────────────────────────────
]]>
</failure>
<system-err>
<![CDATA[
Warning: attachment auth-security-Authenticati-8ea92-icate-username-registration-webkit/test-failed-1.png is missing
Warning: attachment auth-security-Authenticati-8ea92-icate-username-registration-webkit/video.webm is missing]]>
</system-err>
</testcase>
<testcase name="Authentication Security Tests › Session Security › should maintain session after page refresh" classname="auth-security.spec.ts" time="0.413">
<failure message="auth-security.spec.ts:165:9 should maintain session after page refresh" type="FAILURE">
<![CDATA[  [webkit] › auth-security.spec.ts:165:9 › Authentication Security Tests › Session Security › should maintain session after page refresh 

    Error: page.goto: Could not connect to the server.
    Call log:
      - navigating to "http://localhost:3000/", waiting until "load"


      4 | test.describe('Authentication Security Tests', () => {
      5 |   test.beforeEach(async ({ page }) => {
    > 6 |     await page.goto('/');
        |                ^
      7 |   });
      8 |
      9 |   test.describe('Happy Path - Valid Authentication', () => {
        at /Users/rshirts/repos/robpass/tests/auth-security.spec.ts:6:16

    attachment #1: screenshot (image/png) ──────────────────────────────────────────────────────────
    ../test-results/auth-security-Authenticati-61eb0--session-after-page-refresh-webkit/test-failed-1.png
    ────────────────────────────────────────────────────────────────────────────────────────────────

    attachment #2: video (video/webm) ──────────────────────────────────────────────────────────────
    ../test-results/auth-security-Authenticati-61eb0--session-after-page-refresh-webkit/video.webm
    ────────────────────────────────────────────────────────────────────────────────────────────────
]]>
</failure>
<system-err>
<![CDATA[
Warning: attachment auth-security-Authenticati-61eb0--session-after-page-refresh-webkit/test-failed-1.png is missing
Warning: attachment auth-security-Authenticati-61eb0--session-after-page-refresh-webkit/video.webm is missing]]>
</system-err>
</testcase>
<testcase name="Authentication Security Tests › Session Security › should clear session on logout" classname="auth-security.spec.ts" time="0.474">
<failure message="auth-security.spec.ts:187:9 should clear session on logout" type="FAILURE">
<![CDATA[  [webkit] › auth-security.spec.ts:187:9 › Authentication Security Tests › Session Security › should clear session on logout 

    Error: page.goto: Could not connect to the server.
    Call log:
      - navigating to "http://localhost:3000/", waiting until "load"


      4 | test.describe('Authentication Security Tests', () => {
      5 |   test.beforeEach(async ({ page }) => {
    > 6 |     await page.goto('/');
        |                ^
      7 |   });
      8 |
      9 |   test.describe('Happy Path - Valid Authentication', () => {
        at /Users/rshirts/repos/robpass/tests/auth-security.spec.ts:6:16

    attachment #1: screenshot (image/png) ──────────────────────────────────────────────────────────
    ../test-results/auth-security-Authenticati-22cfe-uld-clear-session-on-logout-webkit/test-failed-1.png
    ────────────────────────────────────────────────────────────────────────────────────────────────

    attachment #2: video (video/webm) ──────────────────────────────────────────────────────────────
    ../test-results/auth-security-Authenticati-22cfe-uld-clear-session-on-logout-webkit/video.webm
    ────────────────────────────────────────────────────────────────────────────────────────────────
]]>
</failure>
<system-err>
<![CDATA[
Warning: attachment auth-security-Authenticati-22cfe-uld-clear-session-on-logout-webkit/test-failed-1.png is missing
Warning: attachment auth-security-Authenticati-22cfe-uld-clear-session-on-logout-webkit/video.webm is missing]]>
</system-err>
</testcase>
</testsuite>
<testsuite name="auth.spec.ts" timestamp="2025-07-30T06:44:37.434Z" hostname="webkit" tests="9" failures="9" skipped="0" time="3.672" errors="0">
<testcase name="Authentication Flow › should display the main page with authentication forms" classname="auth.spec.ts" time="0.399">
<failure message="auth.spec.ts:8:7 should display the main page with authentication forms" type="FAILURE">
<![CDATA[  [webkit] › auth.spec.ts:8:7 › Authentication Flow › should display the main page with authentication forms 

    Error: page.goto: Could not connect to the server.
    Call log:
      - navigating to "http://localhost:3000/", waiting until "load"


      3 | test.describe('Authentication Flow', () => {
      4 |   test.beforeEach(async ({ page }) => {
    > 5 |     await page.goto('/');
        |                ^
      6 |   });
      7 |
      8 |   test('should display the main page with authentication forms', async ({ page }) => {
        at /Users/rshirts/repos/robpass/tests/auth.spec.ts:5:16

    attachment #1: screenshot (image/png) ──────────────────────────────────────────────────────────
    ../test-results/auth-Authentication-Flow-s-e0a9d-e-with-authentication-forms-webkit/test-failed-1.png
    ────────────────────────────────────────────────────────────────────────────────────────────────

    attachment #2: video (video/webm) ──────────────────────────────────────────────────────────────
    ../test-results/auth-Authentication-Flow-s-e0a9d-e-with-authentication-forms-webkit/video.webm
    ────────────────────────────────────────────────────────────────────────────────────────────────
]]>
</failure>
<system-err>
<![CDATA[
Warning: attachment auth-Authentication-Flow-s-e0a9d-e-with-authentication-forms-webkit/test-failed-1.png is missing
Warning: attachment auth-Authentication-Flow-s-e0a9d-e-with-authentication-forms-webkit/video.webm is missing]]>
</system-err>
</testcase>
<testcase name="Authentication Flow › should switch between login and registration forms" classname="auth.spec.ts" time="0.397">
<failure message="auth.spec.ts:23:7 should switch between login and registration forms" type="FAILURE">
<![CDATA[  [webkit] › auth.spec.ts:23:7 › Authentication Flow › should switch between login and registration forms 

    Error: page.goto: Could not connect to the server.
    Call log:
      - navigating to "http://localhost:3000/", waiting until "load"


      3 | test.describe('Authentication Flow', () => {
      4 |   test.beforeEach(async ({ page }) => {
    > 5 |     await page.goto('/');
        |                ^
      6 |   });
      7 |
      8 |   test('should display the main page with authentication forms', async ({ page }) => {
        at /Users/rshirts/repos/robpass/tests/auth.spec.ts:5:16

    attachment #1: screenshot (image/png) ──────────────────────────────────────────────────────────
    ../test-results/auth-Authentication-Flow-s-968df-ogin-and-registration-forms-webkit/test-failed-1.png
    ────────────────────────────────────────────────────────────────────────────────────────────────

    attachment #2: video (video/webm) ──────────────────────────────────────────────────────────────
    ../test-results/auth-Authentication-Flow-s-968df-ogin-and-registration-forms-webkit/video.webm
    ────────────────────────────────────────────────────────────────────────────────────────────────
]]>
</failure>
<system-err>
<![CDATA[
Warning: attachment auth-Authentication-Flow-s-968df-ogin-and-registration-forms-webkit/test-failed-1.png is missing
Warning: attachment auth-Authentication-Flow-s-968df-ogin-and-registration-forms-webkit/video.webm is missing]]>
</system-err>
</testcase>
<testcase name="Authentication Flow › should successfully register a new user" classname="auth.spec.ts" time="0.427">
<failure message="auth.spec.ts:42:7 should successfully register a new user" type="FAILURE">
<![CDATA[  [webkit] › auth.spec.ts:42:7 › Authentication Flow › should successfully register a new user ─────

    Error: page.goto: Could not connect to the server.
    Call log:
      - navigating to "http://localhost:3000/", waiting until "load"


      3 | test.describe('Authentication Flow', () => {
      4 |   test.beforeEach(async ({ page }) => {
    > 5 |     await page.goto('/');
        |                ^
      6 |   });
      7 |
      8 |   test('should display the main page with authentication forms', async ({ page }) => {
        at /Users/rshirts/repos/robpass/tests/auth.spec.ts:5:16

    attachment #1: screenshot (image/png) ──────────────────────────────────────────────────────────
    ../test-results/auth-Authentication-Flow-s-5cca8-ssfully-register-a-new-user-webkit/test-failed-1.png
    ────────────────────────────────────────────────────────────────────────────────────────────────

    attachment #2: video (video/webm) ──────────────────────────────────────────────────────────────
    ../test-results/auth-Authentication-Flow-s-5cca8-ssfully-register-a-new-user-webkit/video.webm
    ────────────────────────────────────────────────────────────────────────────────────────────────
]]>
</failure>
<system-err>
<![CDATA[
Warning: attachment auth-Authentication-Flow-s-5cca8-ssfully-register-a-new-user-webkit/test-failed-1.png is missing
Warning: attachment auth-Authentication-Flow-s-5cca8-ssfully-register-a-new-user-webkit/video.webm is missing]]>
</system-err>
</testcase>
<testcase name="Authentication Flow › should validate registration form inputs" classname="auth.spec.ts" time="0.383">
<failure message="auth.spec.ts:73:7 should validate registration form inputs" type="FAILURE">
<![CDATA[  [webkit] › auth.spec.ts:73:7 › Authentication Flow › should validate registration form inputs ────

    Error: page.goto: Could not connect to the server.
    Call log:
      - navigating to "http://localhost:3000/", waiting until "load"


      3 | test.describe('Authentication Flow', () => {
      4 |   test.beforeEach(async ({ page }) => {
    > 5 |     await page.goto('/');
        |                ^
      6 |   });
      7 |
      8 |   test('should display the main page with authentication forms', async ({ page }) => {
        at /Users/rshirts/repos/robpass/tests/auth.spec.ts:5:16

    attachment #1: screenshot (image/png) ──────────────────────────────────────────────────────────
    ../test-results/auth-Authentication-Flow-s-7e523-te-registration-form-inputs-webkit/test-failed-1.png
    ────────────────────────────────────────────────────────────────────────────────────────────────

    attachment #2: video (video/webm) ──────────────────────────────────────────────────────────────
    ../test-results/auth-Authentication-Flow-s-7e523-te-registration-form-inputs-webkit/video.webm
    ────────────────────────────────────────────────────────────────────────────────────────────────
]]>
</failure>
<system-err>
<![CDATA[
Warning: attachment auth-Authentication-Flow-s-7e523-te-registration-form-inputs-webkit/test-failed-1.png is missing
Warning: attachment auth-Authentication-Flow-s-7e523-te-registration-form-inputs-webkit/video.webm is missing]]>
</system-err>
</testcase>
<testcase name="Authentication Flow › should successfully login with existing user" classname="auth.spec.ts" time="0.428">
<failure message="auth.spec.ts:103:7 should successfully login with existing user" type="FAILURE">
<![CDATA[  [webkit] › auth.spec.ts:103:7 › Authentication Flow › should successfully login with existing user 

    Error: page.goto: Could not connect to the server.
    Call log:
      - navigating to "http://localhost:3000/", waiting until "load"


      3 | test.describe('Authentication Flow', () => {
      4 |   test.beforeEach(async ({ page }) => {
    > 5 |     await page.goto('/');
        |                ^
      6 |   });
      7 |
      8 |   test('should display the main page with authentication forms', async ({ page }) => {
        at /Users/rshirts/repos/robpass/tests/auth.spec.ts:5:16

    attachment #1: screenshot (image/png) ──────────────────────────────────────────────────────────
    ../test-results/auth-Authentication-Flow-s-4280b-ly-login-with-existing-user-webkit/test-failed-1.png
    ────────────────────────────────────────────────────────────────────────────────────────────────

    attachment #2: video (video/webm) ──────────────────────────────────────────────────────────────
    ../test-results/auth-Authentication-Flow-s-4280b-ly-login-with-existing-user-webkit/video.webm
    ────────────────────────────────────────────────────────────────────────────────────────────────
]]>
</failure>
<system-err>
<![CDATA[
Warning: attachment auth-Authentication-Flow-s-4280b-ly-login-with-existing-user-webkit/test-failed-1.png is missing
Warning: attachment auth-Authentication-Flow-s-4280b-ly-login-with-existing-user-webkit/video.webm is missing]]>
</system-err>
</testcase>
<testcase name="Authentication Flow › should handle login with invalid credentials" classname="auth.spec.ts" time="0.392">
<failure message="auth.spec.ts:138:7 should handle login with invalid credentials" type="FAILURE">
<![CDATA[  [webkit] › auth.spec.ts:138:7 › Authentication Flow › should handle login with invalid credentials 

    Error: page.goto: Could not connect to the server.
    Call log:
      - navigating to "http://localhost:3000/", waiting until "load"


      3 | test.describe('Authentication Flow', () => {
      4 |   test.beforeEach(async ({ page }) => {
    > 5 |     await page.goto('/');
        |                ^
      6 |   });
      7 |
      8 |   test('should display the main page with authentication forms', async ({ page }) => {
        at /Users/rshirts/repos/robpass/tests/auth.spec.ts:5:16

    attachment #1: screenshot (image/png) ──────────────────────────────────────────────────────────
    ../test-results/auth-Authentication-Flow-s-ab232-in-with-invalid-credentials-webkit/test-failed-1.png
    ────────────────────────────────────────────────────────────────────────────────────────────────

    attachment #2: video (video/webm) ──────────────────────────────────────────────────────────────
    ../test-results/auth-Authentication-Flow-s-ab232-in-with-invalid-credentials-webkit/video.webm
    ────────────────────────────────────────────────────────────────────────────────────────────────
]]>
</failure>
<system-err>
<![CDATA[
Warning: attachment auth-Authentication-Flow-s-ab232-in-with-invalid-credentials-webkit/test-failed-1.png is missing
Warning: attachment auth-Authentication-Flow-s-ab232-in-with-invalid-credentials-webkit/video.webm is missing]]>
</system-err>
</testcase>
<testcase name="Authentication Flow › should successfully logout and clear session" classname="auth.spec.ts" time="0.389">
<failure message="auth.spec.ts:148:7 should successfully logout and clear session" type="FAILURE">
<![CDATA[  [webkit] › auth.spec.ts:148:7 › Authentication Flow › should successfully logout and clear session 

    Error: page.goto: Could not connect to the server.
    Call log:
      - navigating to "http://localhost:3000/", waiting until "load"


      3 | test.describe('Authentication Flow', () => {
      4 |   test.beforeEach(async ({ page }) => {
    > 5 |     await page.goto('/');
        |                ^
      6 |   });
      7 |
      8 |   test('should display the main page with authentication forms', async ({ page }) => {
        at /Users/rshirts/repos/robpass/tests/auth.spec.ts:5:16

    attachment #1: screenshot (image/png) ──────────────────────────────────────────────────────────
    ../test-results/auth-Authentication-Flow-s-68fae-ly-logout-and-clear-session-webkit/test-failed-1.png
    ────────────────────────────────────────────────────────────────────────────────────────────────

    attachment #2: video (video/webm) ──────────────────────────────────────────────────────────────
    ../test-results/auth-Authentication-Flow-s-68fae-ly-logout-and-clear-session-webkit/video.webm
    ────────────────────────────────────────────────────────────────────────────────────────────────
]]>
</failure>
<system-err>
<![CDATA[
Warning: attachment auth-Authentication-Flow-s-68fae-ly-logout-and-clear-session-webkit/test-failed-1.png is missing
Warning: attachment auth-Authentication-Flow-s-68fae-ly-logout-and-clear-session-webkit/video.webm is missing]]>
</system-err>
</testcase>
<testcase name="Authentication Flow › should show password visibility toggle" classname="auth.spec.ts" time="0.431">
<failure message="auth.spec.ts:177:7 should show password visibility toggle" type="FAILURE">
<![CDATA[  [webkit] › auth.spec.ts:177:7 › Authentication Flow › should show password visibility toggle ─────

    Error: page.goto: Could not connect to the server.
    Call log:
      - navigating to "http://localhost:3000/", waiting until "load"


      3 | test.describe('Authentication Flow', () => {
      4 |   test.beforeEach(async ({ page }) => {
    > 5 |     await page.goto('/');
        |                ^
      6 |   });
      7 |
      8 |   test('should display the main page with authentication forms', async ({ page }) => {
        at /Users/rshirts/repos/robpass/tests/auth.spec.ts:5:16

    attachment #1: screenshot (image/png) ──────────────────────────────────────────────────────────
    ../test-results/auth-Authentication-Flow-s-b7df5--password-visibility-toggle-webkit/test-failed-1.png
    ────────────────────────────────────────────────────────────────────────────────────────────────

    attachment #2: video (video/webm) ──────────────────────────────────────────────────────────────
    ../test-results/auth-Authentication-Flow-s-b7df5--password-visibility-toggle-webkit/video.webm
    ────────────────────────────────────────────────────────────────────────────────────────────────
]]>
</failure>
<system-err>
<![CDATA[
Warning: attachment auth-Authentication-Flow-s-b7df5--password-visibility-toggle-webkit/test-failed-1.png is missing
Warning: attachment auth-Authentication-Flow-s-b7df5--password-visibility-toggle-webkit/video.webm is missing]]>
</system-err>
</testcase>
<testcase name="Authentication Flow › should display security notices" classname="auth.spec.ts" time="0.426">
<failure message="auth.spec.ts:194:7 should display security notices" type="FAILURE">
<![CDATA[  [webkit] › auth.spec.ts:194:7 › Authentication Flow › should display security notices ────────────

    Error: page.goto: Could not connect to the server.
    Call log:
      - navigating to "http://localhost:3000/", waiting until "load"


      3 | test.describe('Authentication Flow', () => {
      4 |   test.beforeEach(async ({ page }) => {
    > 5 |     await page.goto('/');
        |                ^
      6 |   });
      7 |
      8 |   test('should display the main page with authentication forms', async ({ page }) => {
        at /Users/rshirts/repos/robpass/tests/auth.spec.ts:5:16

    attachment #1: screenshot (image/png) ──────────────────────────────────────────────────────────
    ../test-results/auth-Authentication-Flow-should-display-security-notices-webkit/test-failed-1.png
    ────────────────────────────────────────────────────────────────────────────────────────────────

    attachment #2: video (video/webm) ──────────────────────────────────────────────────────────────
    ../test-results/auth-Authentication-Flow-should-display-security-notices-webkit/video.webm
    ────────────────────────────────────────────────────────────────────────────────────────────────
]]>
</failure>
<system-err>
<![CDATA[
Warning: attachment auth-Authentication-Flow-should-display-security-notices-webkit/test-failed-1.png is missing
Warning: attachment auth-Authentication-Flow-should-display-security-notices-webkit/video.webm is missing]]>
</system-err>
</testcase>
</testsuite>
<testsuite name="crypto/crypto-operations.spec.ts" timestamp="2025-07-30T06:44:37.434Z" hostname="webkit" tests="16" failures="16" skipped="0" time="8.166" errors="0">
<testcase name="Cryptographic Operations › Web Crypto API Availability › should have Web Crypto API available" classname="crypto/crypto-operations.spec.ts" time="0.439">
<failure message="crypto-operations.spec.ts:37:9 should have Web Crypto API available" type="FAILURE">
<![CDATA[  [webkit] › crypto/crypto-operations.spec.ts:37:9 › Cryptographic Operations › Web Crypto API Availability › should have Web Crypto API available 

    Error: page.goto: Could not connect to the server.
    Call log:
      - navigating to "http://localhost:3000/", waiting until "load"


       at utils/playwright-helpers.ts:66

      64 |
      65 |   async navigateToLogin(): Promise<void> {
    > 66 |     await this.page.goto('/')
         |                     ^
      67 |     await expect(this.page.locator('h1:has-text("🔐 RobPass")')).toBeVisible()
      68 |   }
      69 |
        at AuthHelpers.navigateToLogin (/Users/rshirts/repos/robpass/tests/utils/playwright-helpers.ts:66:21)
        at /Users/rshirts/repos/robpass/tests/crypto/crypto-operations.spec.ts:33:23

    attachment #1: screenshot (image/png) ──────────────────────────────────────────────────────────
    ../test-results/crypto-crypto-operations-C-041f4-ve-Web-Crypto-API-available-webkit/test-failed-1.png
    ────────────────────────────────────────────────────────────────────────────────────────────────

    attachment #2: video (video/webm) ──────────────────────────────────────────────────────────────
    ../test-results/crypto-crypto-operations-C-041f4-ve-Web-Crypto-API-available-webkit/video.webm
    ────────────────────────────────────────────────────────────────────────────────────────────────
]]>
</failure>
<system-err>
<![CDATA[
Warning: attachment crypto-crypto-operations-C-041f4-ve-Web-Crypto-API-available-webkit/test-failed-1.png is missing
Warning: attachment crypto-crypto-operations-C-041f4-ve-Web-Crypto-API-available-webkit/video.webm is missing]]>
</system-err>
</testcase>
<testcase name="Cryptographic Operations › Web Crypto API Availability › should generate secure random values" classname="crypto/crypto-operations.spec.ts" time="0.4">
<failure message="crypto-operations.spec.ts:41:9 should generate secure random values" type="FAILURE">
<![CDATA[  [webkit] › crypto/crypto-operations.spec.ts:41:9 › Cryptographic Operations › Web Crypto API Availability › should generate secure random values 

    Error: page.goto: Could not connect to the server.
    Call log:
      - navigating to "http://localhost:3000/", waiting until "load"


       at utils/playwright-helpers.ts:66

      64 |
      65 |   async navigateToLogin(): Promise<void> {
    > 66 |     await this.page.goto('/')
         |                     ^
      67 |     await expect(this.page.locator('h1:has-text("🔐 RobPass")')).toBeVisible()
      68 |   }
      69 |
        at AuthHelpers.navigateToLogin (/Users/rshirts/repos/robpass/tests/utils/playwright-helpers.ts:66:21)
        at /Users/rshirts/repos/robpass/tests/crypto/crypto-operations.spec.ts:33:23

    attachment #1: screenshot (image/png) ──────────────────────────────────────────────────────────
    ../test-results/crypto-crypto-operations-C-3298a-nerate-secure-random-values-webkit/test-failed-1.png
    ────────────────────────────────────────────────────────────────────────────────────────────────

    attachment #2: video (video/webm) ──────────────────────────────────────────────────────────────
    ../test-results/crypto-crypto-operations-C-3298a-nerate-secure-random-values-webkit/video.webm
    ────────────────────────────────────────────────────────────────────────────────────────────────
]]>
</failure>
<system-err>
<![CDATA[
Warning: attachment crypto-crypto-operations-C-3298a-nerate-secure-random-values-webkit/test-failed-1.png is missing
Warning: attachment crypto-crypto-operations-C-3298a-nerate-secure-random-values-webkit/video.webm is missing]]>
</system-err>
</testcase>
<testcase name="Cryptographic Operations › Web Crypto API Availability › should operate in secure context" classname="crypto/crypto-operations.spec.ts" time="0.401">
<failure message="crypto-operations.spec.ts:45:9 should operate in secure context" type="FAILURE">
<![CDATA[  [webkit] › crypto/crypto-operations.spec.ts:45:9 › Cryptographic Operations › Web Crypto API Availability › should operate in secure context 

    Error: page.goto: Could not connect to the server.
    Call log:
      - navigating to "http://localhost:3000/", waiting until "load"


       at utils/playwright-helpers.ts:66

      64 |
      65 |   async navigateToLogin(): Promise<void> {
    > 66 |     await this.page.goto('/')
         |                     ^
      67 |     await expect(this.page.locator('h1:has-text("🔐 RobPass")')).toBeVisible()
      68 |   }
      69 |
        at AuthHelpers.navigateToLogin (/Users/rshirts/repos/robpass/tests/utils/playwright-helpers.ts:66:21)
        at /Users/rshirts/repos/robpass/tests/crypto/crypto-operations.spec.ts:33:23

    attachment #1: screenshot (image/png) ──────────────────────────────────────────────────────────
    ../test-results/crypto-crypto-operations-C-4dfb5-d-operate-in-secure-context-webkit/test-failed-1.png
    ────────────────────────────────────────────────────────────────────────────────────────────────

    attachment #2: video (video/webm) ──────────────────────────────────────────────────────────────
    ../test-results/crypto-crypto-operations-C-4dfb5-d-operate-in-secure-context-webkit/video.webm
    ────────────────────────────────────────────────────────────────────────────────────────────────
]]>
</failure>
<system-err>
<![CDATA[
Warning: attachment crypto-crypto-operations-C-4dfb5-d-operate-in-secure-context-webkit/test-failed-1.png is missing
Warning: attachment crypto-crypto-operations-C-4dfb5-d-operate-in-secure-context-webkit/video.webm is missing]]>
</system-err>
</testcase>
<testcase name="Cryptographic Operations › Password Generation › should generate secure passwords" classname="crypto/crypto-operations.spec.ts" time="0.441">
<failure message="crypto-operations.spec.ts:51:9 should generate secure passwords" type="FAILURE">
<![CDATA[  [webkit] › crypto/crypto-operations.spec.ts:51:9 › Cryptographic Operations › Password Generation › should generate secure passwords 

    Error: page.goto: Could not connect to the server.
    Call log:
      - navigating to "http://localhost:3000/", waiting until "load"


       at utils/playwright-helpers.ts:66

      64 |
      65 |   async navigateToLogin(): Promise<void> {
    > 66 |     await this.page.goto('/')
         |                     ^
      67 |     await expect(this.page.locator('h1:has-text("🔐 RobPass")')).toBeVisible()
      68 |   }
      69 |
        at AuthHelpers.navigateToLogin (/Users/rshirts/repos/robpass/tests/utils/playwright-helpers.ts:66:21)
        at /Users/rshirts/repos/robpass/tests/crypto/crypto-operations.spec.ts:33:23

    attachment #1: screenshot (image/png) ──────────────────────────────────────────────────────────
    ../test-results/crypto-crypto-operations-C-8017b-d-generate-secure-passwords-webkit/test-failed-1.png
    ────────────────────────────────────────────────────────────────────────────────────────────────

    attachment #2: video (video/webm) ──────────────────────────────────────────────────────────────
    ../test-results/crypto-crypto-operations-C-8017b-d-generate-secure-passwords-webkit/video.webm
    ────────────────────────────────────────────────────────────────────────────────────────────────
]]>
</failure>
<system-err>
<![CDATA[
Warning: attachment crypto-crypto-operations-C-8017b-d-generate-secure-passwords-webkit/test-failed-1.png is missing
Warning: attachment crypto-crypto-operations-C-8017b-d-generate-secure-passwords-webkit/video.webm is missing]]>
</system-err>
</testcase>
<testcase name="Cryptographic Operations › Password Generation › should generate unique passwords each time" classname="crypto/crypto-operations.spec.ts" time="0.603">
<failure message="crypto-operations.spec.ts:70:9 should generate unique passwords each time" type="FAILURE">
<![CDATA[  [webkit] › crypto/crypto-operations.spec.ts:70:9 › Cryptographic Operations › Password Generation › should generate unique passwords each time 

    Error: page.goto: Could not connect to the server.
    Call log:
      - navigating to "http://localhost:3000/", waiting until "load"


       at utils/playwright-helpers.ts:66

      64 |
      65 |   async navigateToLogin(): Promise<void> {
    > 66 |     await this.page.goto('/')
         |                     ^
      67 |     await expect(this.page.locator('h1:has-text("🔐 RobPass")')).toBeVisible()
      68 |   }
      69 |
        at AuthHelpers.navigateToLogin (/Users/rshirts/repos/robpass/tests/utils/playwright-helpers.ts:66:21)
        at /Users/rshirts/repos/robpass/tests/crypto/crypto-operations.spec.ts:33:23

    attachment #1: screenshot (image/png) ──────────────────────────────────────────────────────────
    ../test-results/crypto-crypto-operations-C-4ab66--unique-passwords-each-time-webkit/test-failed-1.png
    ────────────────────────────────────────────────────────────────────────────────────────────────

    attachment #2: video (video/webm) ──────────────────────────────────────────────────────────────
    ../test-results/crypto-crypto-operations-C-4ab66--unique-passwords-each-time-webkit/video.webm
    ────────────────────────────────────────────────────────────────────────────────────────────────
]]>
</failure>
<system-err>
<![CDATA[
Warning: attachment crypto-crypto-operations-C-4ab66--unique-passwords-each-time-webkit/test-failed-1.png is missing
Warning: attachment crypto-crypto-operations-C-4ab66--unique-passwords-each-time-webkit/video.webm is missing]]>
</system-err>
</testcase>
<testcase name="Cryptographic Operations › Data Encryption and Storage › should encrypt vault items before storage" classname="crypto/crypto-operations.spec.ts" time="0.446">
<failure message="crypto-operations.spec.ts:95:9 should encrypt vault items before storage" type="FAILURE">
<![CDATA[  [webkit] › crypto/crypto-operations.spec.ts:95:9 › Cryptographic Operations › Data Encryption and Storage › should encrypt vault items before storage 

    Error: page.goto: Could not connect to the server.
    Call log:
      - navigating to "http://localhost:3000/", waiting until "load"


       at utils/playwright-helpers.ts:66

      64 |
      65 |   async navigateToLogin(): Promise<void> {
    > 66 |     await this.page.goto('/')
         |                     ^
      67 |     await expect(this.page.locator('h1:has-text("🔐 RobPass")')).toBeVisible()
      68 |   }
      69 |
        at AuthHelpers.navigateToLogin (/Users/rshirts/repos/robpass/tests/utils/playwright-helpers.ts:66:21)
        at /Users/rshirts/repos/robpass/tests/crypto/crypto-operations.spec.ts:33:23

    attachment #1: screenshot (image/png) ──────────────────────────────────────────────────────────
    ../test-results/crypto-crypto-operations-C-e0720--vault-items-before-storage-webkit/test-failed-1.png
    ────────────────────────────────────────────────────────────────────────────────────────────────

    attachment #2: video (video/webm) ──────────────────────────────────────────────────────────────
    ../test-results/crypto-crypto-operations-C-e0720--vault-items-before-storage-webkit/video.webm
    ────────────────────────────────────────────────────────────────────────────────────────────────
]]>
</failure>
<system-err>
<![CDATA[
Warning: attachment crypto-crypto-operations-C-e0720--vault-items-before-storage-webkit/test-failed-1.png is missing
Warning: attachment crypto-crypto-operations-C-e0720--vault-items-before-storage-webkit/video.webm is missing]]>
</system-err>
</testcase>
<testcase name="Cryptographic Operations › Data Encryption and Storage › should decrypt vault items for display" classname="crypto/crypto-operations.spec.ts" time="0.413">
<failure message="crypto-operations.spec.ts:139:9 should decrypt vault items for display" type="FAILURE">
<![CDATA[  [webkit] › crypto/crypto-operations.spec.ts:139:9 › Cryptographic Operations › Data Encryption and Storage › should decrypt vault items for display 

    Error: page.goto: Could not connect to the server.
    Call log:
      - navigating to "http://localhost:3000/", waiting until "load"


       at utils/playwright-helpers.ts:66

      64 |
      65 |   async navigateToLogin(): Promise<void> {
    > 66 |     await this.page.goto('/')
         |                     ^
      67 |     await expect(this.page.locator('h1:has-text("🔐 RobPass")')).toBeVisible()
      68 |   }
      69 |
        at AuthHelpers.navigateToLogin (/Users/rshirts/repos/robpass/tests/utils/playwright-helpers.ts:66:21)
        at /Users/rshirts/repos/robpass/tests/crypto/crypto-operations.spec.ts:33:23

    attachment #1: screenshot (image/png) ──────────────────────────────────────────────────────────
    ../test-results/crypto-crypto-operations-C-95dbb-ypt-vault-items-for-display-webkit/test-failed-1.png
    ────────────────────────────────────────────────────────────────────────────────────────────────

    attachment #2: video (video/webm) ──────────────────────────────────────────────────────────────
    ../test-results/crypto-crypto-operations-C-95dbb-ypt-vault-items-for-display-webkit/video.webm
    ────────────────────────────────────────────────────────────────────────────────────────────────
]]>
</failure>
<system-err>
<![CDATA[
Warning: attachment crypto-crypto-operations-C-95dbb-ypt-vault-items-for-display-webkit/test-failed-1.png is missing
Warning: attachment crypto-crypto-operations-C-95dbb-ypt-vault-items-for-display-webkit/video.webm is missing]]>
</system-err>
</testcase>
<testcase name="Cryptographic Operations › Data Encryption and Storage › should handle encryption errors gracefully" classname="crypto/crypto-operations.spec.ts" time="0.377">
<failure message="crypto-operations.spec.ts:160:9 should handle encryption errors gracefully" type="FAILURE">
<![CDATA[  [webkit] › crypto/crypto-operations.spec.ts:160:9 › Cryptographic Operations › Data Encryption and Storage › should handle encryption errors gracefully 

    Error: page.goto: Could not connect to the server.
    Call log:
      - navigating to "http://localhost:3000/", waiting until "load"


       at utils/playwright-helpers.ts:66

      64 |
      65 |   async navigateToLogin(): Promise<void> {
    > 66 |     await this.page.goto('/')
         |                     ^
      67 |     await expect(this.page.locator('h1:has-text("🔐 RobPass")')).toBeVisible()
      68 |   }
      69 |
        at AuthHelpers.navigateToLogin (/Users/rshirts/repos/robpass/tests/utils/playwright-helpers.ts:66:21)
        at /Users/rshirts/repos/robpass/tests/crypto/crypto-operations.spec.ts:33:23

    attachment #1: screenshot (image/png) ──────────────────────────────────────────────────────────
    ../test-results/crypto-crypto-operations-C-d352f-ncryption-errors-gracefully-webkit/test-failed-1.png
    ────────────────────────────────────────────────────────────────────────────────────────────────

    attachment #2: video (video/webm) ──────────────────────────────────────────────────────────────
    ../test-results/crypto-crypto-operations-C-d352f-ncryption-errors-gracefully-webkit/video.webm
    ────────────────────────────────────────────────────────────────────────────────────────────────
]]>
</failure>
<system-err>
<![CDATA[
Warning: attachment crypto-crypto-operations-C-d352f-ncryption-errors-gracefully-webkit/test-failed-1.png is missing
Warning: attachment crypto-crypto-operations-C-d352f-ncryption-errors-gracefully-webkit/video.webm is missing]]>
</system-err>
</testcase>
<testcase name="Cryptographic Operations › Key Derivation and Management › should derive master key from password during login" classname="crypto/crypto-operations.spec.ts" time="0.621">
<failure message="crypto-operations.spec.ts:188:9 should derive master key from password during login" type="FAILURE">
<![CDATA[  [webkit] › crypto/crypto-operations.spec.ts:188:9 › Cryptographic Operations › Key Derivation and Management › should derive master key from password during login 

    Error: page.goto: Could not connect to the server.
    Call log:
      - navigating to "http://localhost:3000/", waiting until "load"


       at utils/playwright-helpers.ts:66

      64 |
      65 |   async navigateToLogin(): Promise<void> {
    > 66 |     await this.page.goto('/')
         |                     ^
      67 |     await expect(this.page.locator('h1:has-text("🔐 RobPass")')).toBeVisible()
      68 |   }
      69 |
        at AuthHelpers.navigateToLogin (/Users/rshirts/repos/robpass/tests/utils/playwright-helpers.ts:66:21)
        at /Users/rshirts/repos/robpass/tests/crypto/crypto-operations.spec.ts:33:23

    attachment #1: screenshot (image/png) ──────────────────────────────────────────────────────────
    ../test-results/crypto-crypto-operations-C-c58fc--from-password-during-login-webkit/test-failed-1.png
    ────────────────────────────────────────────────────────────────────────────────────────────────

    attachment #2: video (video/webm) ──────────────────────────────────────────────────────────────
    ../test-results/crypto-crypto-operations-C-c58fc--from-password-during-login-webkit/video.webm
    ────────────────────────────────────────────────────────────────────────────────────────────────
]]>
</failure>
<system-err>
<![CDATA[
Warning: attachment crypto-crypto-operations-C-c58fc--from-password-during-login-webkit/test-failed-1.png is missing
Warning: attachment crypto-crypto-operations-C-c58fc--from-password-during-login-webkit/video.webm is missing]]>
</system-err>
</testcase>
<testcase name="Cryptographic Operations › Key Derivation and Management › should maintain master key in memory only" classname="crypto/crypto-operations.spec.ts" time="0.647">
<failure message="crypto-operations.spec.ts:224:9 should maintain master key in memory only" type="FAILURE">
<![CDATA[  [webkit] › crypto/crypto-operations.spec.ts:224:9 › Cryptographic Operations › Key Derivation and Management › should maintain master key in memory only 

    Error: page.goto: Could not connect to the server.
    Call log:
      - navigating to "http://localhost:3000/", waiting until "load"


       at utils/playwright-helpers.ts:66

      64 |
      65 |   async navigateToLogin(): Promise<void> {
    > 66 |     await this.page.goto('/')
         |                     ^
      67 |     await expect(this.page.locator('h1:has-text("🔐 RobPass")')).toBeVisible()
      68 |   }
      69 |
        at AuthHelpers.navigateToLogin (/Users/rshirts/repos/robpass/tests/utils/playwright-helpers.ts:66:21)
        at /Users/rshirts/repos/robpass/tests/crypto/crypto-operations.spec.ts:33:23

    attachment #1: screenshot (image/png) ──────────────────────────────────────────────────────────
    ../test-results/crypto-crypto-operations-C-d6f56-n-master-key-in-memory-only-webkit/test-failed-1.png
    ────────────────────────────────────────────────────────────────────────────────────────────────

    attachment #2: video (video/webm) ──────────────────────────────────────────────────────────────
    ../test-results/crypto-crypto-operations-C-d6f56-n-master-key-in-memory-only-webkit/video.webm
    ────────────────────────────────────────────────────────────────────────────────────────────────
]]>
</failure>
<system-err>
<![CDATA[
Warning: attachment crypto-crypto-operations-C-d6f56-n-master-key-in-memory-only-webkit/test-failed-1.png is missing
Warning: attachment crypto-crypto-operations-C-d6f56-n-master-key-in-memory-only-webkit/video.webm is missing]]>
</system-err>
</testcase>
<testcase name="Cryptographic Operations › Key Derivation and Management › should clear master key on logout" classname="crypto/crypto-operations.spec.ts" time="0.619">
<failure message="crypto-operations.spec.ts:246:9 should clear master key on logout" type="FAILURE">
<![CDATA[  [webkit] › crypto/crypto-operations.spec.ts:246:9 › Cryptographic Operations › Key Derivation and Management › should clear master key on logout 

    Error: page.goto: Could not connect to the server.
    Call log:
      - navigating to "http://localhost:3000/", waiting until "load"


       at utils/playwright-helpers.ts:66

      64 |
      65 |   async navigateToLogin(): Promise<void> {
    > 66 |     await this.page.goto('/')
         |                     ^
      67 |     await expect(this.page.locator('h1:has-text("🔐 RobPass")')).toBeVisible()
      68 |   }
      69 |
        at AuthHelpers.navigateToLogin (/Users/rshirts/repos/robpass/tests/utils/playwright-helpers.ts:66:21)
        at /Users/rshirts/repos/robpass/tests/crypto/crypto-operations.spec.ts:33:23

    attachment #1: screenshot (image/png) ──────────────────────────────────────────────────────────
    ../test-results/crypto-crypto-operations-C-2b425--clear-master-key-on-logout-webkit/test-failed-1.png
    ────────────────────────────────────────────────────────────────────────────────────────────────

    attachment #2: video (video/webm) ──────────────────────────────────────────────────────────────
    ../test-results/crypto-crypto-operations-C-2b425--clear-master-key-on-logout-webkit/video.webm
    ────────────────────────────────────────────────────────────────────────────────────────────────
]]>
</failure>
<system-err>
<![CDATA[
Warning: attachment crypto-crypto-operations-C-2b425--clear-master-key-on-logout-webkit/test-failed-1.png is missing
Warning: attachment crypto-crypto-operations-C-2b425--clear-master-key-on-logout-webkit/video.webm is missing]]>
</system-err>
</testcase>
<testcase name="Cryptographic Operations › Encryption Performance › should encrypt data within reasonable time" classname="crypto/crypto-operations.spec.ts" time="0.564">
<failure message="crypto-operations.spec.ts:268:9 should encrypt data within reasonable time" type="FAILURE">
<![CDATA[  [webkit] › crypto/crypto-operations.spec.ts:268:9 › Cryptographic Operations › Encryption Performance › should encrypt data within reasonable time 

    Error: page.goto: Could not connect to the server.
    Call log:
      - navigating to "http://localhost:3000/", waiting until "load"


       at utils/playwright-helpers.ts:66

      64 |
      65 |   async navigateToLogin(): Promise<void> {
    > 66 |     await this.page.goto('/')
         |                     ^
      67 |     await expect(this.page.locator('h1:has-text("🔐 RobPass")')).toBeVisible()
      68 |   }
      69 |
        at AuthHelpers.navigateToLogin (/Users/rshirts/repos/robpass/tests/utils/playwright-helpers.ts:66:21)
        at /Users/rshirts/repos/robpass/tests/crypto/crypto-operations.spec.ts:33:23

    attachment #1: screenshot (image/png) ──────────────────────────────────────────────────────────
    ../test-results/crypto-crypto-operations-C-7f47c-data-within-reasonable-time-webkit/test-failed-1.png
    ────────────────────────────────────────────────────────────────────────────────────────────────

    attachment #2: video (video/webm) ──────────────────────────────────────────────────────────────
    ../test-results/crypto-crypto-operations-C-7f47c-data-within-reasonable-time-webkit/video.webm
    ────────────────────────────────────────────────────────────────────────────────────────────────
]]>
</failure>
<system-err>
<![CDATA[
Warning: attachment crypto-crypto-operations-C-7f47c-data-within-reasonable-time-webkit/test-failed-1.png is missing
Warning: attachment crypto-crypto-operations-C-7f47c-data-within-reasonable-time-webkit/video.webm is missing]]>
</system-err>
</testcase>
<testcase name="Cryptographic Operations › Encryption Performance › should handle multiple concurrent encryptions" classname="crypto/crypto-operations.spec.ts" time="0.45">
<failure message="crypto-operations.spec.ts:278:9 should handle multiple concurrent encryptions" type="FAILURE">
<![CDATA[  [webkit] › crypto/crypto-operations.spec.ts:278:9 › Cryptographic Operations › Encryption Performance › should handle multiple concurrent encryptions 

    Error: page.goto: Could not connect to the server.
    Call log:
      - navigating to "http://localhost:3000/", waiting until "load"


       at utils/playwright-helpers.ts:66

      64 |
      65 |   async navigateToLogin(): Promise<void> {
    > 66 |     await this.page.goto('/')
         |                     ^
      67 |     await expect(this.page.locator('h1:has-text("🔐 RobPass")')).toBeVisible()
      68 |   }
      69 |
        at AuthHelpers.navigateToLogin (/Users/rshirts/repos/robpass/tests/utils/playwright-helpers.ts:66:21)
        at /Users/rshirts/repos/robpass/tests/crypto/crypto-operations.spec.ts:33:23

    attachment #1: screenshot (image/png) ──────────────────────────────────────────────────────────
    ../test-results/crypto-crypto-operations-C-c82b6-iple-concurrent-encryptions-webkit/test-failed-1.png
    ────────────────────────────────────────────────────────────────────────────────────────────────

    attachment #2: video (video/webm) ──────────────────────────────────────────────────────────────
    ../test-results/crypto-crypto-operations-C-c82b6-iple-concurrent-encryptions-webkit/video.webm
    ────────────────────────────────────────────────────────────────────────────────────────────────
]]>
</failure>
<system-err>
<![CDATA[
Warning: attachment crypto-crypto-operations-C-c82b6-iple-concurrent-encryptions-webkit/test-failed-1.png is missing
Warning: attachment crypto-crypto-operations-C-c82b6-iple-concurrent-encryptions-webkit/video.webm is missing]]>
</system-err>
</testcase>
<testcase name="Cryptographic Operations › Security Validation › should not expose sensitive data in DOM" classname="crypto/crypto-operations.spec.ts" time="0.593">
<failure message="crypto-operations.spec.ts:304:9 should not expose sensitive data in DOM" type="FAILURE">
<![CDATA[  [webkit] › crypto/crypto-operations.spec.ts:304:9 › Cryptographic Operations › Security Validation › should not expose sensitive data in DOM 

    Error: page.goto: Could not connect to the server.
    Call log:
      - navigating to "http://localhost:3000/", waiting until "load"


       at utils/playwright-helpers.ts:66

      64 |
      65 |   async navigateToLogin(): Promise<void> {
    > 66 |     await this.page.goto('/')
         |                     ^
      67 |     await expect(this.page.locator('h1:has-text("🔐 RobPass")')).toBeVisible()
      68 |   }
      69 |
        at AuthHelpers.navigateToLogin (/Users/rshirts/repos/robpass/tests/utils/playwright-helpers.ts:66:21)
        at /Users/rshirts/repos/robpass/tests/crypto/crypto-operations.spec.ts:33:23

    attachment #1: screenshot (image/png) ──────────────────────────────────────────────────────────
    ../test-results/crypto-crypto-operations-C-1370d-xpose-sensitive-data-in-DOM-webkit/test-failed-1.png
    ────────────────────────────────────────────────────────────────────────────────────────────────

    attachment #2: video (video/webm) ──────────────────────────────────────────────────────────────
    ../test-results/crypto-crypto-operations-C-1370d-xpose-sensitive-data-in-DOM-webkit/video.webm
    ────────────────────────────────────────────────────────────────────────────────────────────────
]]>
</failure>
<system-err>
<![CDATA[
Warning: attachment crypto-crypto-operations-C-1370d-xpose-sensitive-data-in-DOM-webkit/test-failed-1.png is missing
Warning: attachment crypto-crypto-operations-C-1370d-xpose-sensitive-data-in-DOM-webkit/video.webm is missing]]>
</system-err>
</testcase>
<testcase name="Cryptographic Operations › Security Validation › should handle browser refresh securely" classname="crypto/crypto-operations.spec.ts" time="0.556">
<failure message="crypto-operations.spec.ts:317:9 should handle browser refresh securely" type="FAILURE">
<![CDATA[  [webkit] › crypto/crypto-operations.spec.ts:317:9 › Cryptographic Operations › Security Validation › should handle browser refresh securely 

    Error: page.goto: Could not connect to the server.
    Call log:
      - navigating to "http://localhost:3000/", waiting until "load"


       at utils/playwright-helpers.ts:66

      64 |
      65 |   async navigateToLogin(): Promise<void> {
    > 66 |     await this.page.goto('/')
         |                     ^
      67 |     await expect(this.page.locator('h1:has-text("🔐 RobPass")')).toBeVisible()
      68 |   }
      69 |
        at AuthHelpers.navigateToLogin (/Users/rshirts/repos/robpass/tests/utils/playwright-helpers.ts:66:21)
        at /Users/rshirts/repos/robpass/tests/crypto/crypto-operations.spec.ts:33:23

    attachment #1: screenshot (image/png) ──────────────────────────────────────────────────────────
    ../test-results/crypto-crypto-operations-C-1fd40-le-browser-refresh-securely-webkit/test-failed-1.png
    ────────────────────────────────────────────────────────────────────────────────────────────────

    attachment #2: video (video/webm) ──────────────────────────────────────────────────────────────
    ../test-results/crypto-crypto-operations-C-1fd40-le-browser-refresh-securely-webkit/video.webm
    ────────────────────────────────────────────────────────────────────────────────────────────────
]]>
</failure>
<system-err>
<![CDATA[
Warning: attachment crypto-crypto-operations-C-1fd40-le-browser-refresh-securely-webkit/test-failed-1.png is missing
Warning: attachment crypto-crypto-operations-C-1fd40-le-browser-refresh-securely-webkit/video.webm is missing]]>
</system-err>
</testcase>
<testcase name="Cryptographic Operations › Security Validation › should validate crypto parameters" classname="crypto/crypto-operations.spec.ts" time="0.596">
<failure message="crypto-operations.spec.ts:333:9 should validate crypto parameters" type="FAILURE">
<![CDATA[  [webkit] › crypto/crypto-operations.spec.ts:333:9 › Cryptographic Operations › Security Validation › should validate crypto parameters 

    Error: page.goto: Could not connect to the server.
    Call log:
      - navigating to "http://localhost:3000/", waiting until "load"


       at utils/playwright-helpers.ts:66

      64 |
      65 |   async navigateToLogin(): Promise<void> {
    > 66 |     await this.page.goto('/')
         |                     ^
      67 |     await expect(this.page.locator('h1:has-text("🔐 RobPass")')).toBeVisible()
      68 |   }
      69 |
        at AuthHelpers.navigateToLogin (/Users/rshirts/repos/robpass/tests/utils/playwright-helpers.ts:66:21)
        at /Users/rshirts/repos/robpass/tests/crypto/crypto-operations.spec.ts:33:23

    attachment #1: screenshot (image/png) ──────────────────────────────────────────────────────────
    ../test-results/crypto-crypto-operations-C-c44d5--validate-crypto-parameters-webkit/test-failed-1.png
    ────────────────────────────────────────────────────────────────────────────────────────────────

    attachment #2: video (video/webm) ──────────────────────────────────────────────────────────────
    ../test-results/crypto-crypto-operations-C-c44d5--validate-crypto-parameters-webkit/video.webm
    ────────────────────────────────────────────────────────────────────────────────────────────────
]]>
</failure>
<system-err>
<![CDATA[
Warning: attachment crypto-crypto-operations-C-c44d5--validate-crypto-parameters-webkit/test-failed-1.png is missing
Warning: attachment crypto-crypto-operations-C-c44d5--validate-crypto-parameters-webkit/video.webm is missing]]>
</system-err>
</testcase>
</testsuite>
<testsuite name="security/security-comprehensive.spec.ts" timestamp="2025-07-30T06:44:37.434Z" hostname="webkit" tests="15" failures="15" skipped="0" time="8.968" errors="0">
<testcase name="Security Comprehensive Tests › Authentication Security › should enforce rate limiting on failed login attempts" classname="security/security-comprehensive.spec.ts" time="0.639">
<failure message="security-comprehensive.spec.ts:31:9 should enforce rate limiting on failed login attempts" type="FAILURE">
<![CDATA[  [webkit] › security/security-comprehensive.spec.ts:31:9 › Security Comprehensive Tests › Authentication Security › should enforce rate limiting on failed login attempts 

    Error: page.goto: Could not connect to the server.
    Call log:
      - navigating to "http://localhost:3000/", waiting until "load"


       at utils/playwright-helpers.ts:66

      64 |
      65 |   async navigateToLogin(): Promise<void> {
    > 66 |     await this.page.goto('/')
         |                     ^
      67 |     await expect(this.page.locator('h1:has-text("🔐 RobPass")')).toBeVisible()
      68 |   }
      69 |
        at AuthHelpers.navigateToLogin (/Users/rshirts/repos/robpass/tests/utils/playwright-helpers.ts:66:21)
        at /Users/rshirts/repos/robpass/tests/security/security-comprehensive.spec.ts:27:23

    attachment #1: screenshot (image/png) ──────────────────────────────────────────────────────────
    ../test-results/security-security-comprehe-ee734-ng-on-failed-login-attempts-webkit/test-failed-1.png
    ────────────────────────────────────────────────────────────────────────────────────────────────

    attachment #2: video (video/webm) ──────────────────────────────────────────────────────────────
    ../test-results/security-security-comprehe-ee734-ng-on-failed-login-attempts-webkit/video.webm
    ────────────────────────────────────────────────────────────────────────────────────────────────
]]>
</failure>
<system-out>
<![CDATA[
[[ATTACHMENT|security-security-comprehe-ee734-ng-on-failed-login-attempts-webkit/test-failed-1.png]]

[[ATTACHMENT|security-security-comprehe-ee734-ng-on-failed-login-attempts-webkit/video.webm]]
]]>
</system-out>
</testcase>
<testcase name="Security Comprehensive Tests › Authentication Security › should prevent timing attacks on authentication" classname="security/security-comprehensive.spec.ts" time="0.5">
<failure message="security-comprehensive.spec.ts:56:9 should prevent timing attacks on authentication" type="FAILURE">
<![CDATA[  [webkit] › security/security-comprehensive.spec.ts:56:9 › Security Comprehensive Tests › Authentication Security › should prevent timing attacks on authentication 

    Error: page.goto: Could not connect to the server.
    Call log:
      - navigating to "http://localhost:3000/", waiting until "load"


       at utils/playwright-helpers.ts:66

      64 |
      65 |   async navigateToLogin(): Promise<void> {
    > 66 |     await this.page.goto('/')
         |                     ^
      67 |     await expect(this.page.locator('h1:has-text("🔐 RobPass")')).toBeVisible()
      68 |   }
      69 |
        at AuthHelpers.navigateToLogin (/Users/rshirts/repos/robpass/tests/utils/playwright-helpers.ts:66:21)
        at /Users/rshirts/repos/robpass/tests/security/security-comprehensive.spec.ts:27:23

    attachment #1: screenshot (image/png) ──────────────────────────────────────────────────────────
    ../test-results/security-security-comprehe-6cf75-g-attacks-on-authentication-webkit/test-failed-1.png
    ────────────────────────────────────────────────────────────────────────────────────────────────

    attachment #2: video (video/webm) ──────────────────────────────────────────────────────────────
    ../test-results/security-security-comprehe-6cf75-g-attacks-on-authentication-webkit/video.webm
    ────────────────────────────────────────────────────────────────────────────────────────────────
]]>
</failure>
<system-err>
<![CDATA[
Warning: attachment security-security-comprehe-6cf75-g-attacks-on-authentication-webkit/test-failed-1.png is missing
Warning: attachment security-security-comprehe-6cf75-g-attacks-on-authentication-webkit/video.webm is missing]]>
</system-err>
</testcase>
<testcase name="Security Comprehensive Tests › Authentication Security › should enforce secure password requirements" classname="security/security-comprehensive.spec.ts" time="0.586">
<failure message="security-comprehensive.spec.ts:93:9 should enforce secure password requirements" type="FAILURE">
<![CDATA[  [webkit] › security/security-comprehensive.spec.ts:93:9 › Security Comprehensive Tests › Authentication Security › should enforce secure password requirements 

    Error: page.goto: Could not connect to the server.
    Call log:
      - navigating to "http://localhost:3000/", waiting until "load"


       at utils/playwright-helpers.ts:66

      64 |
      65 |   async navigateToLogin(): Promise<void> {
    > 66 |     await this.page.goto('/')
         |                     ^
      67 |     await expect(this.page.locator('h1:has-text("🔐 RobPass")')).toBeVisible()
      68 |   }
      69 |
        at AuthHelpers.navigateToLogin (/Users/rshirts/repos/robpass/tests/utils/playwright-helpers.ts:66:21)
        at /Users/rshirts/repos/robpass/tests/security/security-comprehensive.spec.ts:27:23

    attachment #1: screenshot (image/png) ──────────────────────────────────────────────────────────
    ../test-results/security-security-comprehe-e9c1b-ecure-password-requirements-webkit/test-failed-1.png
    ────────────────────────────────────────────────────────────────────────────────────────────────

    attachment #2: video (video/webm) ──────────────────────────────────────────────────────────────
    ../test-results/security-security-comprehe-e9c1b-ecure-password-requirements-webkit/video.webm
    ────────────────────────────────────────────────────────────────────────────────────────────────
]]>
</failure>
<system-err>
<![CDATA[
Warning: attachment security-security-comprehe-e9c1b-ecure-password-requirements-webkit/test-failed-1.png is missing
Warning: attachment security-security-comprehe-e9c1b-ecure-password-requirements-webkit/video.webm is missing]]>
</system-err>
</testcase>
<testcase name="Security Comprehensive Tests › Authentication Security › should prevent session fixation attacks" classname="security/security-comprehensive.spec.ts" time="0.592">
<failure message="security-comprehensive.spec.ts:122:9 should prevent session fixation attacks" type="FAILURE">
<![CDATA[  [webkit] › security/security-comprehensive.spec.ts:122:9 › Security Comprehensive Tests › Authentication Security › should prevent session fixation attacks 

    Error: page.goto: Could not connect to the server.
    Call log:
      - navigating to "http://localhost:3000/", waiting until "load"


       at utils/playwright-helpers.ts:66

      64 |
      65 |   async navigateToLogin(): Promise<void> {
    > 66 |     await this.page.goto('/')
         |                     ^
      67 |     await expect(this.page.locator('h1:has-text("🔐 RobPass")')).toBeVisible()
      68 |   }
      69 |
        at AuthHelpers.navigateToLogin (/Users/rshirts/repos/robpass/tests/utils/playwright-helpers.ts:66:21)
        at /Users/rshirts/repos/robpass/tests/security/security-comprehensive.spec.ts:27:23

    attachment #1: screenshot (image/png) ──────────────────────────────────────────────────────────
    ../test-results/security-security-comprehe-3876b-nt-session-fixation-attacks-webkit/test-failed-1.png
    ────────────────────────────────────────────────────────────────────────────────────────────────

    attachment #2: video (video/webm) ──────────────────────────────────────────────────────────────
    ../test-results/security-security-comprehe-3876b-nt-session-fixation-attacks-webkit/video.webm
    ────────────────────────────────────────────────────────────────────────────────────────────────
]]>
</failure>
<system-err>
<![CDATA[
Warning: attachment security-security-comprehe-3876b-nt-session-fixation-attacks-webkit/test-failed-1.png is missing
Warning: attachment security-security-comprehe-3876b-nt-session-fixation-attacks-webkit/video.webm is missing]]>
</system-err>
</testcase>
<testcase name="Security Comprehensive Tests › Data Isolation and Access Control › should isolate user data completely" classname="security/security-comprehensive.spec.ts" time="0.617">
<failure message="security-comprehensive.spec.ts:145:9 should isolate user data completely" type="FAILURE">
<![CDATA[  [webkit] › security/security-comprehensive.spec.ts:145:9 › Security Comprehensive Tests › Data Isolation and Access Control › should isolate user data completely 

    Error: page.goto: Could not connect to the server.
    Call log:
      - navigating to "http://localhost:3000/", waiting until "load"


       at utils/playwright-helpers.ts:66

      64 |
      65 |   async navigateToLogin(): Promise<void> {
    > 66 |     await this.page.goto('/')
         |                     ^
      67 |     await expect(this.page.locator('h1:has-text("🔐 RobPass")')).toBeVisible()
      68 |   }
      69 |
        at AuthHelpers.navigateToLogin (/Users/rshirts/repos/robpass/tests/utils/playwright-helpers.ts:66:21)
        at /Users/rshirts/repos/robpass/tests/security/security-comprehensive.spec.ts:27:23

    attachment #1: screenshot (image/png) ──────────────────────────────────────────────────────────
    ../test-results/security-security-comprehe-4692b-solate-user-data-completely-webkit/test-failed-1.png
    ────────────────────────────────────────────────────────────────────────────────────────────────

    attachment #2: video (video/webm) ──────────────────────────────────────────────────────────────
    ../test-results/security-security-comprehe-4692b-solate-user-data-completely-webkit/video.webm
    ────────────────────────────────────────────────────────────────────────────────────────────────
]]>
</failure>
<system-err>
<![CDATA[
Warning: attachment security-security-comprehe-4692b-solate-user-data-completely-webkit/test-failed-1.png is missing
Warning: attachment security-security-comprehe-4692b-solate-user-data-completely-webkit/video.webm is missing]]>
</system-err>
</testcase>
<testcase name="Security Comprehensive Tests › Data Isolation and Access Control › should prevent unauthorized API access" classname="security/security-comprehensive.spec.ts" time="0.586">
<failure message="security-comprehensive.spec.ts:169:9 should prevent unauthorized API access" type="FAILURE">
<![CDATA[  [webkit] › security/security-comprehensive.spec.ts:169:9 › Security Comprehensive Tests › Data Isolation and Access Control › should prevent unauthorized API access 

    Error: page.goto: Could not connect to the server.
    Call log:
      - navigating to "http://localhost:3000/", waiting until "load"


       at utils/playwright-helpers.ts:66

      64 |
      65 |   async navigateToLogin(): Promise<void> {
    > 66 |     await this.page.goto('/')
         |                     ^
      67 |     await expect(this.page.locator('h1:has-text("🔐 RobPass")')).toBeVisible()
      68 |   }
      69 |
        at AuthHelpers.navigateToLogin (/Users/rshirts/repos/robpass/tests/utils/playwright-helpers.ts:66:21)
        at /Users/rshirts/repos/robpass/tests/security/security-comprehensive.spec.ts:27:23

    attachment #1: screenshot (image/png) ──────────────────────────────────────────────────────────
    ../test-results/security-security-comprehe-114f6-ent-unauthorized-API-access-webkit/test-failed-1.png
    ────────────────────────────────────────────────────────────────────────────────────────────────

    attachment #2: video (video/webm) ──────────────────────────────────────────────────────────────
    ../test-results/security-security-comprehe-114f6-ent-unauthorized-API-access-webkit/video.webm
    ────────────────────────────────────────────────────────────────────────────────────────────────
]]>
</failure>
<system-err>
<![CDATA[
Warning: attachment security-security-comprehe-114f6-ent-unauthorized-API-access-webkit/test-failed-1.png is missing
Warning: attachment security-security-comprehe-114f6-ent-unauthorized-API-access-webkit/video.webm is missing]]>
</system-err>
</testcase>
<testcase name="Security Comprehensive Tests › Data Isolation and Access Control › should validate session tokens properly" classname="security/security-comprehensive.spec.ts" time="0.571">
<failure message="security-comprehensive.spec.ts:195:9 should validate session tokens properly" type="FAILURE">
<![CDATA[  [webkit] › security/security-comprehensive.spec.ts:195:9 › Security Comprehensive Tests › Data Isolation and Access Control › should validate session tokens properly 

    Error: page.goto: Could not connect to the server.
    Call log:
      - navigating to "http://localhost:3000/", waiting until "load"


       at utils/playwright-helpers.ts:66

      64 |
      65 |   async navigateToLogin(): Promise<void> {
    > 66 |     await this.page.goto('/')
         |                     ^
      67 |     await expect(this.page.locator('h1:has-text("🔐 RobPass")')).toBeVisible()
      68 |   }
      69 |
        at AuthHelpers.navigateToLogin (/Users/rshirts/repos/robpass/tests/utils/playwright-helpers.ts:66:21)
        at /Users/rshirts/repos/robpass/tests/security/security-comprehensive.spec.ts:27:23

    attachment #1: screenshot (image/png) ──────────────────────────────────────────────────────────
    ../test-results/security-security-comprehe-9ba1c-ate-session-tokens-properly-webkit/test-failed-1.png
    ────────────────────────────────────────────────────────────────────────────────────────────────

    attachment #2: video (video/webm) ──────────────────────────────────────────────────────────────
    ../test-results/security-security-comprehe-9ba1c-ate-session-tokens-properly-webkit/video.webm
    ────────────────────────────────────────────────────────────────────────────────────────────────
]]>
</failure>
<system-err>
<![CDATA[
Warning: attachment security-security-comprehe-9ba1c-ate-session-tokens-properly-webkit/test-failed-1.png is missing
Warning: attachment security-security-comprehe-9ba1c-ate-session-tokens-properly-webkit/video.webm is missing]]>
</system-err>
</testcase>
<testcase name="Security Comprehensive Tests › Error Handling and Information Disclosure › should not expose sensitive information in errors" classname="security/security-comprehensive.spec.ts" time="0.613">
<failure message="security-comprehensive.spec.ts:213:9 should not expose sensitive information in errors" type="FAILURE">
<![CDATA[  [webkit] › security/security-comprehensive.spec.ts:213:9 › Security Comprehensive Tests › Error Handling and Information Disclosure › should not expose sensitive information in errors 

    Error: page.goto: Could not connect to the server.
    Call log:
      - navigating to "http://localhost:3000/", waiting until "load"


       at utils/playwright-helpers.ts:66

      64 |
      65 |   async navigateToLogin(): Promise<void> {
    > 66 |     await this.page.goto('/')
         |                     ^
      67 |     await expect(this.page.locator('h1:has-text("🔐 RobPass")')).toBeVisible()
      68 |   }
      69 |
        at AuthHelpers.navigateToLogin (/Users/rshirts/repos/robpass/tests/utils/playwright-helpers.ts:66:21)
        at /Users/rshirts/repos/robpass/tests/security/security-comprehensive.spec.ts:27:23

    attachment #1: screenshot (image/png) ──────────────────────────────────────────────────────────
    ../test-results/security-security-comprehe-a936b-itive-information-in-errors-webkit/test-failed-1.png
    ────────────────────────────────────────────────────────────────────────────────────────────────

    attachment #2: video (video/webm) ──────────────────────────────────────────────────────────────
    ../test-results/security-security-comprehe-a936b-itive-information-in-errors-webkit/video.webm
    ────────────────────────────────────────────────────────────────────────────────────────────────
]]>
</failure>
<system-err>
<![CDATA[
Warning: attachment security-security-comprehe-a936b-itive-information-in-errors-webkit/test-failed-1.png is missing
Warning: attachment security-security-comprehe-a936b-itive-information-in-errors-webkit/video.webm is missing]]>
</system-err>
</testcase>
<testcase name="Security Comprehensive Tests › Error Handling and Information Disclosure › should handle network errors gracefully" classname="security/security-comprehensive.spec.ts" time="0.591">
<failure message="security-comprehensive.spec.ts:257:9 should handle network errors gracefully" type="FAILURE">
<![CDATA[  [webkit] › security/security-comprehensive.spec.ts:257:9 › Security Comprehensive Tests › Error Handling and Information Disclosure › should handle network errors gracefully 

    Error: page.goto: Could not connect to the server.
    Call log:
      - navigating to "http://localhost:3000/", waiting until "load"


       at utils/playwright-helpers.ts:66

      64 |
      65 |   async navigateToLogin(): Promise<void> {
    > 66 |     await this.page.goto('/')
         |                     ^
      67 |     await expect(this.page.locator('h1:has-text("🔐 RobPass")')).toBeVisible()
      68 |   }
      69 |
        at AuthHelpers.navigateToLogin (/Users/rshirts/repos/robpass/tests/utils/playwright-helpers.ts:66:21)
        at /Users/rshirts/repos/robpass/tests/security/security-comprehensive.spec.ts:27:23

    attachment #1: screenshot (image/png) ──────────────────────────────────────────────────────────
    ../test-results/security-security-comprehe-81664-e-network-errors-gracefully-webkit/test-failed-1.png
    ────────────────────────────────────────────────────────────────────────────────────────────────

    attachment #2: video (video/webm) ──────────────────────────────────────────────────────────────
    ../test-results/security-security-comprehe-81664-e-network-errors-gracefully-webkit/video.webm
    ────────────────────────────────────────────────────────────────────────────────────────────────
]]>
</failure>
<system-err>
<![CDATA[
Warning: attachment security-security-comprehe-81664-e-network-errors-gracefully-webkit/test-failed-1.png is missing
Warning: attachment security-security-comprehe-81664-e-network-errors-gracefully-webkit/video.webm is missing]]>
</system-err>
</testcase>
<testcase name="Security Comprehensive Tests › Error Handling and Information Disclosure › should handle malformed responses securely" classname="security/security-comprehensive.spec.ts" time="0.581">
<failure message="security-comprehensive.spec.ts:278:9 should handle malformed responses securely" type="FAILURE">
<![CDATA[  [webkit] › security/security-comprehensive.spec.ts:278:9 › Security Comprehensive Tests › Error Handling and Information Disclosure › should handle malformed responses securely 

    Error: page.goto: Could not connect to the server.
    Call log:
      - navigating to "http://localhost:3000/", waiting until "load"


       at utils/playwright-helpers.ts:66

      64 |
      65 |   async navigateToLogin(): Promise<void> {
    > 66 |     await this.page.goto('/')
         |                     ^
      67 |     await expect(this.page.locator('h1:has-text("🔐 RobPass")')).toBeVisible()
      68 |   }
      69 |
        at AuthHelpers.navigateToLogin (/Users/rshirts/repos/robpass/tests/utils/playwright-helpers.ts:66:21)
        at /Users/rshirts/repos/robpass/tests/security/security-comprehensive.spec.ts:27:23

    attachment #1: screenshot (image/png) ──────────────────────────────────────────────────────────
    ../test-results/security-security-comprehe-4c5cf-alformed-responses-securely-webkit/test-failed-1.png
    ────────────────────────────────────────────────────────────────────────────────────────────────

    attachment #2: video (video/webm) ──────────────────────────────────────────────────────────────
    ../test-results/security-security-comprehe-4c5cf-alformed-responses-securely-webkit/video.webm
    ────────────────────────────────────────────────────────────────────────────────────────────────
]]>
</failure>
<system-err>
<![CDATA[
Warning: attachment security-security-comprehe-4c5cf-alformed-responses-securely-webkit/test-failed-1.png is missing
Warning: attachment security-security-comprehe-4c5cf-alformed-responses-securely-webkit/video.webm is missing]]>
</system-err>
</testcase>
<testcase name="Security Comprehensive Tests › Session Security › should expire sessions after inactivity" classname="security/security-comprehensive.spec.ts" time="0.579">
<failure message="security-comprehensive.spec.ts:304:9 should expire sessions after inactivity" type="FAILURE">
<![CDATA[  [webkit] › security/security-comprehensive.spec.ts:304:9 › Security Comprehensive Tests › Session Security › should expire sessions after inactivity 

    Error: page.goto: Could not connect to the server.
    Call log:
      - navigating to "http://localhost:3000/", waiting until "load"


       at utils/playwright-helpers.ts:66

      64 |
      65 |   async navigateToLogin(): Promise<void> {
    > 66 |     await this.page.goto('/')
         |                     ^
      67 |     await expect(this.page.locator('h1:has-text("🔐 RobPass")')).toBeVisible()
      68 |   }
      69 |
        at AuthHelpers.navigateToLogin (/Users/rshirts/repos/robpass/tests/utils/playwright-helpers.ts:66:21)
        at /Users/rshirts/repos/robpass/tests/security/security-comprehensive.spec.ts:27:23

    attachment #1: screenshot (image/png) ──────────────────────────────────────────────────────────
    ../test-results/security-security-comprehe-d2334-e-sessions-after-inactivity-webkit/test-failed-1.png
    ────────────────────────────────────────────────────────────────────────────────────────────────

    attachment #2: video (video/webm) ──────────────────────────────────────────────────────────────
    ../test-results/security-security-comprehe-d2334-e-sessions-after-inactivity-webkit/video.webm
    ────────────────────────────────────────────────────────────────────────────────────────────────
]]>
</failure>
<system-err>
<![CDATA[
Warning: attachment security-security-comprehe-d2334-e-sessions-after-inactivity-webkit/test-failed-1.png is missing
Warning: attachment security-security-comprehe-d2334-e-sessions-after-inactivity-webkit/video.webm is missing]]>
</system-err>
</testcase>
<testcase name="Security Comprehensive Tests › Session Security › should clear sensitive data on page unload" classname="security/security-comprehensive.spec.ts" time="0.609">
<failure message="security-comprehensive.spec.ts:325:9 should clear sensitive data on page unload" type="FAILURE">
<![CDATA[  [webkit] › security/security-comprehensive.spec.ts:325:9 › Security Comprehensive Tests › Session Security › should clear sensitive data on page unload 

    Error: page.goto: Could not connect to the server.
    Call log:
      - navigating to "http://localhost:3000/", waiting until "load"


       at utils/playwright-helpers.ts:66

      64 |
      65 |   async navigateToLogin(): Promise<void> {
    > 66 |     await this.page.goto('/')
         |                     ^
      67 |     await expect(this.page.locator('h1:has-text("🔐 RobPass")')).toBeVisible()
      68 |   }
      69 |
        at AuthHelpers.navigateToLogin (/Users/rshirts/repos/robpass/tests/utils/playwright-helpers.ts:66:21)
        at /Users/rshirts/repos/robpass/tests/security/security-comprehensive.spec.ts:27:23

    attachment #1: screenshot (image/png) ──────────────────────────────────────────────────────────
    ../test-results/security-security-comprehe-ae70e-nsitive-data-on-page-unload-webkit/test-failed-1.png
    ────────────────────────────────────────────────────────────────────────────────────────────────

    attachment #2: video (video/webm) ──────────────────────────────────────────────────────────────
    ../test-results/security-security-comprehe-ae70e-nsitive-data-on-page-unload-webkit/video.webm
    ────────────────────────────────────────────────────────────────────────────────────────────────
]]>
</failure>
<system-err>
<![CDATA[
Warning: attachment security-security-comprehe-ae70e-nsitive-data-on-page-unload-webkit/test-failed-1.png is missing
Warning: attachment security-security-comprehe-ae70e-nsitive-data-on-page-unload-webkit/video.webm is missing]]>
</system-err>
</testcase>
<testcase name="Security Comprehensive Tests › Session Security › should prevent concurrent sessions" classname="security/security-comprehensive.spec.ts" time="0.603">
<failure message="security-comprehensive.spec.ts:343:9 should prevent concurrent sessions" type="FAILURE">
<![CDATA[  [webkit] › security/security-comprehensive.spec.ts:343:9 › Security Comprehensive Tests › Session Security › should prevent concurrent sessions 

    Error: page.goto: Could not connect to the server.
    Call log:
      - navigating to "http://localhost:3000/", waiting until "load"


       at utils/playwright-helpers.ts:66

      64 |
      65 |   async navigateToLogin(): Promise<void> {
    > 66 |     await this.page.goto('/')
         |                     ^
      67 |     await expect(this.page.locator('h1:has-text("🔐 RobPass")')).toBeVisible()
      68 |   }
      69 |
        at AuthHelpers.navigateToLogin (/Users/rshirts/repos/robpass/tests/utils/playwright-helpers.ts:66:21)
        at /Users/rshirts/repos/robpass/tests/security/security-comprehensive.spec.ts:27:23

    attachment #1: screenshot (image/png) ──────────────────────────────────────────────────────────
    ../test-results/security-security-comprehe-7f37b-prevent-concurrent-sessions-webkit/test-failed-1.png
    ────────────────────────────────────────────────────────────────────────────────────────────────

    attachment #2: video (video/webm) ──────────────────────────────────────────────────────────────
    ../test-results/security-security-comprehe-7f37b-prevent-concurrent-sessions-webkit/video.webm
    ────────────────────────────────────────────────────────────────────────────────────────────────
]]>
</failure>
<system-err>
<![CDATA[
Warning: attachment security-security-comprehe-7f37b-prevent-concurrent-sessions-webkit/test-failed-1.png is missing
Warning: attachment security-security-comprehe-7f37b-prevent-concurrent-sessions-webkit/video.webm is missing]]>
</system-err>
</testcase>
<testcase name="Security Comprehensive Tests › Input Validation and Sanitization › should sanitize user inputs" classname="security/security-comprehensive.spec.ts" time="0.701">
<failure message="security-comprehensive.spec.ts:366:9 should sanitize user inputs" type="FAILURE">
<![CDATA[  [webkit] › security/security-comprehensive.spec.ts:366:9 › Security Comprehensive Tests › Input Validation and Sanitization › should sanitize user inputs 

    Error: page.goto: Could not connect to the server.
    Call log:
      - navigating to "http://localhost:3000/", waiting until "load"


       at utils/playwright-helpers.ts:66

      64 |
      65 |   async navigateToLogin(): Promise<void> {
    > 66 |     await this.page.goto('/')
         |                     ^
      67 |     await expect(this.page.locator('h1:has-text("🔐 RobPass")')).toBeVisible()
      68 |   }
      69 |
        at AuthHelpers.navigateToLogin (/Users/rshirts/repos/robpass/tests/utils/playwright-helpers.ts:66:21)
        at /Users/rshirts/repos/robpass/tests/security/security-comprehensive.spec.ts:27:23

    attachment #1: screenshot (image/png) ──────────────────────────────────────────────────────────
    ../test-results/security-security-comprehe-5dda0-should-sanitize-user-inputs-webkit/test-failed-1.png
    ────────────────────────────────────────────────────────────────────────────────────────────────

    attachment #2: video (video/webm) ──────────────────────────────────────────────────────────────
    ../test-results/security-security-comprehe-5dda0-should-sanitize-user-inputs-webkit/video.webm
    ────────────────────────────────────────────────────────────────────────────────────────────────
]]>
</failure>
<system-err>
<![CDATA[
Warning: attachment security-security-comprehe-5dda0-should-sanitize-user-inputs-webkit/test-failed-1.png is missing
Warning: attachment security-security-comprehe-5dda0-should-sanitize-user-inputs-webkit/video.webm is missing]]>
</system-err>
</testcase>
<testcase name="Security Comprehensive Tests › Input Validation and Sanitization › should validate input lengths" classname="security/security-comprehensive.spec.ts" time="0.6">
<failure message="security-comprehensive.spec.ts:399:9 should validate input lengths" type="FAILURE">
<![CDATA[  [webkit] › security/security-comprehensive.spec.ts:399:9 › Security Comprehensive Tests › Input Validation and Sanitization › should validate input lengths 

    Error: page.goto: Could not connect to the server.
    Call log:
      - navigating to "http://localhost:3000/", waiting until "load"


       at utils/playwright-helpers.ts:66

      64 |
      65 |   async navigateToLogin(): Promise<void> {
    > 66 |     await this.page.goto('/')
         |                     ^
      67 |     await expect(this.page.locator('h1:has-text("🔐 RobPass")')).toBeVisible()
      68 |   }
      69 |
        at AuthHelpers.navigateToLogin (/Users/rshirts/repos/robpass/tests/utils/playwright-helpers.ts:66:21)
        at /Users/rshirts/repos/robpass/tests/security/security-comprehensive.spec.ts:27:23

    attachment #1: screenshot (image/png) ──────────────────────────────────────────────────────────
    ../test-results/security-security-comprehe-e5ea1-ould-validate-input-lengths-webkit/test-failed-1.png
    ────────────────────────────────────────────────────────────────────────────────────────────────

    attachment #2: video (video/webm) ──────────────────────────────────────────────────────────────
    ../test-results/security-security-comprehe-e5ea1-ould-validate-input-lengths-webkit/video.webm
    ────────────────────────────────────────────────────────────────────────────────────────────────
]]>
</failure>
<system-err>
<![CDATA[
Warning: attachment security-security-comprehe-e5ea1-ould-validate-input-lengths-webkit/test-failed-1.png is missing
Warning: attachment security-security-comprehe-e5ea1-ould-validate-input-lengths-webkit/video.webm is missing]]>
</system-err>
</testcase>
</testsuite>
<testsuite name="security-validation.spec.ts" timestamp="2025-07-30T06:44:37.434Z" hostname="webkit" tests="8" failures="8" skipped="0" time="4.712" errors="0">
<testcase name="Core Security Validation › should demonstrate complete security flow - happy path" classname="security-validation.spec.ts" time="0.603">
<failure message="security-validation.spec.ts:8:7 should demonstrate complete security flow - happy path" type="FAILURE">
<![CDATA[  [webkit] › security-validation.spec.ts:8:7 › Core Security Validation › should demonstrate complete security flow - happy path 

    Error: page.goto: Could not connect to the server.
    Call log:
      - navigating to "http://localhost:3000/", waiting until "load"


      3 | test.describe('Core Security Validation', () => {
      4 |   test.beforeEach(async ({ page }) => {
    > 5 |     await page.goto('/');
        |                ^
      6 |   });
      7 |
      8 |   test('should demonstrate complete security flow - happy path', async ({ page }) => {
        at /Users/rshirts/repos/robpass/tests/security-validation.spec.ts:5:16

    attachment #1: screenshot (image/png) ──────────────────────────────────────────────────────────
    ../test-results/security-validation-Core-S-4d2c1--security-flow---happy-path-webkit/test-failed-1.png
    ────────────────────────────────────────────────────────────────────────────────────────────────

    attachment #2: video (video/webm) ──────────────────────────────────────────────────────────────
    ../test-results/security-validation-Core-S-4d2c1--security-flow---happy-path-webkit/video.webm
    ────────────────────────────────────────────────────────────────────────────────────────────────
]]>
</failure>
<system-err>
<![CDATA[
Warning: attachment security-validation-Core-S-4d2c1--security-flow---happy-path-webkit/test-failed-1.png is missing
Warning: attachment security-validation-Core-S-4d2c1--security-flow---happy-path-webkit/video.webm is missing]]>
</system-err>
</testcase>
<testcase name="Core Security Validation › should reject wrong password - security validation" classname="security-validation.spec.ts" time="0.594">
<failure message="security-validation.spec.ts:60:7 should reject wrong password - security validation" type="FAILURE">
<![CDATA[  [webkit] › security-validation.spec.ts:60:7 › Core Security Validation › should reject wrong password - security validation 

    Error: page.goto: Could not connect to the server.
    Call log:
      - navigating to "http://localhost:3000/", waiting until "load"


      3 | test.describe('Core Security Validation', () => {
      4 |   test.beforeEach(async ({ page }) => {
    > 5 |     await page.goto('/');
        |                ^
      6 |   });
      7 |
      8 |   test('should demonstrate complete security flow - happy path', async ({ page }) => {
        at /Users/rshirts/repos/robpass/tests/security-validation.spec.ts:5:16

    attachment #1: screenshot (image/png) ──────────────────────────────────────────────────────────
    ../test-results/security-validation-Core-S-412b8-sword---security-validation-webkit/test-failed-1.png
    ────────────────────────────────────────────────────────────────────────────────────────────────

    attachment #2: video (video/webm) ──────────────────────────────────────────────────────────────
    ../test-results/security-validation-Core-S-412b8-sword---security-validation-webkit/video.webm
    ────────────────────────────────────────────────────────────────────────────────────────────────
]]>
</failure>
<system-err>
<![CDATA[
Warning: attachment security-validation-Core-S-412b8-sword---security-validation-webkit/test-failed-1.png is missing
Warning: attachment security-validation-Core-S-412b8-sword---security-validation-webkit/video.webm is missing]]>
</system-err>
</testcase>
<testcase name="Core Security Validation › should prevent unauthorized API access" classname="security-validation.spec.ts" time="0.588">
<failure message="security-validation.spec.ts:90:7 should prevent unauthorized API access" type="FAILURE">
<![CDATA[  [webkit] › security-validation.spec.ts:90:7 › Core Security Validation › should prevent unauthorized API access 

    Error: page.goto: Could not connect to the server.
    Call log:
      - navigating to "http://localhost:3000/", waiting until "load"


      3 | test.describe('Core Security Validation', () => {
      4 |   test.beforeEach(async ({ page }) => {
    > 5 |     await page.goto('/');
        |                ^
      6 |   });
      7 |
      8 |   test('should demonstrate complete security flow - happy path', async ({ page }) => {
        at /Users/rshirts/repos/robpass/tests/security-validation.spec.ts:5:16

    attachment #1: screenshot (image/png) ──────────────────────────────────────────────────────────
    ../test-results/security-validation-Core-S-d31a3-ent-unauthorized-API-access-webkit/test-failed-1.png
    ────────────────────────────────────────────────────────────────────────────────────────────────

    attachment #2: video (video/webm) ──────────────────────────────────────────────────────────────
    ../test-results/security-validation-Core-S-d31a3-ent-unauthorized-API-access-webkit/video.webm
    ────────────────────────────────────────────────────────────────────────────────────────────────
]]>
</failure>
<system-err>
<![CDATA[
Warning: attachment security-validation-Core-S-d31a3-ent-unauthorized-API-access-webkit/test-failed-1.png is missing
Warning: attachment security-validation-Core-S-d31a3-ent-unauthorized-API-access-webkit/video.webm is missing]]>
</system-err>
</testcase>
<testcase name="Core Security Validation › should prevent vault item creation without authentication" classname="security-validation.spec.ts" time="0.558">
<failure message="security-validation.spec.ts:100:7 should prevent vault item creation without authentication" type="FAILURE">
<![CDATA[  [webkit] › security-validation.spec.ts:100:7 › Core Security Validation › should prevent vault item creation without authentication 

    Error: page.goto: Could not connect to the server.
    Call log:
      - navigating to "http://localhost:3000/", waiting until "load"


      3 | test.describe('Core Security Validation', () => {
      4 |   test.beforeEach(async ({ page }) => {
    > 5 |     await page.goto('/');
        |                ^
      6 |   });
      7 |
      8 |   test('should demonstrate complete security flow - happy path', async ({ page }) => {
        at /Users/rshirts/repos/robpass/tests/security-validation.spec.ts:5:16

    attachment #1: screenshot (image/png) ──────────────────────────────────────────────────────────
    ../test-results/security-validation-Core-S-0c607-tion-without-authentication-webkit/test-failed-1.png
    ────────────────────────────────────────────────────────────────────────────────────────────────

    attachment #2: video (video/webm) ──────────────────────────────────────────────────────────────
    ../test-results/security-validation-Core-S-0c607-tion-without-authentication-webkit/video.webm
    ────────────────────────────────────────────────────────────────────────────────────────────────
]]>
</failure>
<system-err>
<![CDATA[
Warning: attachment security-validation-Core-S-0c607-tion-without-authentication-webkit/test-failed-1.png is missing
Warning: attachment security-validation-Core-S-0c607-tion-without-authentication-webkit/video.webm is missing]]>
</system-err>
</testcase>
<testcase name="Core Security Validation › should isolate users - cannot access other users vault items" classname="security-validation.spec.ts" time="0.588">
<failure message="security-validation.spec.ts:115:7 should isolate users - cannot access other users vault items" type="FAILURE">
<![CDATA[  [webkit] › security-validation.spec.ts:115:7 › Core Security Validation › should isolate users - cannot access other users vault items 

    Error: page.goto: Could not connect to the server.
    Call log:
      - navigating to "http://localhost:3000/", waiting until "load"


      3 | test.describe('Core Security Validation', () => {
      4 |   test.beforeEach(async ({ page }) => {
    > 5 |     await page.goto('/');
        |                ^
      6 |   });
      7 |
      8 |   test('should demonstrate complete security flow - happy path', async ({ page }) => {
        at /Users/rshirts/repos/robpass/tests/security-validation.spec.ts:5:16

    attachment #1: screenshot (image/png) ──────────────────────────────────────────────────────────
    ../test-results/security-validation-Core-S-5dfc8-ess-other-users-vault-items-webkit/test-failed-1.png
    ────────────────────────────────────────────────────────────────────────────────────────────────

    attachment #2: video (video/webm) ──────────────────────────────────────────────────────────────
    ../test-results/security-validation-Core-S-5dfc8-ess-other-users-vault-items-webkit/video.webm
    ────────────────────────────────────────────────────────────────────────────────────────────────
]]>
</failure>
<system-err>
<![CDATA[
Warning: attachment security-validation-Core-S-5dfc8-ess-other-users-vault-items-webkit/test-failed-1.png is missing
Warning: attachment security-validation-Core-S-5dfc8-ess-other-users-vault-items-webkit/video.webm is missing]]>
</system-err>
</testcase>
<testcase name="Core Security Validation › should validate registration input - weak password rejection" classname="security-validation.spec.ts" time="0.615">
<failure message="security-validation.spec.ts:152:7 should validate registration input - weak password rejection" type="FAILURE">
<![CDATA[  [webkit] › security-validation.spec.ts:152:7 › Core Security Validation › should validate registration input - weak password rejection 

    Error: page.goto: Could not connect to the server.
    Call log:
      - navigating to "http://localhost:3000/", waiting until "load"


      3 | test.describe('Core Security Validation', () => {
      4 |   test.beforeEach(async ({ page }) => {
    > 5 |     await page.goto('/');
        |                ^
      6 |   });
      7 |
      8 |   test('should demonstrate complete security flow - happy path', async ({ page }) => {
        at /Users/rshirts/repos/robpass/tests/security-validation.spec.ts:5:16

    attachment #1: screenshot (image/png) ──────────────────────────────────────────────────────────
    ../test-results/security-validation-Core-S-7b8ba-t---weak-password-rejection-webkit/test-failed-1.png
    ────────────────────────────────────────────────────────────────────────────────────────────────

    attachment #2: video (video/webm) ──────────────────────────────────────────────────────────────
    ../test-results/security-validation-Core-S-7b8ba-t---weak-password-rejection-webkit/video.webm
    ────────────────────────────────────────────────────────────────────────────────────────────────
]]>
</failure>
<system-err>
<![CDATA[
Warning: attachment security-validation-Core-S-7b8ba-t---weak-password-rejection-webkit/test-failed-1.png is missing
Warning: attachment security-validation-Core-S-7b8ba-t---weak-password-rejection-webkit/video.webm is missing]]>
</system-err>
</testcase>
<testcase name="Core Security Validation › should validate registration input - password mismatch" classname="security-validation.spec.ts" time="0.594">
<failure message="security-validation.spec.ts:163:7 should validate registration input - password mismatch" type="FAILURE">
<![CDATA[  [webkit] › security-validation.spec.ts:163:7 › Core Security Validation › should validate registration input - password mismatch 

    Error: page.goto: Could not connect to the server.
    Call log:
      - navigating to "http://localhost:3000/", waiting until "load"


      3 | test.describe('Core Security Validation', () => {
      4 |   test.beforeEach(async ({ page }) => {
    > 5 |     await page.goto('/');
        |                ^
      6 |   });
      7 |
      8 |   test('should demonstrate complete security flow - happy path', async ({ page }) => {
        at /Users/rshirts/repos/robpass/tests/security-validation.spec.ts:5:16

    attachment #1: screenshot (image/png) ──────────────────────────────────────────────────────────
    ../test-results/security-validation-Core-S-75b11-n-input---password-mismatch-webkit/test-failed-1.png
    ────────────────────────────────────────────────────────────────────────────────────────────────

    attachment #2: video (video/webm) ──────────────────────────────────────────────────────────────
    ../test-results/security-validation-Core-S-75b11-n-input---password-mismatch-webkit/video.webm
    ────────────────────────────────────────────────────────────────────────────────────────────────
]]>
</failure>
<system-err>
<![CDATA[
Warning: attachment security-validation-Core-S-75b11-n-input---password-mismatch-webkit/test-failed-1.png is missing
Warning: attachment security-validation-Core-S-75b11-n-input---password-mismatch-webkit/video.webm is missing]]>
</system-err>
</testcase>
<testcase name="Core Security Validation › should reject non-existent user login" classname="security-validation.spec.ts" time="0.572">
<failure message="security-validation.spec.ts:174:7 should reject non-existent user login" type="FAILURE">
<![CDATA[  [webkit] › security-validation.spec.ts:174:7 › Core Security Validation › should reject non-existent user login 

    Error: page.goto: Could not connect to the server.
    Call log:
      - navigating to "http://localhost:3000/", waiting until "load"


      3 | test.describe('Core Security Validation', () => {
      4 |   test.beforeEach(async ({ page }) => {
    > 5 |     await page.goto('/');
        |                ^
      6 |   });
      7 |
      8 |   test('should demonstrate complete security flow - happy path', async ({ page }) => {
        at /Users/rshirts/repos/robpass/tests/security-validation.spec.ts:5:16

    attachment #1: screenshot (image/png) ──────────────────────────────────────────────────────────
    ../test-results/security-validation-Core-S-d9074-ect-non-existent-user-login-webkit/test-failed-1.png
    ────────────────────────────────────────────────────────────────────────────────────────────────

    attachment #2: video (video/webm) ──────────────────────────────────────────────────────────────
    ../test-results/security-validation-Core-S-d9074-ect-non-existent-user-login-webkit/video.webm
    ────────────────────────────────────────────────────────────────────────────────────────────────
]]>
</failure>
<system-err>
<![CDATA[
Warning: attachment security-validation-Core-S-d9074-ect-non-existent-user-login-webkit/test-failed-1.png is missing
Warning: attachment security-validation-Core-S-d9074-ect-non-existent-user-login-webkit/video.webm is missing]]>
</system-err>
</testcase>
</testsuite>
<testsuite name="vault-security.spec.ts" timestamp="2025-07-30T06:44:37.434Z" hostname="webkit" tests="10" failures="10" skipped="0" time="5.563" errors="0">
<testcase name="Vault Security Tests › Happy Path - Vault Operations › should successfully create, view, edit, and delete vault items" classname="vault-security.spec.ts" time="0.582">
<failure message="vault-security.spec.ts:29:9 should successfully create, view, edit, and delete vault items" type="FAILURE">
<![CDATA[  [webkit] › vault-security.spec.ts:29:9 › Vault Security Tests › Happy Path - Vault Operations › should successfully create, view, edit, and delete vault items 

    Error: page.goto: Could not connect to the server.
    Call log:
      - navigating to "http://localhost:3000/", waiting until "load"


      4 |   // Helper function to register and login a user
      5 |   async function registerAndLogin(page: any, username: string, password: string) {
    > 6 |     await page.goto('/');
        |                ^
      7 |     await page.getByRole('button', { name: 'Create Account' }).click();
      8 |     await page.getByRole('textbox', { name: 'Username' }).fill(username);
      9 |     await page.getByRole('textbox', { name: 'Password', exact: true }).fill(password);
        at registerAndLogin (/Users/rshirts/repos/robpass/tests/vault-security.spec.ts:6:16)
        at /Users/rshirts/repos/robpass/tests/vault-security.spec.ts:34:13

    attachment #1: screenshot (image/png) ──────────────────────────────────────────────────────────
    ../test-results/vault-security-Vault-Secur-12bfa-edit-and-delete-vault-items-webkit/test-failed-1.png
    ────────────────────────────────────────────────────────────────────────────────────────────────

    attachment #2: video (video/webm) ──────────────────────────────────────────────────────────────
    ../test-results/vault-security-Vault-Secur-12bfa-edit-and-delete-vault-items-webkit/video.webm
    ────────────────────────────────────────────────────────────────────────────────────────────────
]]>
</failure>
<system-err>
<![CDATA[
Warning: attachment vault-security-Vault-Secur-12bfa-edit-and-delete-vault-items-webkit/test-failed-1.png is missing
Warning: attachment vault-security-Vault-Secur-12bfa-edit-and-delete-vault-items-webkit/video.webm is missing]]>
</system-err>
</testcase>
<testcase name="Vault Security Tests › Happy Path - Vault Operations › should support multiple vault items with search" classname="vault-security.spec.ts" time="0.574">
<failure message="vault-security.spec.ts:66:9 should support multiple vault items with search" type="FAILURE">
<![CDATA[  [webkit] › vault-security.spec.ts:66:9 › Vault Security Tests › Happy Path - Vault Operations › should support multiple vault items with search 

    Error: page.goto: Could not connect to the server.
    Call log:
      - navigating to "http://localhost:3000/", waiting until "load"


      4 |   // Helper function to register and login a user
      5 |   async function registerAndLogin(page: any, username: string, password: string) {
    > 6 |     await page.goto('/');
        |                ^
      7 |     await page.getByRole('button', { name: 'Create Account' }).click();
      8 |     await page.getByRole('textbox', { name: 'Username' }).fill(username);
      9 |     await page.getByRole('textbox', { name: 'Password', exact: true }).fill(password);
        at registerAndLogin (/Users/rshirts/repos/robpass/tests/vault-security.spec.ts:6:16)
        at /Users/rshirts/repos/robpass/tests/vault-security.spec.ts:71:13

    attachment #1: screenshot (image/png) ──────────────────────────────────────────────────────────
    ../test-results/vault-security-Vault-Secur-2f38a-ple-vault-items-with-search-webkit/test-failed-1.png
    ────────────────────────────────────────────────────────────────────────────────────────────────

    attachment #2: video (video/webm) ──────────────────────────────────────────────────────────────
    ../test-results/vault-security-Vault-Secur-2f38a-ple-vault-items-with-search-webkit/video.webm
    ────────────────────────────────────────────────────────────────────────────────────────────────
]]>
</failure>
<system-err>
<![CDATA[
Warning: attachment vault-security-Vault-Secur-2f38a-ple-vault-items-with-search-webkit/test-failed-1.png is missing
Warning: attachment vault-security-Vault-Secur-2f38a-ple-vault-items-with-search-webkit/video.webm is missing]]>
</system-err>
</testcase>
<testcase name="Vault Security Tests › Happy Path - Vault Operations › should generate secure passwords" classname="vault-security.spec.ts" time="0.573">
<failure message="vault-security.spec.ts:94:9 should generate secure passwords" type="FAILURE">
<![CDATA[  [webkit] › vault-security.spec.ts:94:9 › Vault Security Tests › Happy Path - Vault Operations › should generate secure passwords 

    Error: page.goto: Could not connect to the server.
    Call log:
      - navigating to "http://localhost:3000/", waiting until "load"


      4 |   // Helper function to register and login a user
      5 |   async function registerAndLogin(page: any, username: string, password: string) {
    > 6 |     await page.goto('/');
        |                ^
      7 |     await page.getByRole('button', { name: 'Create Account' }).click();
      8 |     await page.getByRole('textbox', { name: 'Username' }).fill(username);
      9 |     await page.getByRole('textbox', { name: 'Password', exact: true }).fill(password);
        at registerAndLogin (/Users/rshirts/repos/robpass/tests/vault-security.spec.ts:6:16)
        at /Users/rshirts/repos/robpass/tests/vault-security.spec.ts:99:13

    attachment #1: screenshot (image/png) ──────────────────────────────────────────────────────────
    ../test-results/vault-security-Vault-Secur-b2ed3-d-generate-secure-passwords-webkit/test-failed-1.png
    ────────────────────────────────────────────────────────────────────────────────────────────────

    attachment #2: video (video/webm) ──────────────────────────────────────────────────────────────
    ../test-results/vault-security-Vault-Secur-b2ed3-d-generate-secure-passwords-webkit/video.webm
    ────────────────────────────────────────────────────────────────────────────────────────────────
]]>
</failure>
<system-err>
<![CDATA[
Warning: attachment vault-security-Vault-Secur-b2ed3-d-generate-secure-passwords-webkit/test-failed-1.png is missing
Warning: attachment vault-security-Vault-Secur-b2ed3-d-generate-secure-passwords-webkit/video.webm is missing]]>
</system-err>
</testcase>
<testcase name="Vault Security Tests › Unhappy Path - Vault Security › should not allow access to vault without authentication" classname="vault-security.spec.ts" time="0.865">
<failure message="vault-security.spec.ts:125:9 should not allow access to vault without authentication" type="FAILURE">
<![CDATA[  [webkit] › vault-security.spec.ts:125:9 › Vault Security Tests › Unhappy Path - Vault Security › should not allow access to vault without authentication 

    Error: apiRequestContext.get: connect ECONNREFUSED ::1:3000
    Call log:
      - → GET http://localhost:3000/api/vault/items
        - user-agent: Mozilla/5.0 (Macintosh; Intel Mac OS X 10_15_7) AppleWebKit/605.1.15 (KHTML, like Gecko) Version/26.0 Safari/605.1.15
        - accept: */*
        - accept-encoding: gzip,deflate,br

        at apiRequestContext.get: connect ECONNREFUSED ::1:3000
        at /Users/rshirts/repos/robpass/tests/vault-security.spec.ts:127:43

    attachment #1: screenshot (image/png) ──────────────────────────────────────────────────────────
    ../test-results/vault-security-Vault-Secur-c7da9-ault-without-authentication-webkit/test-failed-1.png
    ────────────────────────────────────────────────────────────────────────────────────────────────

    attachment #2: video (video/webm) ──────────────────────────────────────────────────────────────
    ../test-results/vault-security-Vault-Secur-c7da9-ault-without-authentication-webkit/video.webm
    ────────────────────────────────────────────────────────────────────────────────────────────────
]]>
</failure>
<system-err>
<![CDATA[
Warning: attachment vault-security-Vault-Secur-c7da9-ault-without-authentication-webkit/test-failed-1.png is missing
Warning: attachment vault-security-Vault-Secur-c7da9-ault-without-authentication-webkit/video.webm is missing]]>
</system-err>
</testcase>
<testcase name="Vault Security Tests › Unhappy Path - Vault Security › should not allow creating vault items without authentication" classname="vault-security.spec.ts" time="0.769">
<failure message="vault-security.spec.ts:135:9 should not allow creating vault items without authentication" type="FAILURE">
<![CDATA[  [webkit] › vault-security.spec.ts:135:9 › Vault Security Tests › Unhappy Path - Vault Security › should not allow creating vault items without authentication 

    Error: apiRequestContext.post: connect ECONNREFUSED ::1:3000
    Call log:
      - → POST http://localhost:3000/api/vault/items
        - user-agent: Mozilla/5.0 (Macintosh; Intel Mac OS X 10_15_7) AppleWebKit/605.1.15 (KHTML, like Gecko) Version/26.0 Safari/605.1.15
        - accept: */*
        - accept-encoding: gzip,deflate,br
        - content-type: application/json
        - content-length: 82

        at apiRequestContext.post: connect ECONNREFUSED ::1:3000
        at /Users/rshirts/repos/robpass/tests/vault-security.spec.ts:136:43

    attachment #1: screenshot (image/png) ──────────────────────────────────────────────────────────
    ../test-results/vault-security-Vault-Secur-c4b39-tems-without-authentication-webkit/test-failed-1.png
    ────────────────────────────────────────────────────────────────────────────────────────────────

    attachment #2: video (video/webm) ──────────────────────────────────────────────────────────────
    ../test-results/vault-security-Vault-Secur-c4b39-tems-without-authentication-webkit/video.webm
    ────────────────────────────────────────────────────────────────────────────────────────────────
]]>
</failure>
<system-err>
<![CDATA[
Warning: attachment vault-security-Vault-Secur-c4b39-tems-without-authentication-webkit/test-failed-1.png is missing
Warning: attachment vault-security-Vault-Secur-c4b39-tems-without-authentication-webkit/video.webm is missing]]>
</system-err>
</testcase>
<testcase name="Vault Security Tests › Unhappy Path - Vault Security › should validate vault item input data" classname="vault-security.spec.ts" time="0.524">
<failure message="vault-security.spec.ts:150:9 should validate vault item input data" type="FAILURE">
<![CDATA[  [webkit] › vault-security.spec.ts:150:9 › Vault Security Tests › Unhappy Path - Vault Security › should validate vault item input data 

    Error: page.goto: Could not connect to the server.
    Call log:
      - navigating to "http://localhost:3000/", waiting until "load"


      4 |   // Helper function to register and login a user
      5 |   async function registerAndLogin(page: any, username: string, password: string) {
    > 6 |     await page.goto('/');
        |                ^
      7 |     await page.getByRole('button', { name: 'Create Account' }).click();
      8 |     await page.getByRole('textbox', { name: 'Username' }).fill(username);
      9 |     await page.getByRole('textbox', { name: 'Password', exact: true }).fill(password);
        at registerAndLogin (/Users/rshirts/repos/robpass/tests/vault-security.spec.ts:6:16)
        at /Users/rshirts/repos/robpass/tests/vault-security.spec.ts:155:13

    attachment #1: screenshot (image/png) ──────────────────────────────────────────────────────────
    ../test-results/vault-security-Vault-Secur-aba6a-idate-vault-item-input-data-webkit/test-failed-1.png
    ────────────────────────────────────────────────────────────────────────────────────────────────

    attachment #2: video (video/webm) ──────────────────────────────────────────────────────────────
    ../test-results/vault-security-Vault-Secur-aba6a-idate-vault-item-input-data-webkit/video.webm
    ────────────────────────────────────────────────────────────────────────────────────────────────
]]>
</failure>
<system-err>
<![CDATA[
Warning: attachment vault-security-Vault-Secur-aba6a-idate-vault-item-input-data-webkit/test-failed-1.png is missing
Warning: attachment vault-security-Vault-Secur-aba6a-idate-vault-item-input-data-webkit/video.webm is missing]]>
</system-err>
</testcase>
<testcase name="Vault Security Tests › Unhappy Path - Vault Security › should not decrypt vault items with wrong master key" classname="vault-security.spec.ts" time="0.55">
<failure message="vault-security.spec.ts:169:9 should not decrypt vault items with wrong master key" type="FAILURE">
<![CDATA[  [webkit] › vault-security.spec.ts:169:9 › Vault Security Tests › Unhappy Path - Vault Security › should not decrypt vault items with wrong master key 

    Error: page.goto: Could not connect to the server.
    Call log:
      - navigating to "http://localhost:3000/", waiting until "load"


      4 |   // Helper function to register and login a user
      5 |   async function registerAndLogin(page: any, username: string, password: string) {
    > 6 |     await page.goto('/');
        |                ^
      7 |     await page.getByRole('button', { name: 'Create Account' }).click();
      8 |     await page.getByRole('textbox', { name: 'Username' }).fill(username);
      9 |     await page.getByRole('textbox', { name: 'Password', exact: true }).fill(password);
        at registerAndLogin (/Users/rshirts/repos/robpass/tests/vault-security.spec.ts:6:16)
        at /Users/rshirts/repos/robpass/tests/vault-security.spec.ts:177:13

    attachment #1: screenshot (image/png) ──────────────────────────────────────────────────────────
    ../test-results/vault-security-Vault-Secur-7dd8e-items-with-wrong-master-key-webkit/test-failed-1.png
    ────────────────────────────────────────────────────────────────────────────────────────────────

    attachment #2: video (video/webm) ──────────────────────────────────────────────────────────────
    ../test-results/vault-security-Vault-Secur-7dd8e-items-with-wrong-master-key-webkit/video.webm
    ────────────────────────────────────────────────────────────────────────────────────────────────
]]>
</failure>
<system-err>
<![CDATA[
Warning: attachment vault-security-Vault-Secur-7dd8e-items-with-wrong-master-key-webkit/test-failed-1.png is missing
Warning: attachment vault-security-Vault-Secur-7dd8e-items-with-wrong-master-key-webkit/video.webm is missing]]>
</system-err>
</testcase>
<testcase name="Vault Security Tests › Unhappy Path - Vault Security › should handle session expiration gracefully" classname="vault-security.spec.ts" time="0.527">
<failure message="vault-security.spec.ts:195:9 should handle session expiration gracefully" type="FAILURE">
<![CDATA[  [webkit] › vault-security.spec.ts:195:9 › Vault Security Tests › Unhappy Path - Vault Security › should handle session expiration gracefully 

    Error: page.goto: Could not connect to the server.
    Call log:
      - navigating to "http://localhost:3000/", waiting until "load"


      4 |   // Helper function to register and login a user
      5 |   async function registerAndLogin(page: any, username: string, password: string) {
    > 6 |     await page.goto('/');
        |                ^
      7 |     await page.getByRole('button', { name: 'Create Account' }).click();
      8 |     await page.getByRole('textbox', { name: 'Username' }).fill(username);
      9 |     await page.getByRole('textbox', { name: 'Password', exact: true }).fill(password);
        at registerAndLogin (/Users/rshirts/repos/robpass/tests/vault-security.spec.ts:6:16)
        at /Users/rshirts/repos/robpass/tests/vault-security.spec.ts:200:13

    attachment #1: screenshot (image/png) ──────────────────────────────────────────────────────────
    ../test-results/vault-security-Vault-Secur-927aa-ssion-expiration-gracefully-webkit/test-failed-1.png
    ────────────────────────────────────────────────────────────────────────────────────────────────

    attachment #2: video (video/webm) ──────────────────────────────────────────────────────────────
    ../test-results/vault-security-Vault-Secur-927aa-ssion-expiration-gracefully-webkit/video.webm
    ────────────────────────────────────────────────────────────────────────────────────────────────
]]>
</failure>
<system-err>
<![CDATA[
Warning: attachment vault-security-Vault-Secur-927aa-ssion-expiration-gracefully-webkit/test-failed-1.png is missing
Warning: attachment vault-security-Vault-Secur-927aa-ssion-expiration-gracefully-webkit/video.webm is missing]]>
</system-err>
</testcase>
<testcase name="Vault Security Tests › Unhappy Path - Vault Security › should prevent unauthorized vault item access via API" classname="vault-security.spec.ts" time="0.363">
<failure message="vault-security.spec.ts:217:9 should prevent unauthorized vault item access via API" type="FAILURE">
<![CDATA[  [webkit] › vault-security.spec.ts:217:9 › Vault Security Tests › Unhappy Path - Vault Security › should prevent unauthorized vault item access via API 

    Error: page.goto: Could not connect to the server.
    Call log:
      - navigating to "http://localhost:3000/", waiting until "load"


      4 |   // Helper function to register and login a user
      5 |   async function registerAndLogin(page: any, username: string, password: string) {
    > 6 |     await page.goto('/');
        |                ^
      7 |     await page.getByRole('button', { name: 'Create Account' }).click();
      8 |     await page.getByRole('textbox', { name: 'Username' }).fill(username);
      9 |     await page.getByRole('textbox', { name: 'Password', exact: true }).fill(password);
        at registerAndLogin (/Users/rshirts/repos/robpass/tests/vault-security.spec.ts:6:16)
        at /Users/rshirts/repos/robpass/tests/vault-security.spec.ts:224:13

    attachment #1: screenshot (image/png) ──────────────────────────────────────────────────────────
    ../test-results/vault-security-Vault-Secur-458ef-d-vault-item-access-via-API-webkit/test-failed-1.png
    ────────────────────────────────────────────────────────────────────────────────────────────────

    attachment #2: video (video/webm) ──────────────────────────────────────────────────────────────
    ../test-results/vault-security-Vault-Secur-458ef-d-vault-item-access-via-API-webkit/video.webm
    ────────────────────────────────────────────────────────────────────────────────────────────────
]]>
</failure>
<system-err>
<![CDATA[
Warning: attachment vault-security-Vault-Secur-458ef-d-vault-item-access-via-API-webkit/test-failed-1.png is missing
Warning: attachment vault-security-Vault-Secur-458ef-d-vault-item-access-via-API-webkit/video.webm is missing]]>
</system-err>
</testcase>
<testcase name="Vault Security Tests › Unhappy Path - Vault Security › should validate password strength requirements" classname="vault-security.spec.ts" time="0.236">
<failure message="vault-security.spec.ts:251:9 should validate password strength requirements" type="FAILURE">
<![CDATA[  [webkit] › vault-security.spec.ts:251:9 › Vault Security Tests › Unhappy Path - Vault Security › should validate password strength requirements 

    Error: page.goto: Could not connect to the server.
    Call log:
      - navigating to "http://localhost:3000/", waiting until "load"


      4 |   // Helper function to register and login a user
      5 |   async function registerAndLogin(page: any, username: string, password: string) {
    > 6 |     await page.goto('/');
        |                ^
      7 |     await page.getByRole('button', { name: 'Create Account' }).click();
      8 |     await page.getByRole('textbox', { name: 'Username' }).fill(username);
      9 |     await page.getByRole('textbox', { name: 'Password', exact: true }).fill(password);
        at registerAndLogin (/Users/rshirts/repos/robpass/tests/vault-security.spec.ts:6:16)
        at /Users/rshirts/repos/robpass/tests/vault-security.spec.ts:256:13

    attachment #1: screenshot (image/png) ──────────────────────────────────────────────────────────
    ../test-results/vault-security-Vault-Secur-80170-sword-strength-requirements-webkit/test-failed-1.png
    ────────────────────────────────────────────────────────────────────────────────────────────────

    attachment #2: video (video/webm) ──────────────────────────────────────────────────────────────
    ../test-results/vault-security-Vault-Secur-80170-sword-strength-requirements-webkit/video.webm
    ────────────────────────────────────────────────────────────────────────────────────────────────
]]>
</failure>
<system-err>
<![CDATA[
Warning: attachment vault-security-Vault-Secur-80170-sword-strength-requirements-webkit/test-failed-1.png is missing
Warning: attachment vault-security-Vault-Secur-80170-sword-strength-requirements-webkit/video.webm is missing]]>
</system-err>
</testcase>
</testsuite>
</testsuites>